Component: Arm Compiler for Embedded 6.24 Tool: armlink [5f371500]

==============================================================================

Section Cross References

    startup_stm32f103xb.o(RESET) refers to startup_stm32f103xb.o(STACK) for __initial_sp
    startup_stm32f103xb.o(RESET) refers to startup_stm32f103xb.o(.text) for Reset_Handler
    startup_stm32f103xb.o(RESET) refers to stm32f1xx_it.o(.text.NMI_Handler) for NMI_Handler
    startup_stm32f103xb.o(RESET) refers to stm32f1xx_it.o(.text.HardFault_Handler) for HardFault_Handler
    startup_stm32f103xb.o(RESET) refers to stm32f1xx_it.o(.text.MemManage_Handler) for MemManage_Handler
    startup_stm32f103xb.o(RESET) refers to stm32f1xx_it.o(.text.BusFault_Handler) for BusFault_Handler
    startup_stm32f103xb.o(RESET) refers to stm32f1xx_it.o(.text.UsageFault_Handler) for UsageFault_Handler
    startup_stm32f103xb.o(RESET) refers to stm32f1xx_it.o(.text.SVC_Handler) for SVC_Handler
    startup_stm32f103xb.o(RESET) refers to stm32f1xx_it.o(.text.DebugMon_Handler) for DebugMon_Handler
    startup_stm32f103xb.o(RESET) refers to stm32f1xx_it.o(.text.PendSV_Handler) for PendSV_Handler
    startup_stm32f103xb.o(RESET) refers to stm32f1xx_it.o(.text.SysTick_Handler) for SysTick_Handler
    startup_stm32f103xb.o(RESET) refers to stm32f1xx_it.o(.text.ADC1_2_IRQHandler) for ADC1_2_IRQHandler
    startup_stm32f103xb.o(RESET) refers to stm32f1xx_it.o(.text.I2C2_EV_IRQHandler) for I2C2_EV_IRQHandler
    startup_stm32f103xb.o(RESET) refers to stm32f1xx_it.o(.text.I2C2_ER_IRQHandler) for I2C2_ER_IRQHandler
    startup_stm32f103xb.o(.text) refers to system_stm32f1xx.o(.text.SystemInit) for SystemInit
    startup_stm32f103xb.o(.text) refers to entry.o(.ARM.Collect$$$$00000000) for __main
    main.o(.text.main) refers to stm32f1xx_hal.o(.text.HAL_Init) for HAL_Init
    main.o(.text.main) refers to stm32f1xx_hal_rcc.o(.text.HAL_RCC_OscConfig) for HAL_RCC_OscConfig
    main.o(.text.main) refers to stm32f1xx_hal_rcc.o(.text.HAL_RCC_ClockConfig) for HAL_RCC_ClockConfig
    main.o(.text.main) refers to stm32f1xx_hal_rcc_ex.o(.text.HAL_RCCEx_PeriphCLKConfig) for HAL_RCCEx_PeriphCLKConfig
    main.o(.text.main) refers to gpio.o(.text.MX_GPIO_Init) for MX_GPIO_Init
    main.o(.text.main) refers to i2c.o(.text.MX_I2C2_Init) for MX_I2C2_Init
    main.o(.text.main) refers to tim.o(.text.MX_TIM1_Init) for MX_TIM1_Init
    main.o(.text.main) refers to usart.o(.text.MX_USART2_UART_Init) for MX_USART2_UART_Init
    main.o(.text.main) refers to adc.o(.text.MX_ADC1_Init) for MX_ADC1_Init
    main.o(.text.main) refers to oled.o(.text.OLED_Init) for OLED_Init
    main.o(.text.main) refers to oled.o(.text.OLED_ShowChinese) for OLED_ShowChinese
    main.o(.text.main) refers to main.o(.rodata.str1.1) for .L.str
    main.o(.text.main) refers to oled.o(.text.OLED_ShowString) for OLED_ShowString
    main.o(.text.main) refers to adc.o(.bss..L_MergedGlobals) for hadc1
    main.o(.text.main) refers to stm32f1xx_hal_adc_ex.o(.text.HAL_ADCEx_Calibration_Start) for HAL_ADCEx_Calibration_Start
    main.o(.text.main) refers to stm32f1xx_hal_gpio.o(.text.HAL_GPIO_WritePin) for HAL_GPIO_WritePin
    main.o(.text.main) refers to tim.o(.bss.htim1) for htim1
    main.o(.text.main) refers to stm32f1xx_hal_tim.o(.text.HAL_TIM_PWM_Start) for HAL_TIM_PWM_Start
    main.o(.text.main) refers to stm32f1xx_hal_tim_ex.o(.text.HAL_TIMEx_PWMN_Start) for HAL_TIMEx_PWMN_Start
    main.o(.text.main) refers to stm32f1xx_hal_adc_ex.o(.text.HAL_ADCEx_InjectedStart_IT) for HAL_ADCEx_InjectedStart_IT
    main.o(.text.main) refers to main.o(.bss.motor) for motor
    main.o(.text.main) refers to bldc_motor.o(.text.Motor_Init) for Motor_Init
    main.o(.ARM.exidx.text.main) refers to main.o(.text.main) for [Anonymous Symbol]
    main.o(.text.SystemClock_Config) refers to stm32f1xx_hal_rcc.o(.text.HAL_RCC_OscConfig) for HAL_RCC_OscConfig
    main.o(.text.SystemClock_Config) refers to stm32f1xx_hal_rcc.o(.text.HAL_RCC_ClockConfig) for HAL_RCC_ClockConfig
    main.o(.text.SystemClock_Config) refers to stm32f1xx_hal_rcc_ex.o(.text.HAL_RCCEx_PeriphCLKConfig) for HAL_RCCEx_PeriphCLKConfig
    main.o(.ARM.exidx.text.SystemClock_Config) refers to main.o(.text.SystemClock_Config) for [Anonymous Symbol]
    main.o(.ARM.exidx.text.Error_Handler) refers to main.o(.text.Error_Handler) for [Anonymous Symbol]
    gpio.o(.text.MX_GPIO_Init) refers to stm32f1xx_hal_gpio.o(.text.HAL_GPIO_WritePin) for HAL_GPIO_WritePin
    gpio.o(.text.MX_GPIO_Init) refers to stm32f1xx_hal_gpio.o(.text.HAL_GPIO_Init) for HAL_GPIO_Init
    gpio.o(.ARM.exidx.text.MX_GPIO_Init) refers to gpio.o(.text.MX_GPIO_Init) for [Anonymous Symbol]
    adc.o(.text.MX_ADC1_Init) refers to adc.o(.bss..L_MergedGlobals) for .L_MergedGlobals
    adc.o(.text.MX_ADC1_Init) refers to stm32f1xx_hal_adc.o(.text.HAL_ADC_Init) for HAL_ADC_Init
    adc.o(.text.MX_ADC1_Init) refers to main.o(.text.Error_Handler) for Error_Handler
[...]
    [Anonymous Symbol]                       0x080029d4   Section        0  stm32f1xx_hal_rcc_ex.o(.text.HAL_RCCEx_GetPeriphCLKFreq)
    HAL_RCCEx_GetPeriphCLKFreq.aPLLMULFactorTable 0x08002ab8   Number         0  stm32f1xx_hal_rcc_ex.o(.text.HAL_RCCEx_GetPeriphCLKFreq)
    HAL_RCCEx_GetPeriphCLKFreq.aPredivFactorTable 0x08002ac8   Number         0  stm32f1xx_hal_rcc_ex.o(.text.HAL_RCCEx_GetPeriphCLKFreq)
    [Anonymous Symbol]                       0x08002acc   Section        0  stm32f1xx_hal_rcc_ex.o(.text.HAL_RCCEx_PeriphCLKConfig)
    [Anonymous Symbol]                       0x08002bd0   Section        0  stm32f1xx_hal_rcc.o(.text.HAL_RCC_ClockConfig)
    [Anonymous Symbol]                       0x08002d8c   Section        0  stm32f1xx_hal_rcc.o(.text.HAL_RCC_GetPCLK1Freq)
    [Anonymous Symbol]                       0x08002db4   Section        0  stm32f1xx_hal_rcc.o(.text.HAL_RCC_GetPCLK2Freq)
    [Anonymous Symbol]                       0x08002ddc   Section        0  stm32f1xx_hal_rcc.o(.text.HAL_RCC_OscConfig)
    [Anonymous Symbol]                       0x080031dc   Section        0  stm32f1xx_hal_cortex.o(.text.HAL_SYSTICK_Config)
    [Anonymous Symbol]                       0x08003208   Section        0  stm32f1xx_hal_tim_ex.o(.text.HAL_TIMEx_ConfigBreakDeadTime)
    [Anonymous Symbol]                       0x08003254   Section        0  stm32f1xx_hal_tim_ex.o(.text.HAL_TIMEx_MasterConfigSynchronization)
    [Anonymous Symbol]                       0x080032d4   Section        0  stm32f1xx_hal_tim_ex.o(.text.HAL_TIMEx_PWMN_Start)
    [Anonymous Symbol]                       0x08003398   Section        0  stm32f1xx_hal_tim.o(.text.HAL_TIM_Base_Init)
    [Anonymous Symbol]                       0x08003494   Section        0  tim.o(.text.HAL_TIM_Base_MspInit)
    [Anonymous Symbol]                       0x080034c4   Section        0  stm32f1xx_hal_tim.o(.text.HAL_TIM_ConfigClockSource)
    [Anonymous Symbol]                       0x08003664   Section        0  stm32f1xx_hal_tim.o(.text.HAL_TIM_PWM_ConfigChannel)
    [Anonymous Symbol]                       0x08003868   Section        0  stm32f1xx_hal_tim.o(.text.HAL_TIM_PWM_Init)
    [Anonymous Symbol]                       0x08003964   Section        0  stm32f1xx_hal_tim.o(.text.HAL_TIM_PWM_MspInit)
    [Anonymous Symbol]                       0x08003968   Section        0  stm32f1xx_hal_tim.o(.text.HAL_TIM_PWM_Start)
    [Anonymous Symbol]                       0x08003a44   Section        0  stm32f1xx_hal_uart.o(.text.HAL_UART_Init)
    [Anonymous Symbol]                       0x08003b28   Section        0  usart.o(.text.HAL_UART_MspInit)
    [Anonymous Symbol]                       0x08003ba4   Section        0  stm32f1xx_hal_uart.o(.text.HAL_UART_Transmit)
    [Anonymous Symbol]                       0x08003d38   Section        0  stm32f1xx_it.o(.text.HardFault_Handler)
    [Anonymous Symbol]                       0x08003d3c   Section        0  stm32f1xx_it.o(.text.I2C2_ER_IRQHandler)
    [Anonymous Symbol]                       0x08003d48   Section        0  stm32f1xx_it.o(.text.I2C2_EV_IRQHandler)
    I2C_DMAAbort                             0x08003d55   Thumb Code   286  stm32f1xx_hal_i2c.o(.text.I2C_DMAAbort)
    [Anonymous Symbol]                       0x08003d54   Section        0  stm32f1xx_hal_i2c.o(.text.I2C_DMAAbort)
    I2C_ITError                              0x08003e75   Thumb Code   396  stm32f1xx_hal_i2c.o(.text.I2C_ITError)
    [Anonymous Symbol]                       0x08003e74   Section        0  stm32f1xx_hal_i2c.o(.text.I2C_ITError)
    I2C_MasterReceive_BTF                    0x08004001   Thumb Code   248  stm32f1xx_hal_i2c.o(.text.I2C_MasterReceive_BTF)
    [Anonymous Symbol]                       0x08004000   Section        0  stm32f1xx_hal_i2c.o(.text.I2C_MasterReceive_BTF)
    I2C_MasterReceive_RXNE                   0x080040f9   Thumb Code   318  stm32f1xx_hal_i2c.o(.text.I2C_MasterReceive_RXNE)
    [Anonymous Symbol]                       0x080040f8   Section        0  stm32f1xx_hal_i2c.o(.text.I2C_MasterReceive_RXNE)
    I2C_MasterTransmit_BTF                   0x08004239   Thumb Code   130  stm32f1xx_hal_i2c.o(.text.I2C_MasterTransmit_BTF)
    [Anonymous Symbol]                       0x08004238   Section        0  stm32f1xx_hal_i2c.o(.text.I2C_MasterTransmit_BTF)
    I2C_MasterTransmit_TXE                   0x080042bd   Thumb Code   178  stm32f1xx_hal_i2c.o(.text.I2C_MasterTransmit_TXE)
    [Anonymous Symbol]                       0x080042bc   Section        0  stm32f1xx_hal_i2c.o(.text.I2C_MasterTransmit_TXE)
    I2C_MemoryTransmit_TXE_BTF               0x08004371   Thumb Code   190  stm32f1xx_hal_i2c.o(.text.I2C_MemoryTransmit_TXE_BTF)
    [Anonymous Symbol]                       0x08004370   Section        0  stm32f1xx_hal_i2c.o(.text.I2C_MemoryTransmit_TXE_BTF)
    I2C_RequestMemoryRead                    0x08004431   Thumb Code   274  stm32f1xx_hal_i2c.o(.text.I2C_RequestMemoryRead)
    [Anonymous Symbol]                       0x08004430   Section        0  stm32f1xx_hal_i2c.o(.text.I2C_RequestMemoryRead)
    I2C_WaitOnFlagUntilTimeout               0x08004545   Thumb Code   458  stm32f1xx_hal_i2c.o(.text.I2C_WaitOnFlagUntilTimeout)
    [Anonymous Symbol]                       0x08004544   Section        0  stm32f1xx_hal_i2c.o(.text.I2C_WaitOnFlagUntilTimeout)
    I2C_WaitOnMasterAddressFlagUntilTimeout  0x08004711   Thumb Code   214  stm32f1xx_hal_i2c.o(.text.I2C_WaitOnMasterAddressFlagUntilTimeout)
    [Anonymous Symbol]                       0x08004710   Section        0  stm32f1xx_hal_i2c.o(.text.I2C_WaitOnMasterAddressFlagUntilTimeout)
    I2C_WaitOnRXNEFlagUntilTimeout           0x080047e9   Thumb Code   144  stm32f1xx_hal_i2c.o(.text.I2C_WaitOnRXNEFlagUntilTimeout)
    [Anonymous Symbol]                       0x080047e8   Section        0  stm32f1xx_hal_i2c.o(.text.I2C_WaitOnRXNEFlagUntilTimeout)
    I2C_WaitOnTXEFlagUntilTimeout            0x08004879   Thumb Code   186  stm32f1xx_hal_i2c.o(.text.I2C_WaitOnTXEFlagUntilTimeout)
    [Anonymous Symbol]                       0x08004878   Section        0  stm32f1xx_hal_i2c.o(.text.I2C_WaitOnTXEFlagUntilTimeout)
    [Anonymous Symbol]                       0x08004934   Section        0  lowpass_filter_interface.o(.text.LowPassFilter_Create)
    [Anonymous Symbol]                       0x08004948   Section        0  lowpass_filter_interface.o(.text.LowPassFilter_Update)
    [Anonymous Symbol]                       0x0800494c   Section        0  adc.o(.text.MX_ADC1_Init)
    [Anonymous Symbol]                       0x080049ec   Section        0  gpio.o(.text.MX_GPIO_Init)
    [Anonymous Symbol]                       0x08004aa8   Section        0  i2c.o(.text.MX_I2C2_Init)
    [Anonymous Symbol]                       0x08004aec   Section        0  tim.o(.text.MX_TIM1_Init)
    [Anonymous Symbol]                       0x08004cd4   Section        0  usart.o(.text.MX_USART2_UART_Init)
    [Anonymous Symbol]                       0x08004d10   Section        0  stm32f1xx_it.o(.text.MemManage_Handler)
    [Anonymous Symbol]                       0x08004d14   Section        0  bldc_motor.o(.text.Motor_Init)
    [Anonymous Symbol]                       0x08004dd4   Section        0  stm32f1xx_it.o(.text.NMI_Handler)
    [Anonymous Symbol]                       0x08004dd8   Section        0  oled.o(.text.OLED_Clear)
    [Anonymous Symbol]                       0x08004e78   Section        0  oled.o(.text.OLED_I2C_SendByte)
    [Anonymous Symbol]                       0x08004fd0   Section        0  oled.o(.text.OLED_Init)
    [Anonymous Symbol]                       0x08005088   Section        0  oled.o(.text.OLED_ShowChar)
    [Anonymous Symbol]                       0x08005160   Section        0  oled.o(.text.OLED_ShowChinese)
    [Anonymous Symbol]                       0x080052ac   Section        0  oled.o(.text.OLED_ShowString)
    [Anonymous Symbol]                       0x080052d8   Section        0  oled.o(.text.OLED_WriteCommand)
    [Anonymous Symbol]                       0x08005350   Section        0  oled.o(.text.OLED_WriteData)
    [Anonymous Symbol]                       0x080053c8   Section        0  pid_interface.o(.text.PIDController_compute)
    [Anonymous Symbol]                       0x080053d4   Section        0  pid_interface.o(.text.PIDController_create)
    [Anonymous Symbol]                       0x08005400   Section        0  stm32f1xx_it.o(.text.PendSV_Handler)
    [Anonymous Symbol]                       0x08005404   Section        0  stm32f1xx_it.o(.text.SVC_Handler)
    [Anonymous Symbol]                       0x08005408   Section        0  stm32f1xx_it.o(.text.SysTick_Handler)
    [Anonymous Symbol]                       0x0800540c   Section        0  system_stm32f1xx.o(.text.SystemInit)
    [Anonymous Symbol]                       0x08005410   Section        0  stm32f1xx_it.o(.text.UsageFault_Handler)
    operator_new_impl(unsigned int)          0x08005415   Thumb Code    38  new.cpp.o(.text._ZL17operator_new_implj)
    [Anonymous Symbol]                       0x08005414   Section        0  new.cpp.o(.text._ZL17operator_new_implj)
    operator_new_aligned_impl(unsigned int, std::align_val_t) 0x0800543d   Thumb Code    74  new.cpp.o(.text._ZL25operator_new_aligned_impljSt11align_val_t)
    [Anonymous Symbol]                       0x0800543c   Section        0  new.cpp.o(.text._ZL25operator_new_aligned_impljSt11align_val_t)
    [Anonymous Symbol]                       0x08005488   Section        0  lowpass_filter.o(.text._ZN13LowPassFilterC2Ef)
    [Anonymous Symbol]                       0x080054a0   Section        0  lowpass_filter.o(.text._ZN13LowPassFilterclEf)
    [Anonymous Symbol]                       0x08005554   Section        0  pid.o(.text._ZN13PIDControllerC2Efffff)
    [Anonymous Symbol]                       0x08005578   Section        0  pid.o(.text._ZN13PIDControllerclEf)
    [Anonymous Symbol]                       0x080056d6   Section        0  verbose_abort.cpp.o(.text._ZNSt3__222__libcpp_verbose_abortEPKcz)
    [Anonymous Symbol]                       0x080056f4   Section        0  cxa_handlers.cpp.o(.text._ZSt15get_new_handlerv)
    [Anonymous Symbol]                       0x08005700   Section        0  new_helpers.cpp.o(.text._ZSt17__throw_bad_allocv)
    [Anonymous Symbol]                       0x08005738   Section        0  foc_utils.o(.text._electricalAngle)
    [Anonymous Symbol]                       0x0800574c   Section        0  foc_utils.o(.text._normalizeAngle)
    [Anonymous Symbol]                       0x0800579c   Section        0  usart.o(.text.fputc)
    [Anonymous Symbol]                       0x080057bc   Section        0  as5600.o(.text.getAngle)
    [Anonymous Symbol]                       0x08005800   Section        0  bldc_motor.o(.text.getVelocity)
    [Anonymous Symbol]                       0x080058f4   Section        0  main.o(.text.main)
    [Anonymous Symbol]                       0x08005a5c   Section        0  foc_utils.o(.text.micros)
    [Anonymous Symbol]                       0x08005aac   Section        0  bldc_motor.o(.text.move)
    [Anonymous Symbol]                       0x08005c0c   Section        0  bldc_motor.o(.text.setPhaseVoltage)
    [Anonymous Symbol]                       0x08005f10   Section        0  new.cpp.o(__lcxx_override)
    i.__0printf                              0x08005f34   Section        0  printfa.o(i.__0printf)
    i.__0sprintf                             0x08005f54   Section        0  printfa.o(i.__0sprintf)
    i.__0vfprintf                            0x08005f7c   Section        0  printfa.o(i.__0vfprintf)
    i.__ARM_fpclassify                       0x08005f94   Section        0  fpclassify.o(i.__ARM_fpclassify)
    i.__aligned_malloc                       0x08005fbc   Section        0  malloca.o(i.__aligned_malloc)
    i.__ieee754_rem_pio2                     0x0800605c   Section        0  rred.o(i.__ieee754_rem_pio2)
    i.__kernel_cos                           0x080063e4   Section        0  cos_i.o(i.__kernel_cos)
    i.__kernel_poly                          0x080064e0   Section        0  poly.o(i.__kernel_poly)
    i.__kernel_sin                           0x0800658c   Section        0  sin_i.o(i.__kernel_sin)
    i.__malloc$memalign                      0x08006678   Section        0  malloca.o(i.__malloc$memalign)
    i.__mathlib_dbl_infnan                   0x0800667e   Section        0  dunder.o(i.__mathlib_dbl_infnan)
    i.__mathlib_dbl_infnan2                  0x08006684   Section        0  dunder.o(i.__mathlib_dbl_infnan2)
    i.__mathlib_dbl_invalid                  0x08006688   Section        0  dunder.o(i.__mathlib_dbl_invalid)
    i.__mathlib_dbl_underflow                0x08006694   Section        0  dunder.o(i.__mathlib_dbl_underflow)
    i.__scatterload_copy                     0x080066a4   Section       14  handlers.o(i.__scatterload_copy)
    i.__scatterload_null                     0x080066b2   Section        2  handlers.o(i.__scatterload_null)
    i.__scatterload_zeroinit                 0x080066b4   Section       14  handlers.o(i.__scatterload_zeroinit)
    i.__set_errno                            0x080066c4   Section        0  errno.o(i.__set_errno)
    _fp_digits                               0x080066d1   Thumb Code   366  printfa.o(i._fp_digits)
    i._fp_digits                             0x080066d0   Section        0  printfa.o(i._fp_digits)
    _printf_core                             0x08006855   Thumb Code  1744  printfa.o(i._printf_core)
    i._printf_core                           0x08006854   Section        0  printfa.o(i._printf_core)
    _printf_post_padding                     0x08006f31   Thumb Code    36  printfa.o(i._printf_post_padding)
    i._printf_post_padding                   0x08006f30   Section        0  printfa.o(i._printf_post_padding)
    _printf_pre_padding                      0x08006f55   Thumb Code    46  printfa.o(i._printf_pre_padding)
    i._printf_pre_padding                    0x08006f54   Section        0  printfa.o(i._printf_pre_padding)
    _sputc                                   0x08006f83   Thumb Code    10  printfa.o(i._sputc)
    i._sputc                                 0x08006f82   Section        0  printfa.o(i._sputc)
    i.atan                                   0x08006f8c   Section        0  atan.o(i.atan)
    i.atan2                                  0x080071ac   Section        0  atan2.o(i.atan2)
    i.cos                                    0x08007348   Section        0  cos.o(i.cos)
    i.fmod                                   0x080073e4   Section        0  fmod.o(i.fmod)
    i.sin                                    0x08007478   Section        0  sin.o(i.sin)
    i.sqrt                                   0x08007518   Section        0  sqrt.o(i.sqrt)
    atanhi                                   0x08007568   Data          32  atan.o(.constdata)
    .constdata                               0x08007568   Section      152  atan.o(.constdata)
    atanlo                                   0x08007588   Data          32  atan.o(.constdata)
    aTodd                                    0x080075a8   Data          40  atan.o(.constdata)
    aTeven                                   0x080075d0   Data          48  atan.o(.constdata)
    C                                        0x08007600   Data          48  cos_i.o(.constdata)
    .constdata                               0x08007600   Section       48  cos_i.o(.constdata)
    .constdata                               0x08007630   Section        8  qnan.o(.constdata)
    pio2s                                    0x08007638   Data          48  rred.o(.constdata)
    .constdata                               0x08007638   Section      204  rred.o(.constdata)
    twooverpi                                0x08007668   Data         156  rred.o(.constdata)
    S                                        0x08007708   Data          40  sin_i.o(.constdata)
    .constdata                               0x08007708   Section       40  sin_i.o(.constdata)
    HAL_RCC_GetSysClockFreq.aPredivFactorTable 0x08007848   Data           2  stm32f1xx_hal_rcc.o(.rodata.HAL_RCC_GetSysClockFreq.aPredivFactorTable)
    [Anonymous Symbol]                       0x08007848   Section        0  stm32f1xx_hal_rcc.o(.rodata.HAL_RCC_GetSysClockFreq.aPredivFactorTable)
    HAL_RCC_GetSysClockFreq.aPLLMULFactorTable 0x08007e3a   Data          16  stm32f1xx_hal_rcc.o(.rodata.cst16)
    [Anonymous Symbol]                       0x08007e3a   Section        0  stm32f1xx_hal_rcc.o(.rodata.cst16)
    .L.str                                   0x08007e4a   Data           3  main.o(.rodata.str1.1)
    [Anonymous Symbol]                       0x08007e4a   Section        0  main.o(.rodata.str1.1)
    .L.str.1                                 0x08007e4d   Data           5  bldc_motor.o(.rodata.str1.1)
    [Anonymous Symbol]                       0x08007e4d   Section        0  bldc_motor.o(.rodata.str1.1)
    .data                                    0x20000000   Section        4  stdout.o(.data)
    .data                                    0x20000004   Section        4  stderr.o(.data)
    _errno                                   0x20000008   Data           4  errno.o(.data)
    .data                                    0x20000008   Section        4  errno.o(.data)
    .data                                    0x2000000c   Section        4  mvars.o(.data)
    .data                                    0x20000010   Section        4  mvars.o(.data)
    .L_MergedGlobals                         0x20000014   Data           8  stm32f1xx_hal.o(.data..L_MergedGlobals)
    [Anonymous Symbol]                       0x20000014   Section        0  stm32f1xx_hal.o(.data..L_MergedGlobals)
    .L_MergedGlobals                         0x20000028   Data          64  adc.o(.bss..L_MergedGlobals)
    [Anonymous Symbol]                       0x20000028   Section        0  adc.o(.bss..L_MergedGlobals)
    micros.tms                               0x20000150   Data           4  foc_utils.o(.bss.micros.tms)
    [Anonymous Symbol]                       0x20000150   Section        0  foc_utils.o(.bss.micros.tms)
    HEAP                                     0x20000218   Section      512  startup_stm32f103xb.o(HEAP)
    STACK                                    0x20000418   Section     1024  startup_stm32f103xb.o(STACK)

    Global Symbols

    Symbol Name                              Value     Ov Type        Size  Object(Section)

    BuildAttributes$$THM_ISAv4$P$D$K$B$S$PE$A:L22UL41UL21$X:L11$S22US41US21$IEEE1$IW$~IW$USESV6$~STKCKD$USESV7$~SHL$OTIME$ROPI$IEEEX$EBA8$MICROLIB$REQ8$PRES8$EABIv2 0x00000000   Number         0  anon$$obj.o ABSOLUTE
    _printf_a                                0x00000000   Number         0  printfstubs.o ABSOLUTE
    _printf_c                                0x00000000   Number         0  printfstubs.o ABSOLUTE
    _printf_charcount                        0x00000000   Number         0  printfstubs.o ABSOLUTE
    _printf_d                                0x00000000   Number         0  printfstubs.o ABSOLUTE
    _printf_e                                0x00000000   Number         0  printfstubs.o ABSOLUTE
    _printf_f                                0x00000000   Number         0  printfstubs.o ABSOLUTE
    _printf_flags                            0x00000000   Number         0  printfstubs.o ABSOLUTE
    _printf_fp_dec                           0x00000000   Number         0  printfstubs.o ABSOLUTE
    _printf_fp_hex                           0x00000000   Number         0  printfstubs.o ABSOLUTE
    _printf_g                                0x00000000   Number         0  printfstubs.o ABSOLUTE
    _printf_i                                0x00000000   Number         0  printfstubs.o ABSOLUTE
    _printf_int_dec                          0x00000000   Number         0  printfstubs.o ABSOLUTE
    _printf_l                                0x00000000   Number         0  printfstubs.o ABSOLUTE
    _printf_lc                               0x00000000   Number         0  printfstubs.o ABSOLUTE
    _printf_ll                               0x00000000   Number         0  printfstubs.o ABSOLUTE
    _printf_lld                              0x00000000   Number         0  printfstubs.o ABSOLUTE
    _printf_lli                              0x00000000   Number         0  printfstubs.o ABSOLUTE
    _printf_llo                              0x00000000   Number         0  printfstubs.o ABSOLUTE
    _printf_llu                              0x00000000   Number         0  printfstubs.o ABSOLUTE
    _printf_llx                              0x00000000   Number         0  printfstubs.o ABSOLUTE
    _printf_longlong_dec                     0x00000000   Number         0  printfstubs.o ABSOLUTE
    _printf_longlong_hex                     0x00000000   Number         0  printfstubs.o ABSOLUTE
    _printf_longlong_oct                     0x00000000   Number         0  printfstubs.o ABSOLUTE
    _printf_ls                               0x00000000   Number         0  printfstubs.o ABSOLUTE
    _printf_mbtowc                           0x00000000   Number         0  printfstubs.o ABSOLUTE
    _printf_n                                0x00000000   Number         0  printfstubs.o ABSOLUTE
    _printf_o                                0x00000000   Number         0  printfstubs.o ABSOLUTE
    _printf_p                                0x00000000   Number         0  printfstubs.o ABSOLUTE
    _printf_percent                          0x00000000   Number         0  printfstubs.o ABSOLUTE
    _printf_pre_padding                      0x00000000   Number         0  printfstubs.o ABSOLUTE
    _printf_return_value                     0x00000000   Number         0  printfstubs.o ABSOLUTE
    _printf_s                                0x00000000   Number         0  printfstubs.o ABSOLUTE
    _printf_sizespec                         0x00000000   Number         0  printfstubs.o ABSOLUTE
    _printf_str                              0x00000000   Number         0  printfstubs.o ABSOLUTE
    _printf_truncate_signed                  0x00000000   Number         0  printfstubs.o ABSOLUTE
    _printf_truncate_unsigned                0x00000000   Number         0  printfstubs.o ABSOLUTE
    _printf_u                                0x00000000   Number         0  printfstubs.o ABSOLUTE
    _printf_wc                               0x00000000   Number         0  printfstubs.o ABSOLUTE
    _printf_wctomb                           0x00000000   Number         0  printfstubs.o ABSOLUTE
    _printf_widthprec                        0x00000000   Number         0  printfstubs.o ABSOLUTE
    _printf_x                                0x00000000   Number         0  printfstubs.o ABSOLUTE
    __cpp_initialize__aeabi_                  - Undefined Weak Reference
    __cxa_finalize                            - Undefined Weak Reference
    __decompress                              - Undefined Weak Reference
    _clock_init                               - Undefined Weak Reference
    _microlib_exit                            - Undefined Weak Reference
    __Vectors_Size                           0x000000ec   Number         0  startup_stm32f103xb.o ABSOLUTE
    __Vectors                                0x08000000   Data           4  startup_stm32f103xb.o(RESET)
    __Vectors_End                            0x080000ec   Data           0  startup_stm32f103xb.o(RESET)
    __main                                   0x080000ed   Thumb Code     0  entry.o(.ARM.Collect$$$$00000000)
    _main_stk                                0x080000ed   Thumb Code     0  entry2.o(.ARM.Collect$$$$00000001)
    _main_scatterload                        0x080000f1   Thumb Code     0  entry5.o(.ARM.Collect$$$$00000004)
    __main_after_scatterload                 0x080000f5   Thumb Code     0  entry5.o(.ARM.Collect$$$$00000004)
    _main_clock                              0x080000f5   Thumb Code     0  entry7b.o(.ARM.Collect$$$$00000008)
    _main_cpp_init                           0x080000f5   Thumb Code     0  entry8b.o(.ARM.Collect$$$$0000000A)
    _main_init                               0x080000f5   Thumb Code     0  entry9a.o(.ARM.Collect$$$$0000000B)
    __rt_final_cpp                           0x080000fd   Thumb Code     0  entry10a.o(.ARM.Collect$$$$0000000D)
    __rt_final_exit                          0x080000fd   Thumb Code     0  entry11a.o(.ARM.Collect$$$$0000000F)
    Reset_Handler                            0x08000101   Thumb Code     8  startup_stm32f103xb.o(.text)
    CAN1_RX1_IRQHandler                      0x0800011b   Thumb Code     0  startup_stm32f103xb.o(.text)
    CAN1_SCE_IRQHandler                      0x0800011b   Thumb Code     0  startup_stm32f103xb.o(.text)
    DMA1_Channel1_IRQHandler                 0x0800011b   Thumb Code     0  startup_stm32f103xb.o(.text)
    DMA1_Channel2_IRQHandler                 0x0800011b   Thumb Code     0  startup_stm32f103xb.o(.text)
    DMA1_Channel3_IRQHandler                 0x0800011b   Thumb Code     0  startup_stm32f103xb.o(.text)
    DMA1_Channel4_IRQHandler                 0x0800011b   Thumb Code     0  startup_stm32f103xb.o(.text)
    DMA1_Channel5_IRQHandler                 0x0800011b   Thumb Code     0  startup_stm32f103xb.o(.text)
    DMA1_Channel6_IRQHandler                 0x0800011b   Thumb Code     0  startup_stm32f103xb.o(.text)
    DMA1_Channel7_IRQHandler                 0x0800011b   Thumb Code     0  startup_stm32f103xb.o(.text)
    EXTI0_IRQHandler                         0x0800011b   Thumb Code     0  startup_stm32f103xb.o(.text)
    EXTI15_10_IRQHandler                     0x0800011b   Thumb Code     0  startup_stm32f103xb.o(.text)
    EXTI1_IRQHandler                         0x0800011b   Thumb Code     0  startup_stm32f103xb.o(.text)
    EXTI2_IRQHandler                         0x0800011b   Thumb Code     0  startup_stm32f103xb.o(.text)
    EXTI3_IRQHandler                         0x0800011b   Thumb Code     0  startup_stm32f103xb.o(.text)
    EXTI4_IRQHandler                         0x0800011b   Thumb Code     0  startup_stm32f103xb.o(.text)
    EXTI9_5_IRQHandler                       0x0800011b   Thumb Code     0  startup_stm32f103xb.o(.text)
    FLASH_IRQHandler                         0x0800011b   Thumb Code     0  startup_stm32f103xb.o(.text)
    I2C1_ER_IRQHandler                       0x0800011b   Thumb Code     0  startup_stm32f103xb.o(.text)
    I2C1_EV_IRQHandler                       0x0800011b   Thumb Code     0  startup_stm32f103xb.o(.text)
    PVD_IRQHandler                           0x0800011b   Thumb Code     0  startup_stm32f103xb.o(.text)
    RCC_IRQHandler                           0x0800011b   Thumb Code     0  startup_stm32f103xb.o(.text)
    RTC_Alarm_IRQHandler                     0x0800011b   Thumb Code     0  startup_stm32f103xb.o(.text)
    RTC_IRQHandler                           0x0800011b   Thumb Code     0  startup_stm32f103xb.o(.text)
    SPI1_IRQHandler                          0x0800011b   Thumb Code     0  startup_stm32f103xb.o(.text)
    SPI2_IRQHandler                          0x0800011b   Thumb Code     0  startup_stm32f103xb.o(.text)
    TAMPER_IRQHandler                        0x0800011b   Thumb Code     0  startup_stm32f103xb.o(.text)
    TIM1_BRK_IRQHandler                      0x0800011b   Thumb Code     0  startup_stm32f103xb.o(.text)
    TIM1_CC_IRQHandler                       0x0800011b   Thumb Code     0  startup_stm32f103xb.o(.text)
    TIM1_TRG_COM_IRQHandler                  0x0800011b   Thumb Code     0  startup_stm32f103xb.o(.text)
    TIM1_UP_IRQHandler                       0x0800011b   Thumb Code     0  startup_stm32f103xb.o(.text)
    TIM2_IRQHandler                          0x0800011b   Thumb Code     0  startup_stm32f103xb.o(.text)
    TIM3_IRQHandler                          0x0800011b   Thumb Code     0  startup_stm32f103xb.o(.text)
    TIM4_IRQHandler                          0x0800011b   Thumb Code     0  startup_stm32f103xb.o(.text)
    USART1_IRQHandler                        0x0800011b   Thumb Code     0  startup_stm32f103xb.o(.text)
    USART2_IRQHandler                        0x0800011b   Thumb Code     0  startup_stm32f103xb.o(.text)
    USART3_IRQHandler                        0x0800011b   Thumb Code     0  startup_stm32f103xb.o(.text)
    USBWakeUp_IRQHandler                     0x0800011b   Thumb Code     0  startup_stm32f103xb.o(.text)
    USB_HP_CAN1_TX_IRQHandler                0x0800011b   Thumb Code     0  startup_stm32f103xb.o(.text)
    USB_LP_CAN1_RX0_IRQHandler               0x0800011b   Thumb Code     0  startup_stm32f103xb.o(.text)
    WWDG_IRQHandler                          0x0800011b   Thumb Code     0  startup_stm32f103xb.o(.text)
    __aeabi_fadd                             0x08000125   Thumb Code   164  fadd.o(.text)
    __aeabi_fsub                             0x080001c9   Thumb Code     6  fadd.o(.text)
    __aeabi_frsub                            0x080001cf   Thumb Code     6  fadd.o(.text)
    __aeabi_fmul                             0x080001d5   Thumb Code   100  fmul.o(.text)
    __aeabi_fdiv                             0x08000239   Thumb Code   124  fdiv.o(.text)
    __aeabi_dadd                             0x080002b5   Thumb Code   322  dadd.o(.text)
    __aeabi_dsub                             0x080003f7   Thumb Code     6  dadd.o(.text)
    __aeabi_drsub                            0x080003fd   Thumb Code     6  dadd.o(.text)
    __aeabi_dmul                             0x08000403   Thumb Code   228  dmul.o(.text)
    __aeabi_ddiv                             0x080004e7   Thumb Code   222  ddiv.o(.text)
    __aeabi_fcmple                           0x080005c5   Thumb Code    28  fcmple.o(.text)
    __aeabi_fcmplt                           0x080005e1   Thumb Code    28  fcmplt.o(.text)
    __aeabi_fcmpge                           0x080005fd   Thumb Code    28  fcmpge.o(.text)
    __aeabi_fcmpgt                           0x08000619   Thumb Code    28  fcmpgt.o(.text)
    __aeabi_fcmpeq                           0x08000635   Thumb Code    28  fcmpeq.o(.text)
    __aeabi_dcmple                           0x08000651   Thumb Code    54  dcmple.o(.text)
    __aeabi_dcmplt                           0x08000687   Thumb Code    54  dcmplt.o(.text)
    __aeabi_dcmpgt                           0x080006bd   Thumb Code    54  dcmpgt.o(.text)
    __aeabi_i2f                              0x080006f3   Thumb Code    18  fflti.o(.text)
    __aeabi_ui2f                             0x08000705   Thumb Code    10  ffltui.o(.text)
    __aeabi_ui2d                             0x0800070f   Thumb Code    26  dfltui.o(.text)
    __aeabi_f2uiz                            0x08000729   Thumb Code    40  ffixui.o(.text)
    __aeabi_d2uiz                            0x08000751   Thumb Code    50  dfixui.o(.text)
    __aeabi_f2d                              0x08000783   Thumb Code    38  f2d.o(.text)
    __aeabi_d2f                              0x080007a9   Thumb Code    56  d2f.o(.text)
    __aeabi_uidiv                            0x080007e1   Thumb Code     0  uidiv.o(.text)
    __aeabi_uidivmod                         0x080007e1   Thumb Code    44  uidiv.o(.text)
    __aeabi_uldivmod                         0x0800080d   Thumb Code    98  uldiv.o(.text)
    __aeabi_llsl                             0x0800086f   Thumb Code    30  llshl.o(.text)
    _ll_shift_l                              0x0800086f   Thumb Code     0  llshl.o(.text)
    __aeabi_llsr                             0x0800088d   Thumb Code    32  llushr.o(.text)
    _ll_ushift_r                             0x0800088d   Thumb Code     0  llushr.o(.text)
    __aeabi_lasr                             0x080008ad   Thumb Code    36  llsshr.o(.text)
    _ll_sshift_r                             0x080008ad   Thumb Code     0  llsshr.o(.text)
    posix_memalign                           0x080008d1   Thumb Code    36  memalign.o(.text)
    __I$use$fp                               0x080008f5   Thumb Code     0  iusefp.o(.text)
    _float_round                             0x080008f5   Thumb Code    18  fepilogue.o(.text)
    _float_epilogue                          0x08000907   Thumb Code    92  fepilogue.o(.text)
    _double_round                            0x08000963   Thumb Code    30  depilogue.o(.text)
    _double_epilogue                         0x08000981   Thumb Code   156  depilogue.o(.text)
    __ARM_scalbn                             0x08000a1d   Thumb Code    46  dscalb.o(.text)
    scalbn                                   0x08000a1d   Thumb Code     0  dscalb.o(.text)
    _dsqrt                                   0x08000a4b   Thumb Code   162  dsqrt.o(.text)
    _drem                                    0x08000aed   Thumb Code   134  drem.o(.text)
    __aeabi_i2d                              0x08000b73   Thumb Code    34  dflti.o(.text)
    __aeabi_d2ulz                            0x08000b95   Thumb Code    48  dfixul.o(.text)
    __aeabi_cdcmpeq                          0x08000bc5   Thumb Code     0  cdcmple.o(.text)
    __aeabi_cdcmple                          0x08000bc5   Thumb Code    48  cdcmple.o(.text)
    __aeabi_cdrcmple                         0x08000bf5   Thumb Code    48  cdrcmple.o(.text)
    __scatterload                            0x08000c25   Thumb Code    38  init.o(.text)
    __scatterload_rt2                        0x08000c25   Thumb Code     0  init.o(.text)
    __aeabi_d2iz                             0x08000c55   Thumb Code    62  dfixi.o(.text)
    ADC1_2_IRQHandler                        0x08000c95   Thumb Code    12  stm32f1xx_it.o(.text.ADC1_2_IRQHandler)
    ADC_ConversionStop_Disable               0x08000ca1   Thumb Code    84  stm32f1xx_hal_adc.o(.text.ADC_ConversionStop_Disable)
    ADC_Enable                               0x08000cf5   Thumb Code   174  stm32f1xx_hal_adc.o(.text.ADC_Enable)
    BusFault_Handler                         0x08000da5   Thumb Code     2  stm32f1xx_it.o(.text.BusFault_Handler)
    CURRENT_Init                             0x08000da9   Thumb Code    40  ina240.o(.text.CURRENT_Init)
    Currentloop                              0x08000dd1   Thumb Code   300  bldc_motor.o(.text.Currentloop)
    DebugMon_Handler                         0x08000efd   Thumb Code     2  stm32f1xx_it.o(.text.DebugMon_Handler)
    Error_Handler                            0x08000f01   Thumb Code    10  main.o(.text.Error_Handler)
    HAL_ADCEx_Calibration_Start              0x08000f0d   Thumb Code   282  stm32f1xx_hal_adc_ex.o(.text.HAL_ADCEx_Calibration_Start)
    HAL_ADCEx_InjectedConfigChannel          0x08001029   Thumb Code   538  stm32f1xx_hal_adc_ex.o(.text.HAL_ADCEx_InjectedConfigChannel)
    HAL_ADCEx_InjectedConvCpltCallback       0x08001245   Thumb Code   692  adc.o(.text.HAL_ADCEx_InjectedConvCpltCallback)
    HAL_ADCEx_InjectedStart_IT               0x080014f9   Thumb Code   184  stm32f1xx_hal_adc_ex.o(.text.HAL_ADCEx_InjectedStart_IT)
    HAL_ADC_ConvCpltCallback                 0x080015b1   Thumb Code     2  stm32f1xx_hal_adc.o(.text.HAL_ADC_ConvCpltCallback)
    HAL_ADC_IRQHandler                       0x080015b5   Thumb Code   238  stm32f1xx_hal_adc.o(.text.HAL_ADC_IRQHandler)
    HAL_ADC_Init                             0x080016a5   Thumb Code   344  stm32f1xx_hal_adc.o(.text.HAL_ADC_Init)
    HAL_ADC_LevelOutOfWindowCallback         0x080017fd   Thumb Code     2  stm32f1xx_hal_adc.o(.text.HAL_ADC_LevelOutOfWindowCallback)
    HAL_ADC_MspInit                          0x08001801   Thumb Code   118  adc.o(.text.HAL_ADC_MspInit)
    HAL_DMA_Abort_IT                         0x08001879   Thumb Code   182  stm32f1xx_hal_dma.o(.text.HAL_DMA_Abort_IT)
    HAL_DMA_GetState                         0x08001931   Thumb Code     6  stm32f1xx_hal_dma.o(.text.HAL_DMA_GetState)
    HAL_GPIO_Init                            0x08001939   Thumb Code   526  stm32f1xx_hal_gpio.o(.text.HAL_GPIO_Init)
    HAL_GPIO_WritePin                        0x08001b49   Thumb Code    10  stm32f1xx_hal_gpio.o(.text.HAL_GPIO_WritePin)
    HAL_GetTick                              0x08001b55   Thumb Code    12  stm32f1xx_hal.o(.text.HAL_GetTick)
    HAL_I2C_AbortCpltCallback                0x08001b61   Thumb Code     2  stm32f1xx_hal_i2c.o(.text.HAL_I2C_AbortCpltCallback)
    HAL_I2C_AddrCallback                     0x08001b65   Thumb Code     2  stm32f1xx_hal_i2c.o(.text.HAL_I2C_AddrCallback)
    HAL_I2C_ER_IRQHandler                    0x08001b69   Thumb Code   340  stm32f1xx_hal_i2c.o(.text.HAL_I2C_ER_IRQHandler)
    HAL_I2C_EV_IRQHandler                    0x08001cbd   Thumb Code  1614  stm32f1xx_hal_i2c.o(.text.HAL_I2C_EV_IRQHandler)
    HAL_I2C_ErrorCallback                    0x0800230d   Thumb Code     2  stm32f1xx_hal_i2c.o(.text.HAL_I2C_ErrorCallback)
    HAL_I2C_Init                             0x08002311   Thumb Code   356  stm32f1xx_hal_i2c.o(.text.HAL_I2C_Init)
    HAL_I2C_ListenCpltCallback               0x08002475   Thumb Code     2  stm32f1xx_hal_i2c.o(.text.HAL_I2C_ListenCpltCallback)
    HAL_I2C_MasterRxCpltCallback             0x08002479   Thumb Code     2  stm32f1xx_hal_i2c.o(.text.HAL_I2C_MasterRxCpltCallback)
    HAL_I2C_MasterTxCpltCallback             0x0800247d   Thumb Code     2  stm32f1xx_hal_i2c.o(.text.HAL_I2C_MasterTxCpltCallback)
    HAL_I2C_MemRxCpltCallback                0x08002481   Thumb Code     2  stm32f1xx_hal_i2c.o(.text.HAL_I2C_MemRxCpltCallback)
    HAL_I2C_MemTxCpltCallback                0x08002485   Thumb Code     2  stm32f1xx_hal_i2c.o(.text.HAL_I2C_MemTxCpltCallback)
    HAL_I2C_Mem_Read                         0x08002489   Thumb Code   842  stm32f1xx_hal_i2c.o(.text.HAL_I2C_Mem_Read)
    HAL_I2C_MspInit                          0x080027d5   Thumb Code   140  i2c.o(.text.HAL_I2C_MspInit)
    HAL_I2C_SlaveRxCpltCallback              0x08002861   Thumb Code     2  stm32f1xx_hal_i2c.o(.text.HAL_I2C_SlaveRxCpltCallback)
    HAL_I2C_SlaveTxCpltCallback              0x08002865   Thumb Code     2  stm32f1xx_hal_i2c.o(.text.HAL_I2C_SlaveTxCpltCallback)
    HAL_IncTick                              0x08002869   Thumb Code    26  stm32f1xx_hal.o(.text.HAL_IncTick)
    HAL_Init                                 0x08002885   Thumb Code    38  stm32f1xx_hal.o(.text.HAL_Init)
    HAL_InitTick                             0x080028ad   Thumb Code    72  stm32f1xx_hal.o(.text.HAL_InitTick)
    HAL_MspInit                              0x080028f5   Thumb Code    66  stm32f1xx_hal_msp.o(.text.HAL_MspInit)
    HAL_NVIC_EnableIRQ                       0x08002939   Thumb Code    34  stm32f1xx_hal_cortex.o(.text.HAL_NVIC_EnableIRQ)
    HAL_NVIC_SetPriority                     0x0800295d   Thumb Code    86  stm32f1xx_hal_cortex.o(.text.HAL_NVIC_SetPriority)
    HAL_NVIC_SetPriorityGrouping             0x080029b5   Thumb Code    32  stm32f1xx_hal_cortex.o(.text.HAL_NVIC_SetPriorityGrouping)
    HAL_RCCEx_GetPeriphCLKFreq               0x080029d5   Thumb Code   228  stm32f1xx_hal_rcc_ex.o(.text.HAL_RCCEx_GetPeriphCLKFreq)
    HAL_RCCEx_PeriphCLKConfig                0x08002acd   Thumb Code   258  stm32f1xx_hal_rcc_ex.o(.text.HAL_RCCEx_PeriphCLKConfig)
    HAL_RCC_ClockConfig                      0x08002bd1   Thumb Code   442  stm32f1xx_hal_rcc.o(.text.HAL_RCC_ClockConfig)
    HAL_RCC_GetPCLK1Freq                     0x08002d8d   Thumb Code    38  stm32f1xx_hal_rcc.o(.text.HAL_RCC_GetPCLK1Freq)
    HAL_RCC_GetPCLK2Freq                     0x08002db5   Thumb Code    38  stm32f1xx_hal_rcc.o(.text.HAL_RCC_GetPCLK2Freq)
    HAL_RCC_OscConfig                        0x08002ddd   Thumb Code  1024  stm32f1xx_hal_rcc.o(.text.HAL_RCC_OscConfig)
    HAL_SYSTICK_Config                       0x080031dd   Thumb Code    44  stm32f1xx_hal_cortex.o(.text.HAL_SYSTICK_Config)
    HAL_TIMEx_ConfigBreakDeadTime            0x08003209   Thumb Code    76  stm32f1xx_hal_tim_ex.o(.text.HAL_TIMEx_ConfigBreakDeadTime)
    HAL_TIMEx_MasterConfigSynchronization    0x08003255   Thumb Code   126  stm32f1xx_hal_tim_ex.o(.text.HAL_TIMEx_MasterConfigSynchronization)
    HAL_TIMEx_PWMN_Start                     0x080032d5   Thumb Code   194  stm32f1xx_hal_tim_ex.o(.text.HAL_TIMEx_PWMN_Start)
    HAL_TIM_Base_Init                        0x08003399   Thumb Code   250  stm32f1xx_hal_tim.o(.text.HAL_TIM_Base_Init)
    HAL_TIM_Base_MspInit                     0x08003495   Thumb Code    48  tim.o(.text.HAL_TIM_Base_MspInit)
    HAL_TIM_ConfigClockSource                0x080034c5   Thumb Code   416  stm32f1xx_hal_tim.o(.text.HAL_TIM_ConfigClockSource)
    HAL_TIM_PWM_ConfigChannel                0x08003665   Thumb Code   516  stm32f1xx_hal_tim.o(.text.HAL_TIM_PWM_ConfigChannel)
    HAL_TIM_PWM_Init                         0x08003869   Thumb Code   250  stm32f1xx_hal_tim.o(.text.HAL_TIM_PWM_Init)
    HAL_TIM_PWM_MspInit                      0x08003965   Thumb Code     2  stm32f1xx_hal_tim.o(.text.HAL_TIM_PWM_MspInit)
    HAL_TIM_PWM_Start                        0x08003969   Thumb Code   218  stm32f1xx_hal_tim.o(.text.HAL_TIM_PWM_Start)
    HAL_UART_Init                            0x08003a45   Thumb Code   226  stm32f1xx_hal_uart.o(.text.HAL_UART_Init)
    HAL_UART_MspInit                         0x08003b29   Thumb Code   122  usart.o(.text.HAL_UART_MspInit)
    HAL_UART_Transmit                        0x08003ba5   Thumb Code   402  stm32f1xx_hal_uart.o(.text.HAL_UART_Transmit)
    HardFault_Handler                        0x08003d39   Thumb Code     2  stm32f1xx_it.o(.text.HardFault_Handler)
    I2C2_ER_IRQHandler                       0x08003d3d   Thumb Code    12  stm32f1xx_it.o(.text.I2C2_ER_IRQHandler)
    I2C2_EV_IRQHandler                       0x08003d49   Thumb Code    12  stm32f1xx_it.o(.text.I2C2_EV_IRQHandler)
    LowPassFilter_Create                     0x08004935   Thumb Code    20  lowpass_filter_interface.o(.text.LowPassFilter_Create)
    LowPassFilter_Update                     0x08004949   Thumb Code     4  lowpass_filter_interface.o(.text.LowPassFilter_Update)
    MX_ADC1_Init                             0x0800494d   Thumb Code   160  adc.o(.text.MX_ADC1_Init)
    MX_GPIO_Init                             0x080049ed   Thumb Code   186  gpio.o(.text.MX_GPIO_Init)
    MX_I2C2_Init                             0x08004aa9   Thumb Code    66  i2c.o(.text.MX_I2C2_Init)
    MX_TIM1_Init                             0x08004aed   Thumb Code   488  tim.o(.text.MX_TIM1_Init)
    MX_USART2_UART_Init                      0x08004cd5   Thumb Code    60  usart.o(.text.MX_USART2_UART_Init)
    MemManage_Handler                        0x08004d11   Thumb Code     2  stm32f1xx_it.o(.text.MemManage_Handler)
    Motor_Init                               0x08004d15   Thumb Code   190  bldc_motor.o(.text.Motor_Init)
    NMI_Handler                              0x08004dd5   Thumb Code     2  stm32f1xx_it.o(.text.NMI_Handler)
    OLED_Clear                               0x08004dd9   Thumb Code   160  oled.o(.text.OLED_Clear)
    OLED_I2C_SendByte                        0x08004e79   Thumb Code   342  oled.o(.text.OLED_I2C_SendByte)
    OLED_Init                                0x08004fd1   Thumb Code   184  oled.o(.text.OLED_Init)
    OLED_ShowChar                            0x08005089   Thumb Code   216  oled.o(.text.OLED_ShowChar)
    OLED_ShowChinese                         0x08005161   Thumb Code   330  oled.o(.text.OLED_ShowChinese)
    OLED_ShowString                          0x080052ad   Thumb Code    42  oled.o(.text.OLED_ShowString)
    OLED_WriteCommand                        0x080052d9   Thumb Code   118  oled.o(.text.OLED_WriteCommand)
    OLED_WriteData                           0x08005351   Thumb Code   118  oled.o(.text.OLED_WriteData)
    PIDController_compute                    0x080053c9   Thumb Code    12  pid_interface.o(.text.PIDController_compute)
    PIDController_create                     0x080053d5   Thumb Code    44  pid_interface.o(.text.PIDController_create)
    PendSV_Handler                           0x08005401   Thumb Code     2  stm32f1xx_it.o(.text.PendSV_Handler)
    SVC_Handler                              0x08005405   Thumb Code     2  stm32f1xx_it.o(.text.SVC_Handler)
    SysTick_Handler                          0x08005409   Thumb Code     4  stm32f1xx_it.o(.text.SysTick_Handler)
    SystemInit                               0x0800540d   Thumb Code     2  system_stm32f1xx.o(.text.SystemInit)
    UsageFault_Handler                       0x08005411   Thumb Code     2  stm32f1xx_it.o(.text.UsageFault_Handler)
    LowPassFilter::LowPassFilter(float)      0x08005489   Thumb Code    22  lowpass_filter.o(.text._ZN13LowPassFilterC2Ef)
    LowPassFilter::LowPassFilter__sub_object(float) 0x08005489   Thumb Code    22  lowpass_filter.o(.text._ZN13LowPassFilterC2Ef)
    LowPassFilter::operator()(float)         0x080054a1   Thumb Code   178  lowpass_filter.o(.text._ZN13LowPassFilterclEf)
    PIDController::PIDController(float, float, float, float, float) 0x08005555   Thumb Code    34  pid.o(.text._ZN13PIDControllerC2Efffff)
    PIDController::PIDController__sub_object(float, float, float, float, float) 0x08005555   Thumb Code    34  pid.o(.text._ZN13PIDControllerC2Efffff)
    PIDController::operator()(float)         0x08005579   Thumb Code   350  pid.o(.text._ZN13PIDControllerclEf)
    std::__2::__libcpp_verbose_abort(char const*, ...) 0x080056d7   Thumb Code    30  verbose_abort.cpp.o(.text._ZNSt3__222__libcpp_verbose_abortEPKcz)
    std::get_new_handler()                   0x080056f5   Thumb Code    12  cxa_handlers.cpp.o(.text._ZSt15get_new_handlerv)
    std::__throw_bad_alloc()                 0x08005701   Thumb Code     8  new_helpers.cpp.o(.text._ZSt17__throw_bad_allocv)
    _electricalAngle                         0x08005739   Thumb Code    20  foc_utils.o(.text._electricalAngle)
    _normalizeAngle                          0x0800574d   Thumb Code    78  foc_utils.o(.text._normalizeAngle)
    fputc                                    0x0800579d   Thumb Code    32  usart.o(.text.fputc)
    getAngle                                 0x080057bd   Thumb Code    66  as5600.o(.text.getAngle)
    getVelocity                              0x08005801   Thumb Code   244  bldc_motor.o(.text.getVelocity)
    main                                     0x080058f5   Thumb Code   358  main.o(.text.main)
    micros                                   0x08005a5d   Thumb Code    78  foc_utils.o(.text.micros)
    move                                     0x08005aad   Thumb Code   344  bldc_motor.o(.text.move)
    setPhaseVoltage                          0x08005c0d   Thumb Code   772  bldc_motor.o(.text.setPhaseVoltage)
    operator new(unsigned int)               0x08005f11   Thumb Code    14  new.cpp.o(__lcxx_override)
    __lcxx_override$$Base                    0x08005f10   Number         0  new.cpp.o(__lcxx_override)
    operator new[](unsigned int)             0x08005f1f   Thumb Code     4  new.cpp.o(__lcxx_override)
    operator new(unsigned int, std::align_val_t) 0x08005f23   Thumb Code    14  new.cpp.o(__lcxx_override)
    operator new[](unsigned int, std::align_val_t) 0x08005f31   Thumb Code     4  new.cpp.o(__lcxx_override)
    __0printf                                0x08005f35   Thumb Code    22  printfa.o(i.__0printf)
    __1printf                                0x08005f35   Thumb Code     0  printfa.o(i.__0printf)
    __2printf                                0x08005f35   Thumb Code     0  printfa.o(i.__0printf)
    __c89printf                              0x08005f35   Thumb Code     0  printfa.o(i.__0printf)
    __lcxx_override$$Limit                   0x08005f34   Number         0  new.cpp.o(__lcxx_override)
    printf                                   0x08005f35   Thumb Code     0  printfa.o(i.__0printf)
    __0sprintf                               0x08005f55   Thumb Code    34  printfa.o(i.__0sprintf)
    __1sprintf                               0x08005f55   Thumb Code     0  printfa.o(i.__0sprintf)
    __2sprintf                               0x08005f55   Thumb Code     0  printfa.o(i.__0sprintf)
    __c89sprintf                             0x08005f55   Thumb Code     0  printfa.o(i.__0sprintf)
    sprintf                                  0x08005f55   Thumb Code     0  printfa.o(i.__0sprintf)
    __0vfprintf                              0x08005f7d   Thumb Code    20  printfa.o(i.__0vfprintf)
    __1vfprintf                              0x08005f7d   Thumb Code     0  printfa.o(i.__0vfprintf)
    __2vfprintf                              0x08005f7d   Thumb Code     0  printfa.o(i.__0vfprintf)
    __c89vfprintf                            0x08005f7d   Thumb Code     0  printfa.o(i.__0vfprintf)
    vfprintf                                 0x08005f7d   Thumb Code     0  printfa.o(i.__0vfprintf)
    __ARM_fpclassify                         0x08005f95   Thumb Code    40  fpclassify.o(i.__ARM_fpclassify)
    __aligned_malloc                         0x08005fbd   Thumb Code   142  malloca.o(i.__aligned_malloc)
    __ieee754_rem_pio2                       0x0800605d   Thumb Code   828  rred.o(i.__ieee754_rem_pio2)
    __kernel_cos                             0x080063e5   Thumb Code   230  cos_i.o(i.__kernel_cos)
    __kernel_poly                            0x080064e1   Thumb Code   170  poly.o(i.__kernel_poly)
    __kernel_sin                             0x0800658d   Thumb Code   224  sin_i.o(i.__kernel_sin)
    malloc                                   0x08006679   Thumb Code     6  malloca.o(i.__malloc$memalign)
    __mathlib_dbl_infnan                     0x0800667f   Thumb Code     6  dunder.o(i.__mathlib_dbl_infnan)
    __mathlib_dbl_infnan2                    0x08006685   Thumb Code     4  dunder.o(i.__mathlib_dbl_infnan2)
    __mathlib_dbl_invalid                    0x08006689   Thumb Code    12  dunder.o(i.__mathlib_dbl_invalid)
    __mathlib_dbl_underflow                  0x08006695   Thumb Code    10  dunder.o(i.__mathlib_dbl_underflow)
    __scatterload_copy                       0x080066a5   Thumb Code    14  handlers.o(i.__scatterload_copy)
    __scatterload_null                       0x080066b3   Thumb Code     2  handlers.o(i.__scatterload_null)
    __scatterload_zeroinit                   0x080066b5   Thumb Code    14  handlers.o(i.__scatterload_zeroinit)
    __set_errno                              0x080066c5   Thumb Code     6  errno.o(i.__set_errno)
    atan                                     0x08006f8d   Thumb Code   474  atan.o(i.atan)
    atan2                                    0x080071ad   Thumb Code   374  atan2.o(i.atan2)
    cos                                      0x08007349   Thumb Code   148  cos.o(i.cos)
    fmod                                     0x080073e5   Thumb Code   144  fmod.o(i.fmod)
    sin                                      0x08007479   Thumb Code   150  sin.o(i.sin)
    sqrt                                     0x08007519   Thumb Code    76  sqrt.o(i.sqrt)
    __mathlib_zero                           0x08007630   Data           8  qnan.o(.constdata)
    AHBPrescTable                            0x08007730   Data          16  system_stm32f1xx.o(.rodata.AHBPrescTable)
    APBPrescTable                            0x08007740   Data           8  system_stm32f1xx.o(.rodata.APBPrescTable)
    Font_Chinese                             0x08007748   Data         256  oled.o(.rodata.Font_Chinese)
    OLED_F8x16                               0x0800784a   Data        1520  oled.o(.rodata.OLED_F8x16)
    Region$$Table$$Base                      0x08007e54   Number         0  anon$$obj.o(Region$$Table)
    Region$$Table$$Limit                     0x08007e74   Number         0  anon$$obj.o(Region$$Table)
    __stdout                                 0x20000000   Data           4  stdout.o(.data)
    __stderr                                 0x20000004   Data           4  stderr.o(.data)
    __microlib_freelist                      0x2000000c   Data           4  mvars.o(.data)
    __microlib_freelist_initialised          0x20000010   Data           4  mvars.o(.data)
    uwTickFreq                               0x20000014   Data           1  stm32f1xx_hal.o(.data..L_MergedGlobals)
    uwTickPrio                               0x20000018   Data           4  stm32f1xx_hal.o(.data..L_MergedGlobals)
    SystemCoreClock                          0x2000001c   Data           4  system_stm32f1xx.o(.data.SystemCoreClock)
    ind                                      0x20000020   Data           4  adc.o(ccmram)
    value                                    0x20000028   Data           6  adc.o(.bss..L_MergedGlobals)
    current_clarke                           0x20000030   Data           8  adc.o(.bss..L_MergedGlobals)
    hadc1                                    0x20000038   Data          48  adc.o(.bss..L_MergedGlobals)
    __cxa_new_handler                        0x20000068   Data           4  cxa_default_handlers.cpp.o(.bss.__cxa_new_handler)
    hi2c2                                    0x2000006c   Data          84  i2c.o(.bss.hi2c2)
    htim1                                    0x200000c0   Data          72  tim.o(.bss.htim1)
    huart2                                   0x20000108   Data          72  usart.o(.bss.huart2)
    motor                                    0x20000154   Data         188  main.o(.bss.motor)
    shaft_angle                              0x20000210   Data           4  bldc_motor.o(.bss.shaft_angle)
    uwTick                                   0x20000214   Data           4  stm32f1xx_hal.o(.bss.uwTick)
    __heap_base                              0x20000218   Data           0  startup_stm32f103xb.o(HEAP)
    __heap_limit                             0x20000418   Data           0  startup_stm32f103xb.o(HEAP)
    __initial_sp                             0x20000818   Data           0  startup_stm32f103xb.o(STACK)



==============================================================================

Memory Map of the image

  Image Entry point : 0x080000ed

  Load Region LR_IROM1 (Base: 0x08000000, Size: 0x00007ea0, Max: 0x00010000, ABSOLUTE)

    Execution Region ER_IROM1 (Exec base: 0x08000000, Load base: 0x08000000, Size: 0x00007e74, Max: 0x00010000, ABSOLUTE)

    Exec Addr    Load Addr    Size         Type   Attr      Idx    E Section Name        Object

    0x08000000   0x08000000   0x000000ec   Data   RO            3    RESET               startup_stm32f103xb.o
    0x080000ec   0x080000ec   0x00000000   Code   RO         1496  * .ARM.Collect$$$$00000000  mc_w.l(entry.o)
    0x080000ec   0x080000ec   0x00000004   Code   RO         1874    .ARM.Collect$$$$00000001  mc_w.l(entry2.o)
    0x080000f0   0x080000f0   0x00000004   Code   RO         1877    .ARM.Collect$$$$00000004  mc_w.l(entry5.o)
    0x080000f4   0x080000f4   0x00000000   Code   RO         1879    .ARM.Collect$$$$00000008  mc_w.l(entry7b.o)
    0x080000f4   0x080000f4   0x00000000   Code   RO         1881    .ARM.Collect$$$$0000000A  mc_w.l(entry8b.o)
    0x080000f4   0x080000f4   0x00000008   Code   RO         1882    .ARM.Collect$$$$0000000B  mc_w.l(entry9a.o)
    0x080000fc   0x080000fc   0x00000000   Code   RO         1884    .ARM.Collect$$$$0000000D  mc_w.l(entry10a.o)
    0x080000fc   0x080000fc   0x00000000   Code   RO         1886    .ARM.Collect$$$$0000000F  mc_w.l(entry11a.o)
    0x080000fc   0x080000fc   0x00000004   Code   RO         1875    .ARM.Collect$$$$00002712  mc_w.l(entry2.o)
    0x08000100   0x08000100   0x00000024   Code   RO            4    .text               startup_stm32f103xb.o
    0x08000124   0x08000124   0x000000b0   Code   RO         1774    .text               mf_w.l(fadd.o)
    0x080001d4   0x080001d4   0x00000064   Code   RO         1776    .text               mf_w.l(fmul.o)
    0x08000238   0x08000238   0x0000007c   Code   RO         1778    .text               mf_w.l(fdiv.o)
    0x080002b4   0x080002b4   0x0000014e   Code   RO         1780    .text               mf_w.l(dadd.o)
    0x08000402   0x08000402   0x000000e4   Code   RO         1782    .text               mf_w.l(dmul.o)
    0x080004e6   0x080004e6   0x000000de   Code   RO         1784    .text               mf_w.l(ddiv.o)
    0x080005c4   0x080005c4   0x0000001c   Code   RO         1786    .text               mf_w.l(fcmple.o)
    0x080005e0   0x080005e0   0x0000001c   Code   RO         1788    .text               mf_w.l(fcmplt.o)
    0x080005fc   0x080005fc   0x0000001c   Code   RO         1790    .text               mf_w.l(fcmpge.o)
    0x08000618   0x08000618   0x0000001c   Code   RO         1792    .text               mf_w.l(fcmpgt.o)
    0x08000634   0x08000634   0x0000001c   Code   RO         1794    .text               mf_w.l(fcmpeq.o)
    0x08000650   0x08000650   0x00000036   Code   RO         1796    .text               mf_w.l(dcmple.o)
    0x08000686   0x08000686   0x00000036   Code   RO         1798    .text               mf_w.l(dcmplt.o)
    0x080006bc   0x080006bc   0x00000036   Code   RO         1800    .text               mf_w.l(dcmpgt.o)
    0x080006f2   0x080006f2   0x00000012   Code   RO         1804    .text               mf_w.l(fflti.o)
    0x08000704   0x08000704   0x0000000a   Code   RO         1806    .text               mf_w.l(ffltui.o)
    0x0800070e   0x0800070e   0x0000001a   Code   RO         1808    .text               mf_w.l(dfltui.o)
    0x08000728   0x08000728   0x00000028   Code   RO         1810    .text               mf_w.l(ffixui.o)
    0x08000750   0x08000750   0x00000032   Code   RO         1812    .text               mf_w.l(dfixui.o)
    0x08000782   0x08000782   0x00000026   Code   RO         1814    .text               mf_w.l(f2d.o)
    0x080007a8   0x080007a8   0x00000038   Code   RO         1816    .text               mf_w.l(d2f.o)
    0x080007e0   0x080007e0   0x0000002c   Code   RO         1899    .text               mc_w.l(uidiv.o)
    0x0800080c   0x0800080c   0x00000062   Code   RO         1901    .text               mc_w.l(uldiv.o)
    0x0800086e   0x0800086e   0x0000001e   Code   RO         1903    .text               mc_w.l(llshl.o)
    0x0800088c   0x0800088c   0x00000020   Code   RO         1905    .text               mc_w.l(llushr.o)
    0x080008ac   0x080008ac   0x00000024   Code   RO         1907    .text               mc_w.l(llsshr.o)
    0x080008d0   0x080008d0   0x00000024   Code   RO         1939    .text               mc_w.l(memalign.o)
    0x080008f4   0x080008f4   0x00000000   Code   RO         1948    .text               mc_w.l(iusefp.o)
    0x080008f4   0x080008f4   0x0000006e   Code   RO         1949    .text               mf_w.l(fepilogue.o)
    0x08000962   0x08000962   0x000000ba   Code   RO         1951    .text               mf_w.l(depilogue.o)
    0x08000a1c   0x08000a1c   0x0000002e   Code   RO         1953    .text               mf_w.l(dscalb.o)
    0x08000a4a   0x08000a4a   0x000000a2   Code   RO         1955    .text               mf_w.l(dsqrt.o)
    0x08000aec   0x08000aec   0x00000086   Code   RO         1957    .text               mf_w.l(drem.o)
    0x08000b72   0x08000b72   0x00000022   Code   RO         1959    .text               mf_w.l(dflti.o)
    0x08000b94   0x08000b94   0x00000030   Code   RO         1961    .text               mf_w.l(dfixul.o)
    0x08000bc4   0x08000bc4   0x00000030   Code   RO         1963    .text               mf_w.l(cdcmple.o)
    0x08000bf4   0x08000bf4   0x00000030   Code   RO         1965    .text               mf_w.l(cdrcmple.o)
    0x08000c24   0x08000c24   0x00000030   Code   RO         1982    .text               mc_w.l(init.o)
    0x08000c54   0x08000c54   0x0000003e   Code   RO         1986    .text               mf_w.l(dfixi.o)
    0x08000c92   0x08000c92   0x00000002   PAD
    0x08000c94   0x08000c94   0x0000000c   Code   RO          125    .text.ADC1_2_IRQHandler  stm32f1xx_it.o
    0x08000ca0   0x08000ca0   0x00000054   Code   RO          165    .text.ADC_ConversionStop_Disable  stm32f1xx_hal_adc.o
    0x08000cf4   0x08000cf4   0x000000ae   Code   RO          173    .text.ADC_Enable    stm32f1xx_hal_adc.o
    0x08000da2   0x08000da2   0x00000002   PAD
    0x08000da4   0x08000da4   0x00000002   Code   RO          113    .text.BusFault_Handler  stm32f1xx_it.o
    0x08000da6   0x08000da6   0x00000002   PAD
    0x08000da8   0x08000da8   0x00000028   Code   RO         1273    .text.CURRENT_Init  ina240.o
    0x08000dd0   0x08000dd0   0x0000012c   Code   RO         1194    .text.Currentloop   bldc_motor.o
    0x08000efc   0x08000efc   0x00000002   Code   RO          119    .text.DebugMon_Handler  stm32f1xx_it.o
    0x08000efe   0x08000efe   0x00000002   PAD
    0x08000f00   0x08000f00   0x0000000a   Code   RO           15    .text.Error_Handler  main.o
    0x08000f0a   0x08000f0a   0x00000002   PAD
    0x08000f0c   0x08000f0c   0x0000011a   Code   RO          223    .text.HAL_ADCEx_Calibration_Start  stm32f1xx_hal_adc_ex.o
    0x08001026   0x08001026   0x00000002   PAD
    0x08001028   0x08001028   0x0000021a   Code   RO          245    .text.HAL_ADCEx_InjectedConfigChannel  stm32f1xx_hal_adc_ex.o
    0x08001242   0x08001242   0x00000002   PAD
    0x08001244   0x08001244   0x000002b4   Code   RO           43    .text.HAL_ADCEx_InjectedConvCpltCallback  adc.o
    0x080014f8   0x080014f8   0x000000b8   Code   RO          231    .text.HAL_ADCEx_InjectedStart_IT  stm32f1xx_hal_adc_ex.o
    0x080015b0   0x080015b0   0x00000002   Code   RO          199    .text.HAL_ADC_ConvCpltCallback  stm32f1xx_hal_adc.o
    0x080015b2   0x080015b2   0x00000002   PAD
    0x080015b4   0x080015b4   0x000000ee   Code   RO          197    .text.HAL_ADC_IRQHandler  stm32f1xx_hal_adc.o
    0x080016a2   0x080016a2   0x00000002   PAD
    0x080016a4   0x080016a4   0x00000158   Code   RO          161    .text.HAL_ADC_Init  stm32f1xx_hal_adc.o
    0x080017fc   0x080017fc   0x00000002   Code   RO          201    .text.HAL_ADC_LevelOutOfWindowCallback  stm32f1xx_hal_adc.o
    0x080017fe   0x080017fe   0x00000002   PAD
    0x08001800   0x08001800   0x00000076   Code   RO           39    .text.HAL_ADC_MspInit  adc.o
    0x08001876   0x08001876   0x00000002   PAD
    0x08001878   0x08001878   0x000000b6   Code   RO          403    .text.HAL_DMA_Abort_IT  stm32f1xx_hal_dma.o
    0x0800192e   0x0800192e   0x00000002   PAD
    0x08001930   0x08001930   0x00000006   Code   RO          413    .text.HAL_DMA_GetState  stm32f1xx_hal_dma.o
    0x08001936   0x08001936   0x00000002   PAD
    0x08001938   0x08001938   0x0000020e   Code   RO          369    .text.HAL_GPIO_Init  stm32f1xx_hal_gpio.o
    0x08001b46   0x08001b46   0x00000002   PAD
    0x08001b48   0x08001b48   0x0000000a   Code   RO          375    .text.HAL_GPIO_WritePin  stm32f1xx_hal_gpio.o
    0x08001b52   0x08001b52   0x00000002   PAD
    0x08001b54   0x08001b54   0x0000000c   Code   RO          269    .text.HAL_GetTick   stm32f1xx_hal.o
    0x08001b60   0x08001b60   0x00000002   Code   RO          710    .text.HAL_I2C_AbortCpltCallback  stm32f1xx_hal_i2c.o
    0x08001b62   0x08001b62   0x00000002   PAD
    0x08001b64   0x08001b64   0x00000002   Code   RO          700    .text.HAL_I2C_AddrCallback  stm32f1xx_hal_i2c.o
    0x08001b66   0x08001b66   0x00000002   PAD
    0x08001b68   0x08001b68   0x00000154   Code   RO          690    .text.HAL_I2C_ER_IRQHandler  stm32f1xx_hal_i2c.o
    0x08001cbc   0x08001cbc   0x0000064e   Code   RO          678    .text.HAL_I2C_EV_IRQHandler  stm32f1xx_hal_i2c.o
    0x0800230a   0x0800230a   0x00000002   PAD
    0x0800230c   0x0800230c   0x00000002   Code   RO          708    .text.HAL_I2C_ErrorCallback  stm32f1xx_hal_i2c.o
    0x0800230e   0x0800230e   0x00000002   PAD
    0x08002310   0x08002310   0x00000164   Code   RO          590    .text.HAL_I2C_Init  stm32f1xx_hal_i2c.o
    0x08002474   0x08002474   0x00000002   Code   RO          702    .text.HAL_I2C_ListenCpltCallback  stm32f1xx_hal_i2c.o
    0x08002476   0x08002476   0x00000002   PAD
    0x08002478   0x08002478   0x00000002   Code   RO          694    .text.HAL_I2C_MasterRxCpltCallback  stm32f1xx_hal_i2c.o
    0x0800247a   0x0800247a   0x00000002   PAD
    0x0800247c   0x0800247c   0x00000002   Code   RO          692    .text.HAL_I2C_MasterTxCpltCallback  stm32f1xx_hal_i2c.o
    0x0800247e   0x0800247e   0x00000002   PAD
    0x08002480   0x08002480   0x00000002   Code   RO          706    .text.HAL_I2C_MemRxCpltCallback  stm32f1xx_hal_i2c.o
    0x08002482   0x08002482   0x00000002   PAD
    0x08002484   0x08002484   0x00000002   Code   RO          704    .text.HAL_I2C_MemTxCpltCallback  stm32f1xx_hal_i2c.o
    0x08002486   0x08002486   0x00000002   PAD
    0x08002488   0x08002488   0x0000034a   Code   RO          638    .text.HAL_I2C_Mem_Read  stm32f1xx_hal_i2c.o
    0x080027d2   0x080027d2   0x00000002   PAD
    0x080027d4   0x080027d4   0x0000008c   Code   RO           60    .text.HAL_I2C_MspInit  i2c.o
    0x08002860   0x08002860   0x00000002   Code   RO          698    .text.HAL_I2C_SlaveRxCpltCallback  stm32f1xx_hal_i2c.o
    0x08002862   0x08002862   0x00000002   PAD
    0x08002864   0x08002864   0x00000002   Code   RO          696    .text.HAL_I2C_SlaveTxCpltCallback  stm32f1xx_hal_i2c.o
    0x08002866   0x08002866   0x00000002   PAD
    0x08002868   0x08002868   0x0000001a   Code   RO          267    .text.HAL_IncTick   stm32f1xx_hal.o
    0x08002882   0x08002882   0x00000002   PAD
    0x08002884   0x08002884   0x00000026   Code   RO          257    .text.HAL_Init      stm32f1xx_hal.o
    0x080028aa   0x080028aa   0x00000002   PAD
    0x080028ac   0x080028ac   0x00000048   Code   RO          259    .text.HAL_InitTick  stm32f1xx_hal.o
    0x080028f4   0x080028f4   0x00000042   Code   RO          138    .text.HAL_MspInit   stm32f1xx_hal_msp.o
    0x08002936   0x08002936   0x00000002   PAD
    0x08002938   0x08002938   0x00000022   Code   RO          429    .text.HAL_NVIC_EnableIRQ  stm32f1xx_hal_cortex.o
    0x0800295a   0x0800295a   0x00000002   PAD
    0x0800295c   0x0800295c   0x00000056   Code   RO          427    .text.HAL_NVIC_SetPriority  stm32f1xx_hal_cortex.o
    0x080029b2   0x080029b2   0x00000002   PAD
    0x080029b4   0x080029b4   0x00000020   Code   RO          425    .text.HAL_NVIC_SetPriorityGrouping  stm32f1xx_hal_cortex.o
    0x080029d4   0x080029d4   0x000000f8   Code   RO          359    .text.HAL_RCCEx_GetPeriphCLKFreq  stm32f1xx_hal_rcc_ex.o
    0x08002acc   0x08002acc   0x00000102   Code   RO          355    .text.HAL_RCCEx_PeriphCLKConfig  stm32f1xx_hal_rcc_ex.o
    0x08002bce   0x08002bce   0x00000002   PAD
    0x08002bd0   0x08002bd0   0x000001ba   Code   RO          321    .text.HAL_RCC_ClockConfig  stm32f1xx_hal_rcc.o
    0x08002d8a   0x08002d8a   0x00000002   PAD
    0x08002d8c   0x08002d8c   0x00000026   Code   RO          333    .text.HAL_RCC_GetPCLK1Freq  stm32f1xx_hal_rcc.o
    0x08002db2   0x08002db2   0x00000002   PAD
    0x08002db4   0x08002db4   0x00000026   Code   RO          335    .text.HAL_RCC_GetPCLK2Freq  stm32f1xx_hal_rcc.o
    0x08002dda   0x08002dda   0x00000002   PAD
    0x08002ddc   0x08002ddc   0x00000400   Code   RO          319    .text.HAL_RCC_OscConfig  stm32f1xx_hal_rcc.o
    0x080031dc   0x080031dc   0x0000002c   Code   RO          437    .text.HAL_SYSTICK_Config  stm32f1xx_hal_cortex.o
    0x08003208   0x08003208   0x0000004c   Code   RO         1025    .text.HAL_TIMEx_ConfigBreakDeadTime  stm32f1xx_hal_tim_ex.o
    0x08003254   0x08003254   0x0000007e   Code   RO         1023    .text.HAL_TIMEx_MasterConfigSynchronization  stm32f1xx_hal_tim_ex.o
    0x080032d2   0x080032d2   0x00000002   PAD
    0x080032d4   0x080032d4   0x000000c2   Code   RO          993    .text.HAL_TIMEx_PWMN_Start  stm32f1xx_hal_tim_ex.o
    0x08003396   0x08003396   0x00000002   PAD
    0x08003398   0x08003398   0x000000fa   Code   RO          728    .text.HAL_TIM_Base_Init  stm32f1xx_hal_tim.o
    0x08003492   0x08003492   0x00000002   PAD
    0x08003494   0x08003494   0x00000030   Code   RO           77    .text.HAL_TIM_Base_MspInit  tim.o
    0x080034c4   0x080034c4   0x000001a0   Code   RO          908    .text.HAL_TIM_ConfigClockSource  stm32f1xx_hal_tim.o
    0x08003664   0x08003664   0x00000204   Code   RO          882    .text.HAL_TIM_PWM_ConfigChannel  stm32f1xx_hal_tim.o
    0x08003868   0x08003868   0x000000fa   Code   RO          782    .text.HAL_TIM_PWM_Init  stm32f1xx_hal_tim.o
    0x08003962   0x08003962   0x00000002   PAD
    0x08003964   0x08003964   0x00000002   Code   RO          784    .text.HAL_TIM_PWM_MspInit  stm32f1xx_hal_tim.o
    0x08003966   0x08003966   0x00000002   PAD
    0x08003968   0x08003968   0x000000da   Code   RO          790    .text.HAL_TIM_PWM_Start  stm32f1xx_hal_tim.o
    0x08003a42   0x08003a42   0x00000002   PAD
    0x08003a44   0x08003a44   0x000000e2   Code   RO         1047    .text.HAL_UART_Init  stm32f1xx_hal_uart.o
    0x08003b26   0x08003b26   0x00000002   PAD
    0x08003b28   0x08003b28   0x0000007a   Code   RO           92    .text.HAL_UART_MspInit  usart.o
    0x08003ba2   0x08003ba2   0x00000002   PAD
    0x08003ba4   0x08003ba4   0x00000192   Code   RO         1061    .text.HAL_UART_Transmit  stm32f1xx_hal_uart.o
    0x08003d36   0x08003d36   0x00000002   PAD
    0x08003d38   0x08003d38   0x00000002   Code   RO          109    .text.HardFault_Handler  stm32f1xx_it.o
    0x08003d3a   0x08003d3a   0x00000002   PAD
    0x08003d3c   0x08003d3c   0x0000000c   Code   RO          129    .text.I2C2_ER_IRQHandler  stm32f1xx_it.o
    0x08003d48   0x08003d48   0x0000000c   Code   RO          127    .text.I2C2_EV_IRQHandler  stm32f1xx_it.o
    0x08003d54   0x08003d54   0x0000011e   Code   RO          664    .text.I2C_DMAAbort  stm32f1xx_hal_i2c.o
    0x08003e72   0x08003e72   0x00000002   PAD
    0x08003e74   0x08003e74   0x0000018c   Code   RO          676    .text.I2C_ITError   stm32f1xx_hal_i2c.o
    0x08004000   0x08004000   0x000000f8   Code   RO          688    .text.I2C_MasterReceive_BTF  stm32f1xx_hal_i2c.o
    0x080040f8   0x080040f8   0x0000013e   Code   RO          686    .text.I2C_MasterReceive_RXNE  stm32f1xx_hal_i2c.o
    0x08004236   0x08004236   0x00000002   PAD
    0x08004238   0x08004238   0x00000082   Code   RO          682    .text.I2C_MasterTransmit_BTF  stm32f1xx_hal_i2c.o
    0x080042ba   0x080042ba   0x00000002   PAD
    0x080042bc   0x080042bc   0x000000b2   Code   RO          680    .text.I2C_MasterTransmit_TXE  stm32f1xx_hal_i2c.o
    0x0800436e   0x0800436e   0x00000002   PAD
    0x08004370   0x08004370   0x000000be   Code   RO          684    .text.I2C_MemoryTransmit_TXE_BTF  stm32f1xx_hal_i2c.o
    0x0800442e   0x0800442e   0x00000002   PAD
    0x08004430   0x08004430   0x00000112   Code   RO          640    .text.I2C_RequestMemoryRead  stm32f1xx_hal_i2c.o
    0x08004542   0x08004542   0x00000002   PAD
    0x08004544   0x08004544   0x000001ca   Code   RO          600    .text.I2C_WaitOnFlagUntilTimeout  stm32f1xx_hal_i2c.o
    0x0800470e   0x0800470e   0x00000002   PAD
    0x08004710   0x08004710   0x000000d6   Code   RO          718    .text.I2C_WaitOnMasterAddressFlagUntilTimeout  stm32f1xx_hal_i2c.o
    0x080047e6   0x080047e6   0x00000002   PAD
    0x080047e8   0x080047e8   0x00000090   Code   RO          608    .text.I2C_WaitOnRXNEFlagUntilTimeout  stm32f1xx_hal_i2c.o
    0x08004878   0x08004878   0x000000ba   Code   RO          602    .text.I2C_WaitOnTXEFlagUntilTimeout  stm32f1xx_hal_i2c.o
    0x08004932   0x08004932   0x00000002   PAD
    0x08004934   0x08004934   0x00000014   Code   RO         1386    .text.LowPassFilter_Create  lowpass_filter_interface.o
    0x08004948   0x08004948   0x00000004   Code   RO         1390    .text.LowPassFilter_Update  lowpass_filter_interface.o
    0x0800494c   0x0800494c   0x000000a0   Code   RO           37    .text.MX_ADC1_Init  adc.o
    0x080049ec   0x080049ec   0x000000ba   Code   RO           28    .text.MX_GPIO_Init  gpio.o
    0x08004aa6   0x08004aa6   0x00000002   PAD
    0x08004aa8   0x08004aa8   0x00000042   Code   RO           58    .text.MX_I2C2_Init  i2c.o
    0x08004aea   0x08004aea   0x00000002   PAD
    0x08004aec   0x08004aec   0x000001e8   Code   RO           73    .text.MX_TIM1_Init  tim.o
    0x08004cd4   0x08004cd4   0x0000003c   Code   RO           90    .text.MX_USART2_UART_Init  usart.o
    0x08004d10   0x08004d10   0x00000002   Code   RO          111    .text.MemManage_Handler  stm32f1xx_it.o
    0x08004d12   0x08004d12   0x00000002   PAD
    0x08004d14   0x08004d14   0x000000be   Code   RO         1182    .text.Motor_Init    bldc_motor.o
    0x08004dd2   0x08004dd2   0x00000002   PAD
    0x08004dd4   0x08004dd4   0x00000002   Code   RO          107    .text.NMI_Handler   stm32f1xx_it.o
    0x08004dd6   0x08004dd6   0x00000002   PAD
    0x08004dd8   0x08004dd8   0x000000a0   Code   RO         1236    .text.OLED_Clear    oled.o
    0x08004e78   0x08004e78   0x00000156   Code   RO         1228    .text.OLED_I2C_SendByte  oled.o
    0x08004fce   0x08004fce   0x00000002   PAD
    0x08004fd0   0x08004fd0   0x000000b8   Code   RO         1260    .text.OLED_Init     oled.o
    0x08005088   0x08005088   0x000000d8   Code   RO         1238    .text.OLED_ShowChar  oled.o
    0x08005160   0x08005160   0x0000014a   Code   RO         1242    .text.OLED_ShowChinese  oled.o
    0x080052aa   0x080052aa   0x00000002   PAD
    0x080052ac   0x080052ac   0x0000002a   Code   RO         1240    .text.OLED_ShowString  oled.o
    0x080052d6   0x080052d6   0x00000002   PAD
    0x080052d8   0x080052d8   0x00000076   Code   RO         1230    .text.OLED_WriteCommand  oled.o
    0x0800534e   0x0800534e   0x00000002   PAD
    0x08005350   0x08005350   0x00000076   Code   RO         1232    .text.OLED_WriteData  oled.o
    0x080053c6   0x080053c6   0x00000002   PAD
    0x080053c8   0x080053c8   0x0000000c   Code   RO         1404    .text.PIDController_compute  pid_interface.o
    0x080053d4   0x080053d4   0x0000002c   Code   RO         1400    .text.PIDController_create  pid_interface.o
    0x08005400   0x08005400   0x00000002   Code   RO          121    .text.PendSV_Handler  stm32f1xx_it.o
    0x08005402   0x08005402   0x00000002   PAD
    0x08005404   0x08005404   0x00000002   Code   RO          117    .text.SVC_Handler   stm32f1xx_it.o
    0x08005406   0x08005406   0x00000002   PAD
    0x08005408   0x08005408   0x00000004   Code   RO          123    .text.SysTick_Handler  stm32f1xx_it.o
    0x0800540c   0x0800540c   0x00000002   Code   RO         1167    .text.SystemInit    system_stm32f1xx.o
    0x0800540e   0x0800540e   0x00000002   PAD
    0x08005410   0x08005410   0x00000002   Code   RO          115    .text.UsageFault_Handler  stm32f1xx_it.o
    0x08005412   0x08005412   0x00000002   PAD
    0x08005414   0x08005414   0x00000026   Code   RO         1430    .text._ZL17operator_new_implj  libcpp_w.l(new.cpp.o)
    0x0800543a   0x0800543a   0x00000002   PAD
    0x0800543c   0x0800543c   0x0000004a   Code   RO         1448    .text._ZL25operator_new_aligned_impljSt11align_val_t  libcpp_w.l(new.cpp.o)
    0x08005486   0x08005486   0x00000002   PAD
    0x08005488   0x08005488   0x00000016   Code   RO         1286    .text._ZN13LowPassFilterC2Ef  lowpass_filter.o
    0x0800549e   0x0800549e   0x00000002   PAD
    0x080054a0   0x080054a0   0x000000b2   Code   RO         1288    .text._ZN13LowPassFilterclEf  lowpass_filter.o
    0x08005552   0x08005552   0x00000002   PAD
    0x08005554   0x08005554   0x00000022   Code   RO         1298    .text._ZN13PIDControllerC2Efffff  pid.o
    0x08005576   0x08005576   0x00000002   PAD
    0x08005578   0x08005578   0x0000015e   Code   RO         1300    .text._ZN13PIDControllerclEf  pid.o
    0x080056d6   0x080056d6   0x0000001e   Code   RO         1468    .text._ZNSt3__222__libcpp_verbose_abortEPKcz  libcpp_w.l(verbose_abort.cpp.o)
    0x080056f4   0x080056f4   0x0000000c   Code   RO         1836    .text._ZSt15get_new_handlerv  libcppabi_w.l(cxa_handlers.cpp.o)
    0x08005700   0x08005700   0x00000038   Code   RO         1819    .text._ZSt17__throw_bad_allocv  libcpp_w.l(new_helpers.cpp.o)
    0x08005738   0x08005738   0x00000014   Code   RO         1312    .text._electricalAngle  foc_utils.o
    0x0800574c   0x0800574c   0x0000004e   Code   RO         1310    .text._normalizeAngle  foc_utils.o
    0x0800579a   0x0800579a   0x00000002   PAD
    0x0800579c   0x0800579c   0x00000020   Code   RO           96    .text.fputc         usart.o
    0x080057bc   0x080057bc   0x00000042   Code   RO         1212    .text.getAngle      as5600.o
    0x080057fe   0x080057fe   0x00000002   PAD
    0x08005800   0x08005800   0x000000f4   Code   RO         1190    .text.getVelocity   bldc_motor.o
    0x080058f4   0x080058f4   0x00000166   Code   RO           11    .text.main          main.o
    0x08005a5a   0x08005a5a   0x00000002   PAD
    0x08005a5c   0x08005a5c   0x0000004e   Code   RO         1320    .text.micros        foc_utils.o
    0x08005aaa   0x08005aaa   0x00000002   PAD
    0x08005aac   0x08005aac   0x00000160   Code   RO         1198    .text.move          bldc_motor.o
    0x08005c0c   0x08005c0c   0x00000304   Code   RO         1186    .text.setPhaseVoltage  bldc_motor.o
    0x08005f10   0x08005f10   0x00000024   Code   RO         1428    __lcxx_override     libcpp_w.l(new.cpp.o)
    0x08005f34   0x08005f34   0x00000020   Code   RO         1746    i.__0printf         mc_w.l(printfa.o)
    0x08005f54   0x08005f54   0x00000028   Code   RO         1748    i.__0sprintf        mc_w.l(printfa.o)
    0x08005f7c   0x08005f7c   0x00000018   Code   RO         1749    i.__0vfprintf       mc_w.l(printfa.o)
    0x08005f94   0x08005f94   0x00000028   Code   RO         1861    i.__ARM_fpclassify  m_ws.l(fpclassify.o)
    0x08005fbc   0x08005fbc   0x000000a0   Code   RO         1923    i.__aligned_malloc  mc_w.l(malloca.o)
    0x0800605c   0x0800605c   0x00000388   Code   RO         1866    i.__ieee754_rem_pio2  m_ws.l(rred.o)
    0x080063e4   0x080063e4   0x000000fc   Code   RO         1844    i.__kernel_cos      m_ws.l(cos_i.o)
    0x080064e0   0x080064e0   0x000000aa   Code   RO         1863    i.__kernel_poly     m_ws.l(poly.o)
    0x0800658a   0x0800658a   0x00000002   PAD
    0x0800658c   0x0800658c   0x000000ec   Code   RO         1871    i.__kernel_sin      m_ws.l(sin_i.o)
    0x08006678   0x08006678   0x00000006   Code   RO         1925    i.__malloc$memalign  mc_w.l(malloca.o)
    0x0800667e   0x0800667e   0x00000006   Code   RO         1848    i.__mathlib_dbl_infnan  m_ws.l(dunder.o)
    0x08006684   0x08006684   0x00000004   Code   RO         1849    i.__mathlib_dbl_infnan2  m_ws.l(dunder.o)
    0x08006688   0x08006688   0x0000000c   Code   RO         1850    i.__mathlib_dbl_invalid  m_ws.l(dunder.o)
    0x08006694   0x08006694   0x00000010   Code   RO         1853    i.__mathlib_dbl_underflow  m_ws.l(dunder.o)
    0x080066a4   0x080066a4   0x0000000e   Code   RO         1990    i.__scatterload_copy  mc_w.l(handlers.o)
    0x080066b2   0x080066b2   0x00000002   Code   RO         1991    i.__scatterload_null  mc_w.l(handlers.o)
    0x080066b4   0x080066b4   0x0000000e   Code   RO         1992    i.__scatterload_zeroinit  mc_w.l(handlers.o)
    0x080066c2   0x080066c2   0x00000002   PAD
    0x080066c4   0x080066c4   0x0000000c   Code   RO         1943    i.__set_errno       mc_w.l(errno.o)
    0x080066d0   0x080066d0   0x00000184   Code   RO         1753    i._fp_digits        mc_w.l(printfa.o)
    0x08006854   0x08006854   0x000006dc   Code   RO         1754    i._printf_core      mc_w.l(printfa.o)
    0x08006f30   0x08006f30   0x00000024   Code   RO         1755    i._printf_post_padding  mc_w.l(printfa.o)
    0x08006f54   0x08006f54   0x0000002e   Code   RO         1756    i._printf_pre_padding  mc_w.l(printfa.o)
    0x08006f82   0x08006f82   0x0000000a   Code   RO         1758    i._sputc            mc_w.l(printfa.o)
    0x08006f8c   0x08006f8c   0x00000220   Code   RO         1840    i.atan              m_ws.l(atan.o)
    0x080071ac   0x080071ac   0x0000019c   Code   RO         1472    i.atan2             m_ws.l(atan2.o)
    0x08007348   0x08007348   0x0000009c   Code   RO         1476    i.cos               m_ws.l(cos.o)
    0x080073e4   0x080073e4   0x00000094   Code   RO         1480    i.fmod              m_ws.l(fmod.o)
    0x08007478   0x08007478   0x000000a0   Code   RO         1489    i.sin               m_ws.l(sin.o)
    0x08007518   0x08007518   0x0000004c   Code   RO         1493    i.sqrt              m_ws.l(sqrt.o)
    0x08007564   0x08007564   0x00000004   PAD
    0x08007568   0x08007568   0x00000098   Data   RO         1841    .constdata          m_ws.l(atan.o)
    0x08007600   0x08007600   0x00000030   Data   RO         1845    .constdata          m_ws.l(cos_i.o)
    0x08007630   0x08007630   0x00000008   Data   RO         1865    .constdata          m_ws.l(qnan.o)
    0x08007638   0x08007638   0x000000cc   Data   RO         1868    .constdata          m_ws.l(rred.o)
    0x08007704   0x08007704   0x00000004   PAD
    0x08007708   0x08007708   0x00000028   Data   RO         1872    .constdata          m_ws.l(sin_i.o)
    0x08007730   0x08007730   0x00000010   Data   RO         1172    .rodata.AHBPrescTable  system_stm32f1xx.o
    0x08007740   0x08007740   0x00000008   Data   RO         1173    .rodata.APBPrescTable  system_stm32f1xx.o
    0x08007748   0x08007748   0x00000100   Data   RO         1263    .rodata.Font_Chinese  oled.o
    0x08007848   0x08007848   0x00000002   Data   RO          346    .rodata.HAL_RCC_GetSysClockFreq.aPredivFactorTable  stm32f1xx_hal_rcc.o
    0x0800784a   0x0800784a   0x000005f0   Data   RO         1262    .rodata.OLED_F8x16  oled.o
    0x08007e3a   0x08007e3a   0x00000010   Data   RO          345    .rodata.cst16       stm32f1xx_hal_rcc.o
    0x08007e4a   0x08007e4a   0x00000003   Data   RO           17    .rodata.str1.1      main.o
    0x08007e4d   0x08007e4d   0x00000005   Data   RO         1201    .rodata.str1.1      bldc_motor.o
    0x08007e52   0x08007e52   0x00000002   PAD
    0x08007e54   0x08007e54   0x00000020   Data   RO         1989    Region$$Table       anon$$obj.o


    Execution Region RW_IRAM1 (Exec base: 0x20000000, Load base: 0x08007e78, Size: 0x00000818, Max: 0x00005000, ABSOLUTE)

    Exec Addr    Load Addr    Size         Type   Attr      Idx    E Section Name        Object

    0x20000000   0x08007e78   0x00000004   Data   RW         1888    .data               mc_w.l(stdout.o)
    0x20000004   0x08007e7c   0x00000004   Data   RW         1889    .data               mc_w.l(stderr.o)
    0x20000008   0x08007e80   0x00000004   Data   RW         1944    .data               mc_w.l(errno.o)
    0x2000000c   0x08007e84   0x00000004   Data   RW         1984    .data               mc_w.l(mvars.o)
    0x20000010   0x08007e88   0x00000004   Data   RW         1985    .data               mc_w.l(mvars.o)
    0x20000014   0x08007e8c   0x00000008   Data   RW          308    .data..L_MergedGlobals  stm32f1xx_hal.o
    0x2000001c   0x08007e94   0x00000004   Data   RW         1171    .data.SystemCoreClock  system_stm32f1xx.o
    0x20000020   0x08007e98   0x00000004   Data   RW           45    ccmram              adc.o
    0x20000024   0x08007e9c   0x00000004   PAD
    0x20000028        -       0x00000040   Zero   RW           49    .bss..L_MergedGlobals  adc.o
    0x20000068        -       0x00000004   Zero   RW         1980    .bss.__cxa_new_handler  libcppabi_w.l(cxa_default_handlers.cpp.o)
    0x2000006c        -       0x00000054   Zero   RW           64    .bss.hi2c2          i2c.o
    0x200000c0        -       0x00000048   Zero   RW           81    .bss.htim1          tim.o
    0x20000108        -       0x00000048   Zero   RW           98    .bss.huart2         usart.o
    0x20000150        -       0x00000004   Zero   RW         1322    .bss.micros.tms     foc_utils.o
    0x20000154        -       0x000000bc   Zero   RW           18    .bss.motor          main.o
    0x20000210        -       0x00000004   Zero   RW         1200    .bss.shaft_angle    bldc_motor.o
    0x20000214        -       0x00000004   Zero   RW          307    .bss.uwTick         stm32f1xx_hal.o
    0x20000218        -       0x00000200   Zero   RW            2    HEAP                startup_stm32f103xb.o
    0x20000418        -       0x00000400   Zero   RW            1    STACK               startup_stm32f103xb.o


==============================================================================

Image component sizes


      Code (inc. data)   RO Data    RW Data    ZI Data      Debug   Object Name

       970          0          0          4         64       8661   adc.o
        66          0          0          0          0       4030   as5600.o
      1858         14          5          0          4       7617   bldc_motor.o
       176          0          0          0          4       4145   foc_utils.o
       186          0          0          0          0       1576   gpio.o
       206          0          0          0         84       5613   i2c.o
        40          0          0          0          0       1102   ina240.o
       200          0          0          0          0      13461   lowpass_filter.o
        24          0          0          0          0       1366   lowpass_filter_interface.o
       368          0          3          0        188       6460   main.o
      1510          0       1776          0          0      11416   oled.o
       384          0          0          0          0      13893   pid.o
        56          0          0          0          0       1256   pid_interface.o
        36          8        236          0       1536        776   startup_stm32f103xb.o
       148          0          0          8          4       5750   stm32f1xx_hal.o
       844          0          0          0          0      13521   stm32f1xx_hal_adc.o
      1004          0          0          0          0       9857   stm32f1xx_hal_adc_ex.o
       196          0          0          0          0       8405   stm32f1xx_hal_cortex.o
       188          0          0          0          0       8553   stm32f1xx_hal_dma.o
       536         22          0          0          0       4747   stm32f1xx_hal_gpio.o
      6194         16          0          0          0      45099   stm32f1xx_hal_i2c.o
        66          0          0          0          0       1191   stm32f1xx_hal_msp.o
      1542          0         18          0          0       8058   stm32f1xx_hal_rcc.o
       506         20          0          0          0       3662   stm32f1xx_hal_rcc_ex.o
      1652          6          0          0          0      58562   stm32f1xx_hal_tim.o
       396          0          0          0          0      21203   stm32f1xx_hal_tim_ex.o
       628          0          0          0          0      33143   stm32f1xx_hal_uart.o
        56          0          0          0          0       5124   stm32f1xx_it.o
         2          0         24          4          0       1569   system_stm32f1xx.o
       536          0          0          0         72       6674   tim.o
       214          0          0          0         72       4799   usart.o

    ----------------------------------------------------------------------
     20938         86       2096         16       2032     321289   Object Totals
         0          0         32          0          0          0   (incl. Generated)
       150          0          2          0          4          0   (incl. Padding)

    ----------------------------------------------------------------------

      Code (inc. data)   RO Data    RW Data    ZI Data      Debug   Library Member Name

       148          0          0          0          0        412   new.cpp.o
        56         48          0          0          0         36   new_helpers.cpp.o
        30          0          0          0          0         40   verbose_abort.cpp.o
         0          0          0          0          4          0   cxa_default_handlers.cpp.o
        12          0          0          0          0        132   cxa_handlers.cpp.o
       544         70        152          0          0        124   atan.o
       412         38          0          0          0        144   atan2.o
       156          8          0          0          0        104   cos.o
       252         22         48          0          0        124   cos_i.o
        38          6          0          0          0        272   dunder.o
       148          4          0          0          0         88   fmod.o
        40          0          0          0          0         68   fpclassify.o
       170          0          0          0          0         96   poly.o
         0          0          8          0          0          0   qnan.o
       904         76        204          0          0        140   rred.o
       160         10          0          0          0        108   sin.o
       236         12         40          0          0        128   sin_i.o
        76          0          0          0          0         84   sqrt.o
         0          0          0          0          0          0   entry.o
         0          0          0          0          0          0   entry10a.o
         0          0          0          0          0          0   entry11a.o
         8          4          0          0          0          0   entry2.o
         4          0          0          0          0          0   entry5.o
         0          0          0          0          0          0   entry7b.o
         0          0          0          0          0          0   entry8b.o
         8          4          0          0          0          0   entry9a.o
        12          6          0          4          0         68   errno.o
        30          0          0          0          0          0   handlers.o
        48         10          0          0          0         68   init.o
         0          0          0          0          0          0   iusefp.o
        30          0          0          0          0         68   llshl.o
        36          0          0          0          0         68   llsshr.o
        32          0          0          0          0         68   llushr.o
       166         18          0          0          0        156   malloca.o
        36          0          0          0          0         76   memalign.o
         0          0          0          8          0          0   mvars.o
      2332        100          0          0          0        684   printfa.o
         0          0          0          4          0          0   stderr.o
         0          0          0          4          0          0   stdout.o
        44          0          0          0          0         80   uidiv.o
        98          0          0          0          0         92   uldiv.o
        48          0          0          0          0         68   cdcmple.o
        48          0          0          0          0         68   cdrcmple.o
        56          0          0          0          0         88   d2f.o
       334          0          0          0          0        148   dadd.o
        54          0          0          0          0         80   dcmpgt.o
        54          0          0          0          0         80   dcmple.o
        54          0          0          0          0         80   dcmplt.o
       222          0          0          0          0        100   ddiv.o
       186          0          0          0          0        176   depilogue.o
        62          0          0          0          0         80   dfixi.o
        50          0          0          0          0         76   dfixui.o
        48          0          0          0          0         68   dfixul.o
        34          0          0          0          0         76   dflti.o
        26          0          0          0          0         76   dfltui.o
       228          0          0          0          0         96   dmul.o
       134          0          0          0          0         96   drem.o
        46          0          0          0          0         80   dscalb.o
       162          0          0          0          0        100   dsqrt.o
        38          0          0          0          0         68   f2d.o
       176          0          0          0          0        140   fadd.o
        28          0          0          0          0         68   fcmpeq.o
        28          0          0          0          0         68   fcmpge.o
        28          0          0          0          0         68   fcmpgt.o
        28          0          0          0          0         68   fcmple.o
        28          0          0          0          0         68   fcmplt.o
       124          0          0          0          0         88   fdiv.o
       110          0          0          0          0        168   fepilogue.o
        40          0          0          0          0         68   ffixui.o
        18          0          0          0          0         68   fflti.o
        10          0          0          0          0         68   ffltui.o
       100          0          0          0          0         76   fmul.o

    ----------------------------------------------------------------------
      8882        436        456         20          4       6248   Library Totals
        14          0          4          0          0          0   (incl. Padding)

    ----------------------------------------------------------------------

      Code (inc. data)   RO Data    RW Data    ZI Data      Debug   Library Name

       234         48          0          0          0        488   libcpp_w.l
        12          0          0          0          4        132   libcppabi_w.l
      3136        246        452          0          0       1480   m_ws.l
      2884        142          0         20          0       1428   mc_w.l
      2602          0          0          0          0       2720   mf_w.l

    ----------------------------------------------------------------------
      8882        436        456         20          4       6248   Library Totals

    ----------------------------------------------------------------------

==============================================================================


      Code (inc. data)   RO Data    RW Data    ZI Data      Debug   

     29820        522       2552         36       2036     323857   Grand Totals
     29820        522       2552         36       2036     323857   ELF Image Totals
     29820        522       2552         36          0          0   ROM Totals

==============================================================================

    Total RO  Size (Code + RO Data)                32372 (  31.61kB)
    Total RW  Size (RW Data + ZI Data)              2072 (   2.02kB)
    Total ROM Size (Code + RO Data + RW Data)      32408 (  31.65kB)

==============================================================================

