Component: ARM Compiler 5.06 update 7 (build 960) Tool: armlink [4d3601]

==============================================================================

Section Cross References

    startup_stm32f10x_md.o(RESET) refers to startup_stm32f10x_md.o(STACK) for __initial_sp
    startup_stm32f10x_md.o(RESET) refers to startup_stm32f10x_md.o(.text) for Reset_Handler
    startup_stm32f10x_md.o(RESET) refers to stm32f10x_it.o(i.NMI_Handler) for NMI_Handler
    startup_stm32f10x_md.o(RESET) refers to stm32f10x_it.o(i.HardFault_Handler) for HardFault_Handler
    startup_stm32f10x_md.o(RESET) refers to stm32f10x_it.o(i.MemManage_Handler) for MemManage_Handler
    startup_stm32f10x_md.o(RESET) refers to stm32f10x_it.o(i.BusFault_Handler) for BusFault_Handler
    startup_stm32f10x_md.o(RESET) refers to stm32f10x_it.o(i.UsageFault_Handler) for UsageFault_Handler
    startup_stm32f10x_md.o(RESET) refers to stm32f10x_it.o(i.SVC_Handler) for SVC_Handler
    startup_stm32f10x_md.o(RESET) refers to stm32f10x_it.o(i.DebugMon_Handler) for DebugMon_Handler
    startup_stm32f10x_md.o(RESET) refers to stm32f10x_it.o(i.PendSV_Handler) for PendSV_Handler
    startup_stm32f10x_md.o(RESET) refers to sys.o(i.SysTick_Handler) for SysTick_Handler
    startup_stm32f10x_md.o(RESET) refers to countsensor.o(i.EXTI1_IRQHandler) for EXTI1_IRQHandler
    startup_stm32f10x_md.o(RESET) refers to adcx.o(i.DMA1_Channel1_IRQHandler) for DMA1_Channel1_IRQHandler
    startup_stm32f10x_md.o(.text) refers to system_stm32f10x.o(i.SystemInit) for SystemInit
    startup_stm32f10x_md.o(.text) refers to entry.o(.ARM.Collect$$$$00000000) for __main
    system_stm32f10x.o(i.SetSysClock) refers to system_stm32f10x.o(i.SetSysClockTo72) for SetSysClockTo72
    system_stm32f10x.o(i.SystemCoreClockUpdate) refers to system_stm32f10x.o(.data) for SystemCoreClock
    system_stm32f10x.o(i.SystemInit) refers to system_stm32f10x.o(i.SetSysClock) for SetSysClock
    stm32f10x_adc.o(i.ADC_DeInit) refers to stm32f10x_rcc.o(i.RCC_APB2PeriphResetCmd) for RCC_APB2PeriphResetCmd
    stm32f10x_bkp.o(i.BKP_DeInit) refers to stm32f10x_rcc.o(i.RCC_BackupResetCmd) for RCC_BackupResetCmd
    stm32f10x_can.o(i.CAN_DeInit) refers to stm32f10x_rcc.o(i.RCC_APB1PeriphResetCmd) for RCC_APB1PeriphResetCmd
    stm32f10x_can.o(i.CAN_GetITStatus) refers to stm32f10x_can.o(i.CheckITStatus) for CheckITStatus
    stm32f10x_cec.o(i.CEC_DeInit) refers to stm32f10x_rcc.o(i.RCC_APB1PeriphResetCmd) for RCC_APB1PeriphResetCmd
    stm32f10x_dac.o(i.DAC_DeInit) refers to stm32f10x_rcc.o(i.RCC_APB1PeriphResetCmd) for RCC_APB1PeriphResetCmd
    stm32f10x_flash.o(i.FLASH_EnableWriteProtection) refers to stm32f10x_flash.o(i.FLASH_WaitForLastOperation) for FLASH_WaitForLastOperation
    stm32f10x_flash.o(i.FLASH_EraseAllBank1Pages) refers to stm32f10x_flash.o(i.FLASH_WaitForLastBank1Operation) for FLASH_WaitForLastBank1Operation
    stm32f10x_flash.o(i.FLASH_EraseAllPages) refers to stm32f10x_flash.o(i.FLASH_WaitForLastOperation) for FLASH_WaitForLastOperation
    stm32f10x_flash.o(i.FLASH_EraseOptionBytes) refers to stm32f10x_flash.o(i.FLASH_GetReadOutProtectionStatus) for FLASH_GetReadOutProtectionStatus
    stm32f10x_flash.o(i.FLASH_EraseOptionBytes) refers to stm32f10x_flash.o(i.FLASH_WaitForLastOperation) for FLASH_WaitForLastOperation
    stm32f10x_flash.o(i.FLASH_ErasePage) refers to stm32f10x_flash.o(i.FLASH_WaitForLastOperation) for FLASH_WaitForLastOperation
    stm32f10x_flash.o(i.FLASH_ProgramHalfWord) refers to stm32f10x_flash.o(i.FLASH_WaitForLastOperation) for FLASH_WaitForLastOperation
    stm32f10x_flash.o(i.FLASH_ProgramOptionByteData) refers to stm32f10x_flash.o(i.FLASH_WaitForLastOperation) for FLASH_WaitForLastOperation
    stm32f10x_flash.o(i.FLASH_ProgramWord) refers to stm32f10x_flash.o(i.FLASH_WaitForLastOperation) for FLASH_WaitForLastOperation
    stm32f10x_flash.o(i.FLASH_ReadOutProtection) refers to stm32f10x_flash.o(i.FLASH_WaitForLastOperation) for FLASH_WaitForLastOperation
    stm32f10x_flash.o(i.FLASH_UserOptionByteConfig) refers to stm32f10x_flash.o(i.FLASH_WaitForLastOperation) for FLASH_WaitForLastOperation
    stm32f10x_flash.o(i.FLASH_WaitForLastBank1Operation) refers to stm32f10x_flash.o(i.FLASH_GetBank1Status) for FLASH_GetBank1Status
    stm32f10x_flash.o(i.FLASH_WaitForLastOperation) refers to stm32f10x_flash.o(i.FLASH_GetBank1Status) for FLASH_GetBank1Status
    stm32f10x_gpio.o(i.GPIO_AFIODeInit) refers to stm32f10x_rcc.o(i.RCC_APB2PeriphResetCmd) for RCC_APB2PeriphResetCmd
    stm32f10x_gpio.o(i.GPIO_DeInit) refers to stm32f10x_rcc.o(i.RCC_APB2PeriphResetCmd) for RCC_APB2PeriphResetCmd
    stm32f10x_i2c.o(i.I2C_DeInit) refers to stm32f10x_rcc.o(i.RCC_APB1PeriphResetCmd) for RCC_APB1PeriphResetCmd
    stm32f10x_i2c.o(i.I2C_Init) refers to stm32f10x_rcc.o(i.RCC_GetClocksFreq) for RCC_GetClocksFreq
    stm32f10x_pwr.o(i.PWR_DeInit) refers to stm32f10x_rcc.o(i.RCC_APB1PeriphResetCmd) for RCC_APB1PeriphResetCmd
[...]
    BSP\Sensor\mq4.c                         0x00000000   Number         0  mq4.o ABSOLUTE
    BSP\Sensor\mq7.c                         0x00000000   Number         0  mq7.o ABSOLUTE
    BSP\Sensor\ms1100.c                      0x00000000   Number         0  ms1100.o ABSOLUTE
    BSP\Sensor\ph.c                          0x00000000   Number         0  ph.o ABSOLUTE
    BSP\Sensor\rain.c                        0x00000000   Number         0  rain.o ABSOLUTE
    BSP\Sensor\sgp30.c                       0x00000000   Number         0  sgp30.o ABSOLUTE
    BSP\Sensor\sht30.c                       0x00000000   Number         0  sht30.o ABSOLUTE
    BSP\Sensor\sw420.c                       0x00000000   Number         0  sw420.o ABSOLUTE
    BSP\Sensor\tds.c                         0x00000000   Number         0  tds.o ABSOLUTE
    BSP\Sensor\ts_300b.c                     0x00000000   Number         0  ts_300b.o ABSOLUTE
    BSP\Sensor\water.c                       0x00000000   Number         0  water.o ABSOLUTE
    BSP\Sensor\xinlv.c                       0x00000000   Number         0  xinlv.o ABSOLUTE
    HardWare\KEY.c                           0x00000000   Number         0  key.o ABSOLUTE
    HardWare\LED.c                           0x00000000   Number         0  led.o ABSOLUTE
    HardWare\OLED.c                          0x00000000   Number         0  oled.o ABSOLUTE
    HardWare\OLED_Data.c                     0x00000000   Number         0  oled_data.o ABSOLUTE
    Library\misc.c                           0x00000000   Number         0  misc.o ABSOLUTE
    Library\stm32f10x_adc.c                  0x00000000   Number         0  stm32f10x_adc.o ABSOLUTE
    Library\stm32f10x_bkp.c                  0x00000000   Number         0  stm32f10x_bkp.o ABSOLUTE
    Library\stm32f10x_can.c                  0x00000000   Number         0  stm32f10x_can.o ABSOLUTE
    Library\stm32f10x_cec.c                  0x00000000   Number         0  stm32f10x_cec.o ABSOLUTE
    Library\stm32f10x_crc.c                  0x00000000   Number         0  stm32f10x_crc.o ABSOLUTE
    Library\stm32f10x_dac.c                  0x00000000   Number         0  stm32f10x_dac.o ABSOLUTE
    Library\stm32f10x_dbgmcu.c               0x00000000   Number         0  stm32f10x_dbgmcu.o ABSOLUTE
    Library\stm32f10x_dma.c                  0x00000000   Number         0  stm32f10x_dma.o ABSOLUTE
    Library\stm32f10x_exti.c                 0x00000000   Number         0  stm32f10x_exti.o ABSOLUTE
    Library\stm32f10x_flash.c                0x00000000   Number         0  stm32f10x_flash.o ABSOLUTE
    Library\stm32f10x_fsmc.c                 0x00000000   Number         0  stm32f10x_fsmc.o ABSOLUTE
    Library\stm32f10x_gpio.c                 0x00000000   Number         0  stm32f10x_gpio.o ABSOLUTE
    Library\stm32f10x_i2c.c                  0x00000000   Number         0  stm32f10x_i2c.o ABSOLUTE
    Library\stm32f10x_iwdg.c                 0x00000000   Number         0  stm32f10x_iwdg.o ABSOLUTE
    Library\stm32f10x_pwr.c                  0x00000000   Number         0  stm32f10x_pwr.o ABSOLUTE
    Library\stm32f10x_rcc.c                  0x00000000   Number         0  stm32f10x_rcc.o ABSOLUTE
    Library\stm32f10x_rtc.c                  0x00000000   Number         0  stm32f10x_rtc.o ABSOLUTE
    Library\stm32f10x_sdio.c                 0x00000000   Number         0  stm32f10x_sdio.o ABSOLUTE
    Library\stm32f10x_spi.c                  0x00000000   Number         0  stm32f10x_spi.o ABSOLUTE
    Library\stm32f10x_tim.c                  0x00000000   Number         0  stm32f10x_tim.o ABSOLUTE
    Library\stm32f10x_usart.c                0x00000000   Number         0  stm32f10x_usart.o ABSOLUTE
    Library\stm32f10x_wwdg.c                 0x00000000   Number         0  stm32f10x_wwdg.o ABSOLUTE
    Middlewares\cJSON.c                      0x00000000   Number         0  cjson.o ABSOLUTE
    Start\\core_cm3.c                        0x00000000   Number         0  core_cm3.o ABSOLUTE
    Start\core_cm3.c                         0x00000000   Number         0  core_cm3.o ABSOLUTE
    Start\startup_stm32f10x_md.s             0x00000000   Number         0  startup_stm32f10x_md.o ABSOLUTE
    Start\system_stm32f10x.c                 0x00000000   Number         0  system_stm32f10x.o ABSOLUTE
    System\MyRTC.c                           0x00000000   Number         0  myrtc.o ABSOLUTE
    System\Task.c                            0x00000000   Number         0  task.o ABSOLUTE
    System\adcx.c                            0x00000000   Number         0  adcx.o ABSOLUTE
    System\sys.c                             0x00000000   Number         0  sys.o ABSOLUTE
    User\main.c                              0x00000000   Number         0  main.o ABSOLUTE
    User\stm32f10x_it.c                      0x00000000   Number         0  stm32f10x_it.o ABSOLUTE
    cdcmple.s                                0x00000000   Number         0  cdcmple.o ABSOLUTE
    cdrcmple.s                               0x00000000   Number         0  cdrcmple.o ABSOLUTE
    cfcmple.s                                0x00000000   Number         0  cfcmple.o ABSOLUTE
    cfrcmple.s                               0x00000000   Number         0  cfrcmple.o ABSOLUTE
    dc.s                                     0x00000000   Number         0  dc.o ABSOLUTE
    handlers.s                               0x00000000   Number         0  handlers.o ABSOLUTE
    init.s                                   0x00000000   Number         0  init.o ABSOLUTE
    RESET                                    0x08000000   Section      236  startup_stm32f10x_md.o(RESET)
    .ARM.Collect$$$$00000000                 0x080000ec   Section        0  entry.o(.ARM.Collect$$$$00000000)
    .ARM.Collect$$$$00000001                 0x080000ec   Section        4  entry2.o(.ARM.Collect$$$$00000001)
    .ARM.Collect$$$$00000004                 0x080000f0   Section        4  entry5.o(.ARM.Collect$$$$00000004)
    .ARM.Collect$$$$00000008                 0x080000f4   Section        0  entry7b.o(.ARM.Collect$$$$00000008)
    .ARM.Collect$$$$0000000A                 0x080000f4   Section        0  entry8b.o(.ARM.Collect$$$$0000000A)
    .ARM.Collect$$$$0000000B                 0x080000f4   Section        8  entry9a.o(.ARM.Collect$$$$0000000B)
    .ARM.Collect$$$$0000000E                 0x080000fc   Section        4  entry12b.o(.ARM.Collect$$$$0000000E)
    .ARM.Collect$$$$0000000F                 0x08000100   Section        0  entry10a.o(.ARM.Collect$$$$0000000F)
    .ARM.Collect$$$$00000011                 0x08000100   Section        0  entry11a.o(.ARM.Collect$$$$00000011)
    .ARM.Collect$$$$00002712                 0x08000100   Section        4  entry2.o(.ARM.Collect$$$$00002712)
    __lit__00000000                          0x08000100   Data           4  entry2.o(.ARM.Collect$$$$00002712)
    .text                                    0x08000104   Section       36  startup_stm32f10x_md.o(.text)
    .text                                    0x08000128   Section        0  mktime.o(.text)
    .text                                    0x080001d0   Section        0  memmovea.o(.text)
    .text                                    0x08000210   Section        0  memseta.o(.text)
    .text                                    0x08000234   Section        0  strcmp.o(.text)
    .text                                    0x08000250   Section        0  memcmp.o(.text)
    .text                                    0x0800026a   Section        0  fadd.o(.text)
    .text                                    0x0800031a   Section        0  fmul.o(.text)
    .text                                    0x0800037e   Section        0  fdiv.o(.text)
    .text                                    0x080003fa   Section        0  dadd.o(.text)
    .text                                    0x08000548   Section        0  dmul.o(.text)
    .text                                    0x0800062c   Section        0  ddiv.o(.text)
    .text                                    0x0800070a   Section        0  ffltui.o(.text)
    .text                                    0x08000714   Section        0  dflti.o(.text)
    .text                                    0x08000736   Section        0  dfixui.o(.text)
    .text                                    0x08000768   Section        0  f2d.o(.text)
    .text                                    0x08000790   Section       48  cdrcmple.o(.text)
    .text                                    0x080007c0   Section        0  uidiv.o(.text)
    .text                                    0x080007ec   Section        0  uldiv.o(.text)
    .text                                    0x0800084e   Section        0  llshl.o(.text)
    .text                                    0x0800086c   Section        0  llushr.o(.text)
    .text                                    0x0800088c   Section        0  llsshr.o(.text)
    .text                                    0x080008b0   Section        0  localtime_w.o(.text)
    .text                                    0x080008bc   Section        0  localtime_i.o(.text)
    .text                                    0x08000948   Section        0  iusefp.o(.text)
    .text                                    0x08000948   Section        0  fepilogue.o(.text)
    .text                                    0x080009b6   Section        0  depilogue.o(.text)
    .text                                    0x08000a70   Section        0  dscalb.o(.text)
    .text                                    0x08000a9e   Section        0  dsqrt.o(.text)
    .text                                    0x08000b40   Section        0  dfixul.o(.text)
    .text                                    0x08000b70   Section       36  init.o(.text)
    i.ADC_Cmd                                0x08000b94   Section        0  stm32f10x_adc.o(i.ADC_Cmd)
    i.ADC_DMACmd                             0x08000baa   Section        0  stm32f10x_adc.o(i.ADC_DMACmd)
    i.ADC_DMA_Init                           0x08000bc0   Section        0  adcx.o(i.ADC_DMA_Init)
    i.ADC_GetCalibrationStatus               0x08000c48   Section        0  stm32f10x_adc.o(i.ADC_GetCalibrationStatus)
    i.ADC_GetResetCalibrationStatus          0x08000c5c   Section        0  stm32f10x_adc.o(i.ADC_GetResetCalibrationStatus)
    i.ADC_Init                               0x08000c70   Section        0  stm32f10x_adc.o(i.ADC_Init)
    i.ADC_RegularChannelConfig               0x08000cc0   Section        0  stm32f10x_adc.o(i.ADC_RegularChannelConfig)
    i.ADC_ResetCalibration                   0x08000d78   Section        0  stm32f10x_adc.o(i.ADC_ResetCalibration)
    i.ADC_SoftwareStartConvCmd               0x08000d82   Section        0  stm32f10x_adc.o(i.ADC_SoftwareStartConvCmd)
    i.ADC_StartAutoConvert                   0x08000d98   Section        0  adcx.o(i.ADC_StartAutoConvert)
    i.ADC_StartCalibration                   0x08000df4   Section        0  stm32f10x_adc.o(i.ADC_StartCalibration)
    i.ADCx_AdvancedInit                      0x08000dfe   Section        0  adcx.o(i.ADCx_AdvancedInit)
    i.ADCx_Init                              0x08000e10   Section        0  adcx.o(i.ADCx_Init)
    i.Action_Data_Press                      0x08000e80   Section        0  action_task.o(i.Action_Data_Press)
    i.Action_Execute                         0x08000e84   Section        0  action_task.o(i.Action_Execute)
    i.Action_Key_Process                     0x08000ec0   Section        0  action_task.o(i.Action_Key_Process)
    i.Action_Limit_Press                     0x08000f44   Section        0  action_task.o(i.Action_Limit_Press)
    i.Action_OLED_Update                     0x08000f48   Section        0  action_task.o(i.Action_OLED_Update)
    i.Actuator_Execute                       0x0800109c   Section        0  actuator_task.o(i.Actuator_Execute)
    i.Actuator_Init                          0x08001108   Section        0  actuator_task.o(i.Actuator_Init)
    i.BKP_ReadBackupRegister                 0x08001140   Section        0  stm32f10x_bkp.o(i.BKP_ReadBackupRegister)
    i.BKP_WriteBackupRegister                0x0800115c   Section        0  stm32f10x_bkp.o(i.BKP_WriteBackupRegister)
    i.BusFault_Handler                       0x08001178   Section        0  stm32f10x_it.o(i.BusFault_Handler)
    i.ClearBitMask                           0x0800117c   Section        0  mfrc522.o(i.ClearBitMask)
    i.Comm_Execute                           0x08001198   Section        0  comm_task.o(i.Comm_Execute)
    i.Comm_Init                              0x080011a8   Section        0  comm_task.o(i.Comm_Init)
    i.DMA1_Channel1_IRQHandler               0x080011ac   Section        0  adcx.o(i.DMA1_Channel1_IRQHandler)
    i.DMA_ClearITPendingBit                  0x080011c8   Section        0  stm32f10x_dma.o(i.DMA_ClearITPendingBit)
    i.DMA_Cmd                                0x080011e4   Section        0  stm32f10x_dma.o(i.DMA_Cmd)
    i.DMA_DeInit                             0x080011fc   Section        0  stm32f10x_dma.o(i.DMA_DeInit)
    i.DMA_GetITStatus                        0x08001348   Section        0  stm32f10x_dma.o(i.DMA_GetITStatus)
    i.DMA_ITConfig                           0x08001374   Section        0  stm32f10x_dma.o(i.DMA_ITConfig)
    i.DMA_Init                               0x08001386   Section        0  stm32f10x_dma.o(i.DMA_Init)
    i.DebugMon_Handler                       0x080013c2   Section        0  stm32f10x_it.o(i.DebugMon_Handler)
    i.EXTI1_IRQHandler                       0x080013c4   Section        0  countsensor.o(i.EXTI1_IRQHandler)
    i.EXTI_ClearITPendingBit                 0x080013f4   Section        0  stm32f10x_exti.o(i.EXTI_ClearITPendingBit)
    i.EXTI_GetITStatus                       0x08001400   Section        0  stm32f10x_exti.o(i.EXTI_GetITStatus)
    i.Extern_Execute                         0x08001428   Section        0  extern_task.o(i.Extern_Execute)
    i.Extern_Init                            0x08001438   Section        0  extern_task.o(i.Extern_Init)
    i.GPIO_Init                              0x0800143a   Section        0  stm32f10x_gpio.o(i.GPIO_Init)
    i.GPIO_PinRemapConfig                    0x08001550   Section        0  stm32f10x_gpio.o(i.GPIO_PinRemapConfig)
    i.GPIO_ReadInputDataBit                  0x080015e0   Section        0  stm32f10x_gpio.o(i.GPIO_ReadInputDataBit)
    i.GPIO_ResetBits                         0x080015f2   Section        0  stm32f10x_gpio.o(i.GPIO_ResetBits)
    i.GPIO_SetBits                           0x080015f6   Section        0  stm32f10x_gpio.o(i.GPIO_SetBits)
    i.GPIO_WriteBit                          0x080015fa   Section        0  stm32f10x_gpio.o(i.GPIO_WriteBit)
    i.HardFault_Handler                      0x08001604   Section        0  stm32f10x_it.o(i.HardFault_Handler)
    i.Key_Init                               0x08001608   Section        0  key.o(i.Key_Init)
    i.Key_Scan                               0x08001668   Section        0  key.o(i.Key_Scan)
    i.Key_Tick                               0x080016b8   Section        0  key.o(i.Key_Tick)
    i.LDR_GetData                            0x0800179c   Section        0  sensor_task.o(i.LDR_GetData)
    LDR_GetData                              0x0800179d   Thumb Code    12  sensor_task.o(i.LDR_GetData)
    i.LDR_GetValue                           0x080017ac   Section        0  ldr.o(i.LDR_GetValue)
    i.LDR_Init                               0x0800186c   Section        0  ldr.o(i.LDR_Init)
    i.MFRC522_AddCard                        0x08001898   Section        0  mfrc522.o(i.MFRC522_AddCard)
    i.MFRC522_AntennaOff                     0x08001908   Section        0  mfrc522.o(i.MFRC522_AntennaOff)
    i.MFRC522_AntennaOn                      0x08001914   Section        0  mfrc522.o(i.MFRC522_AntennaOn)
    i.MFRC522_Anticoll                       0x0800192e   Section        0  mfrc522.o(i.MFRC522_Anticoll)
    i.MFRC522_DeleteAllCard                  0x080019a0   Section        0  mfrc522.o(i.MFRC522_DeleteAllCard)
    i.MFRC522_DeleteCard                     0x080019b8   Section        0  mfrc522.o(i.MFRC522_DeleteCard)
    i.MFRC522_GetData                        0x08001a44   Section        0  sensor_task.o(i.MFRC522_GetData)
    MFRC522_GetData                          0x08001a45   Thumb Code    16  sensor_task.o(i.MFRC522_GetData)
    i.MFRC522_Init                           0x08001a58   Section        0  mfrc522.o(i.MFRC522_Init)
    i.MFRC522_ReadCard                       0x08001aec   Section        0  mfrc522.o(i.MFRC522_ReadCard)
    i.MFRC522_Request                        0x08001ba4   Section        0  mfrc522.o(i.MFRC522_Request)
    i.MFRC522_Reset                          0x08001bfc   Section        0  mfrc522.o(i.MFRC522_Reset)
    i.MFRC522_ToCard                         0x08001c88   Section        0  mfrc522.o(i.MFRC522_ToCard)
    i.MemManage_Handler                      0x08001dc2   Section        0  stm32f10x_it.o(i.MemManage_Handler)
    i.MyRTC_Init                             0x08001dc6   Section        0  myrtc.o(i.MyRTC_Init)
    i.MyRTC_ReadTime                         0x08001e58   Section        0  myrtc.o(i.MyRTC_ReadTime)
    i.MyRTC_SetTime                          0x08001ea0   Section        0  myrtc.o(i.MyRTC_SetTime)
    i.NMI_Handler                            0x08001eec   Section        0  stm32f10x_it.o(i.NMI_Handler)
    i.NVICConfig_Init                        0x08001eee   Section        0  sys.o(i.NVICConfig_Init)
    i.NVIC_PriorityGroupConfig               0x08001f04   Section        0  misc.o(i.NVIC_PriorityGroupConfig)
    i.NVIC_SetVectorTable                    0x08001f18   Section        0  misc.o(i.NVIC_SetVectorTable)
    i.OLED_Clear                             0x08001f2c   Section        0  oled.o(i.OLED_Clear)
    i.OLED_ClearArea                         0x08001f54   Section        0  oled.o(i.OLED_ClearArea)
    i.OLED_GPIO_Init                         0x08001fe4   Section        0  oled.o(i.OLED_GPIO_Init)
    i.OLED_I2C_SendByte                      0x0800204c   Section        0  oled.o(i.OLED_I2C_SendByte)
    i.OLED_I2C_Start                         0x0800208a   Section        0  oled.o(i.OLED_I2C_Start)
    i.OLED_I2C_Stop                          0x080020a6   Section        0  oled.o(i.OLED_I2C_Stop)
    i.OLED_Init                              0x080020bc   Section        0  oled.o(i.OLED_Init)
    i.OLED_Printf                            0x08002156   Section        0  oled.o(i.OLED_Printf)
    i.OLED_SetCursor                         0x08002188   Section        0  oled.o(i.OLED_SetCursor)
    i.OLED_ShowChar                          0x080021ac   Section        0  oled.o(i.OLED_ShowChar)
    i.OLED_ShowImage                         0x08002200   Section        0  oled.o(i.OLED_ShowImage)
    i.OLED_ShowString                        0x080022fc   Section        0  oled.o(i.OLED_ShowString)
    i.OLED_Update                            0x0800240c   Section        0  oled.o(i.OLED_Update)
    i.OLED_W_SCL                             0x08002434   Section        0  oled.o(i.OLED_W_SCL)
    i.OLED_W_SDA                             0x0800244c   Section        0  oled.o(i.OLED_W_SDA)
    i.OLED_WriteCommand                      0x08002464   Section        0  oled.o(i.OLED_WriteCommand)
    i.OLED_WriteData                         0x08002484   Section        0  oled.o(i.OLED_WriteData)
    i.PWR_BackupAccessCmd                    0x080024b4   Section        0  stm32f10x_pwr.o(i.PWR_BackupAccessCmd)
    i.PendSV_Handler                         0x080024c0   Section        0  stm32f10x_it.o(i.PendSV_Handler)
    i.Peripheral_Init                        0x080024c4   Section        0  sys.o(i.Peripheral_Init)
    i.RCC_ADCCLKConfig                       0x080024e4   Section        0  stm32f10x_rcc.o(i.RCC_ADCCLKConfig)
    i.RCC_AHBPeriphClockCmd                  0x080024fc   Section        0  stm32f10x_rcc.o(i.RCC_AHBPeriphClockCmd)
    i.RCC_APB1PeriphClockCmd                 0x0800251c   Section        0  stm32f10x_rcc.o(i.RCC_APB1PeriphClockCmd)
    i.RCC_APB2PeriphClockCmd                 0x0800253c   Section        0  stm32f10x_rcc.o(i.RCC_APB2PeriphClockCmd)
    i.RCC_GetFlagStatus                      0x0800255c   Section        0  stm32f10x_rcc.o(i.RCC_GetFlagStatus)
    i.RCC_LSICmd                             0x08002598   Section        0  stm32f10x_rcc.o(i.RCC_LSICmd)
    i.RCC_RTCCLKCmd                          0x080025a4   Section        0  stm32f10x_rcc.o(i.RCC_RTCCLKCmd)
    i.RCC_RTCCLKConfig                       0x080025b0   Section        0  stm32f10x_rcc.o(i.RCC_RTCCLKConfig)
    i.RTC_EnterConfigMode                    0x080025c0   Section        0  stm32f10x_rtc.o(i.RTC_EnterConfigMode)
    i.RTC_ExitConfigMode                     0x080025d4   Section        0  stm32f10x_rtc.o(i.RTC_ExitConfigMode)
    i.RTC_GetCounter                         0x080025e8   Section        0  stm32f10x_rtc.o(i.RTC_GetCounter)
    i.RTC_SetCounter                         0x080025fc   Section        0  stm32f10x_rtc.o(i.RTC_SetCounter)
    i.RTC_SetPrescaler                       0x08002618   Section        0  stm32f10x_rtc.o(i.RTC_SetPrescaler)
    i.RTC_WaitForLastTask                    0x08002638   Section        0  stm32f10x_rtc.o(i.RTC_WaitForLastTask)
    i.RTC_WaitForSynchro                     0x0800264c   Section        0  stm32f10x_rtc.o(i.RTC_WaitForSynchro)
    i.Read_MFRC522                           0x08002670   Section        0  mfrc522.o(i.Read_MFRC522)
    i.RealTime_Task                          0x08002744   Section        0  task.o(i.RealTime_Task)
    i.SVC_Handler                            0x0800274c   Section        0  stm32f10x_it.o(i.SVC_Handler)
    i.Sensor_Execute                         0x08002750   Section        0  sensor_task.o(i.Sensor_Execute)
    i.Sensor_Init                            0x08002790   Section        0  sensor_task.o(i.Sensor_Init)
    i.SetBitMask                             0x0800279c   Section        0  mfrc522.o(i.SetBitMask)
    i.SetSysClock                            0x080027b8   Section        0  system_stm32f10x.o(i.SetSysClock)
    SetSysClock                              0x080027b9   Thumb Code     8  system_stm32f10x.o(i.SetSysClock)
    i.SetSysClockTo72                        0x080027c0   Section        0  system_stm32f10x.o(i.SetSysClockTo72)
    SetSysClockTo72                          0x080027c1   Thumb Code   214  system_stm32f10x.o(i.SetSysClockTo72)
    i.SysTick_CLKSourceConfig                0x080028a0   Section        0  misc.o(i.SysTick_CLKSourceConfig)
    i.SysTick_Handler                        0x080028c8   Section        0  sys.o(i.SysTick_Handler)
    i.SysTick_Init                           0x08002984   Section        0  sys.o(i.SysTick_Init)
    i.SystemInit                             0x08002a08   Section        0  system_stm32f10x.o(i.SystemInit)
    i.Task_HardwareInit                      0x08002a68   Section        0  task.o(i.Task_HardwareInit)
    i.Task_Init                              0x08002a80   Section        0  task.o(i.Task_Init)
    i.Task_Scheduler                         0x08002ad0   Section        0  task.o(i.Task_Scheduler)
    i.UsageFault_Handler                     0x08002b3c   Section        0  stm32f10x_it.o(i.UsageFault_Handler)
    i.Write_MFRC522                          0x08002b40   Section        0  mfrc522.o(i.Write_MFRC522)
    i.__0vsprintf                            0x08002c18   Section        0  printfa.o(i.__0vsprintf)
    i.__ARM_fpclassify                       0x08002c3c   Section        0  fpclassify.o(i.__ARM_fpclassify)
    i.__kernel_poly                          0x08002c64   Section        0  poly.o(i.__kernel_poly)
    i.__mathlib_dbl_divzero                  0x08002d10   Section        0  dunder.o(i.__mathlib_dbl_divzero)
    i.__mathlib_dbl_infnan2                  0x08002d20   Section        0  dunder.o(i.__mathlib_dbl_infnan2)
    i.__mathlib_dbl_invalid                  0x08002d24   Section        0  dunder.o(i.__mathlib_dbl_invalid)
    i.__mathlib_dbl_overflow                 0x08002d30   Section        0  dunder.o(i.__mathlib_dbl_overflow)
    i.__mathlib_dbl_underflow                0x08002d40   Section        0  dunder.o(i.__mathlib_dbl_underflow)
    i.__scatterload_copy                     0x08002d50   Section       14  handlers.o(i.__scatterload_copy)
    i.__scatterload_null                     0x08002d5e   Section        2  handlers.o(i.__scatterload_null)
    i.__scatterload_zeroinit                 0x08002d60   Section       14  handlers.o(i.__scatterload_zeroinit)
    i.__set_errno                            0x08002d70   Section        0  errno.o(i.__set_errno)
    i._fp_digits                             0x08002d7c   Section        0  printfa.o(i._fp_digits)
    _fp_digits                               0x08002d7d   Thumb Code   366  printfa.o(i._fp_digits)
    i._printf_core                           0x08002f00   Section        0  printfa.o(i._printf_core)
    _printf_core                             0x08002f01   Thumb Code  1704  printfa.o(i._printf_core)
    i._printf_post_padding                   0x080035b4   Section        0  printfa.o(i._printf_post_padding)
    _printf_post_padding                     0x080035b5   Thumb Code    36  printfa.o(i._printf_post_padding)
    i._printf_pre_padding                    0x080035d8   Section        0  printfa.o(i._printf_pre_padding)
    _printf_pre_padding                      0x080035d9   Thumb Code    46  printfa.o(i._printf_pre_padding)
    i._sputc                                 0x08003606   Section        0  printfa.o(i._sputc)
    _sputc                                   0x08003607   Thumb Code    10  printfa.o(i._sputc)
    i.delay_ms                               0x08003610   Section        0  sys.o(i.delay_ms)
    i.delay_us                               0x08003628   Section        0  sys.o(i.delay_us)
    i.main                                   0x08003670   Section        0  main.o(i.main)
    i.pow                                    0x08003698   Section        0  pow.o(i.pow)
    i.sqrt                                   0x08004070   Section        0  sqrt.o(i.sqrt)
    .constdata                               0x080040bc   Section     2227  oled_data.o(.constdata)
    .constdata                               0x08004970   Section      136  pow.o(.constdata)
    bp                                       0x08004970   Data          16  pow.o(.constdata)
    dp_h                                     0x08004980   Data          16  pow.o(.constdata)
    dp_l                                     0x08004990   Data          16  pow.o(.constdata)
    L                                        0x080049a0   Data          48  pow.o(.constdata)
    P                                        0x080049d0   Data          40  pow.o(.constdata)
    .constdata                               0x080049f8   Section       12  mktime.o(.constdata)
    monlen                                   0x080049f8   Data          12  mktime.o(.constdata)
    .constdata                               0x08004a08   Section        8  qnan.o(.constdata)
    .constdata                               0x08004a10   Section       12  localtime_i.o(.constdata)
    monlen                                   0x08004a10   Data          12  localtime_i.o(.constdata)
    .data                                    0x20000000   Section       20  system_stm32f10x.o(.data)
    .data                                    0x20000014   Section        1  key.o(.data)
    Tick_Count                               0x20000014   Data           1  key.o(.data)
    .data                                    0x20000018   Section        5  sys.o(.data)
    .data                                    0x2000001d   Section        1  adcx.o(.data)
    .data                                    0x2000001e   Section       12  myrtc.o(.data)
    .data                                    0x2000002c   Section       68  sensor_task.o(.data)
    .data                                    0x20000070   Section        5  actuator_task.o(.data)
    lamp_state                               0x20000074   Data           1  actuator_task.o(.data)
    .data                                    0x20000078   Section        4  comm_task.o(.data)
    .data                                    0x2000007c   Section        4  extern_task.o(.data)
    .data                                    0x20000080   Section        8  action_task.o(.data)
    .data                                    0x20000088   Section        5  mfrc522.o(.data)
    pre_Status                               0x20000088   Data           1  mfrc522.o(.data)
    lastCardId                               0x20000089   Data           4  mfrc522.o(.data)
    .data                                    0x2000008e   Section        2  countsensor.o(.data)
    .data                                    0x20000090   Section        4  errno.o(.data)
    _errno                                   0x20000090   Data           4  errno.o(.data)
    .bss                                     0x20000094   Section       16  key.o(.bss)
    .bss                                     0x200000a4   Section     1024  oled.o(.bss)
    .bss                                     0x200004a4   Section       44  task.o(.bss)
    .bss                                     0x200004d0   Section      200  adcx.o(.bss)
    .bss                                     0x20000598   Section       44  localtime_w.o(.bss)
    _tms                                     0x20000598   Data          44  localtime_w.o(.bss)
    STACK                                    0x200005c8   Section     3072  startup_stm32f10x_md.o(STACK)

    Global Symbols

    Symbol Name                              Value     Ov Type        Size  Object(Section)

    BuildAttributes$$THM_ISAv4$P$D$K$B$S$PE$A:L22UL41UL21$X:L11$S22US41US21$IEEE1$IW$USESV6$~STKCKD$USESV7$~SHL$OTIME$ROPI$IEEEX$EBA8$MICROLIB$REQ8$PRES8$EABIv2 0x00000000   Number         0  anon$$obj.o ABSOLUTE
    __ARM_use_no_argv                        0x00000000   Number         0  main.o ABSOLUTE
    _printf_a                                0x00000000   Number         0  stubs.o ABSOLUTE
    _printf_c                                0x00000000   Number         0  stubs.o ABSOLUTE
    _printf_charcount                        0x00000000   Number         0  stubs.o ABSOLUTE
    _printf_d                                0x00000000   Number         0  stubs.o ABSOLUTE
    _printf_e                                0x00000000   Number         0  stubs.o ABSOLUTE
    _printf_f                                0x00000000   Number         0  stubs.o ABSOLUTE
    _printf_flags                            0x00000000   Number         0  stubs.o ABSOLUTE
    _printf_fp_dec                           0x00000000   Number         0  stubs.o ABSOLUTE
    _printf_fp_hex                           0x00000000   Number         0  stubs.o ABSOLUTE
    _printf_g                                0x00000000   Number         0  stubs.o ABSOLUTE
    _printf_i                                0x00000000   Number         0  stubs.o ABSOLUTE
    _printf_int_dec                          0x00000000   Number         0  stubs.o ABSOLUTE
    _printf_l                                0x00000000   Number         0  stubs.o ABSOLUTE
    _printf_lc                               0x00000000   Number         0  stubs.o ABSOLUTE
    _printf_ll                               0x00000000   Number         0  stubs.o ABSOLUTE
    _printf_lld                              0x00000000   Number         0  stubs.o ABSOLUTE
    _printf_lli                              0x00000000   Number         0  stubs.o ABSOLUTE
    _printf_llo                              0x00000000   Number         0  stubs.o ABSOLUTE
    _printf_llu                              0x00000000   Number         0  stubs.o ABSOLUTE
    _printf_llx                              0x00000000   Number         0  stubs.o ABSOLUTE
    _printf_longlong_dec                     0x00000000   Number         0  stubs.o ABSOLUTE
    _printf_longlong_hex                     0x00000000   Number         0  stubs.o ABSOLUTE
    _printf_longlong_oct                     0x00000000   Number         0  stubs.o ABSOLUTE
    _printf_ls                               0x00000000   Number         0  stubs.o ABSOLUTE
    _printf_mbtowc                           0x00000000   Number         0  stubs.o ABSOLUTE
    _printf_n                                0x00000000   Number         0  stubs.o ABSOLUTE
    _printf_o                                0x00000000   Number         0  stubs.o ABSOLUTE
    _printf_p                                0x00000000   Number         0  stubs.o ABSOLUTE
    _printf_percent                          0x00000000   Number         0  stubs.o ABSOLUTE
    _printf_pre_padding                      0x00000000   Number         0  stubs.o ABSOLUTE
    _printf_return_value                     0x00000000   Number         0  stubs.o ABSOLUTE
    _printf_s                                0x00000000   Number         0  stubs.o ABSOLUTE
    _printf_sizespec                         0x00000000   Number         0  stubs.o ABSOLUTE
    _printf_str                              0x00000000   Number         0  stubs.o ABSOLUTE
    _printf_truncate_signed                  0x00000000   Number         0  stubs.o ABSOLUTE
    _printf_truncate_unsigned                0x00000000   Number         0  stubs.o ABSOLUTE
    _printf_u                                0x00000000   Number         0  stubs.o ABSOLUTE
    _printf_wc                               0x00000000   Number         0  stubs.o ABSOLUTE
    _printf_wctomb                           0x00000000   Number         0  stubs.o ABSOLUTE
    _printf_widthprec                        0x00000000   Number         0  stubs.o ABSOLUTE
    _printf_x                                0x00000000   Number         0  stubs.o ABSOLUTE
    __arm_fini_                               - Undefined Weak Reference
    __cpp_initialize__aeabi_                  - Undefined Weak Reference
    __cxa_finalize                            - Undefined Weak Reference
    __decompress                              - Undefined Weak Reference
    _clock_init                               - Undefined Weak Reference
    _microlib_exit                            - Undefined Weak Reference
    _scanf_int                                - Undefined Weak Reference
    _scanf_longlong                           - Undefined Weak Reference
    _scanf_string                             - Undefined Weak Reference
    __Vectors_Size                           0x000000ec   Number         0  startup_stm32f10x_md.o ABSOLUTE
    __Vectors                                0x08000000   Data           4  startup_stm32f10x_md.o(RESET)
    __Vectors_End                            0x080000ec   Data           0  startup_stm32f10x_md.o(RESET)
    __main                                   0x080000ed   Thumb Code     0  entry.o(.ARM.Collect$$$$00000000)
    _main_stk                                0x080000ed   Thumb Code     0  entry2.o(.ARM.Collect$$$$00000001)
    _main_scatterload                        0x080000f1   Thumb Code     0  entry5.o(.ARM.Collect$$$$00000004)
    __main_after_scatterload                 0x080000f5   Thumb Code     0  entry5.o(.ARM.Collect$$$$00000004)
    _main_clock                              0x080000f5   Thumb Code     0  entry7b.o(.ARM.Collect$$$$00000008)
    _main_cpp_init                           0x080000f5   Thumb Code     0  entry8b.o(.ARM.Collect$$$$0000000A)
    _main_init                               0x080000f5   Thumb Code     0  entry9a.o(.ARM.Collect$$$$0000000B)
    __rt_lib_shutdown_fini                   0x080000fd   Thumb Code     0  entry12b.o(.ARM.Collect$$$$0000000E)
    __rt_final_cpp                           0x08000101   Thumb Code     0  entry10a.o(.ARM.Collect$$$$0000000F)
    __rt_final_exit                          0x08000101   Thumb Code     0  entry11a.o(.ARM.Collect$$$$00000011)
    Reset_Handler                            0x08000105   Thumb Code     8  startup_stm32f10x_md.o(.text)
    ADC1_2_IRQHandler                        0x0800011f   Thumb Code     0  startup_stm32f10x_md.o(.text)
    CAN1_RX1_IRQHandler                      0x0800011f   Thumb Code     0  startup_stm32f10x_md.o(.text)
    CAN1_SCE_IRQHandler                      0x0800011f   Thumb Code     0  startup_stm32f10x_md.o(.text)
    DMA1_Channel2_IRQHandler                 0x0800011f   Thumb Code     0  startup_stm32f10x_md.o(.text)
    DMA1_Channel3_IRQHandler                 0x0800011f   Thumb Code     0  startup_stm32f10x_md.o(.text)
    DMA1_Channel4_IRQHandler                 0x0800011f   Thumb Code     0  startup_stm32f10x_md.o(.text)
    DMA1_Channel5_IRQHandler                 0x0800011f   Thumb Code     0  startup_stm32f10x_md.o(.text)
    DMA1_Channel6_IRQHandler                 0x0800011f   Thumb Code     0  startup_stm32f10x_md.o(.text)
    DMA1_Channel7_IRQHandler                 0x0800011f   Thumb Code     0  startup_stm32f10x_md.o(.text)
    EXTI0_IRQHandler                         0x0800011f   Thumb Code     0  startup_stm32f10x_md.o(.text)
    EXTI15_10_IRQHandler                     0x0800011f   Thumb Code     0  startup_stm32f10x_md.o(.text)
    EXTI2_IRQHandler                         0x0800011f   Thumb Code     0  startup_stm32f10x_md.o(.text)
    EXTI3_IRQHandler                         0x0800011f   Thumb Code     0  startup_stm32f10x_md.o(.text)
    EXTI4_IRQHandler                         0x0800011f   Thumb Code     0  startup_stm32f10x_md.o(.text)
    EXTI9_5_IRQHandler                       0x0800011f   Thumb Code     0  startup_stm32f10x_md.o(.text)
    FLASH_IRQHandler                         0x0800011f   Thumb Code     0  startup_stm32f10x_md.o(.text)
    I2C1_ER_IRQHandler                       0x0800011f   Thumb Code     0  startup_stm32f10x_md.o(.text)
    I2C1_EV_IRQHandler                       0x0800011f   Thumb Code     0  startup_stm32f10x_md.o(.text)
    I2C2_ER_IRQHandler                       0x0800011f   Thumb Code     0  startup_stm32f10x_md.o(.text)
    I2C2_EV_IRQHandler                       0x0800011f   Thumb Code     0  startup_stm32f10x_md.o(.text)
    PVD_IRQHandler                           0x0800011f   Thumb Code     0  startup_stm32f10x_md.o(.text)
    RCC_IRQHandler                           0x0800011f   Thumb Code     0  startup_stm32f10x_md.o(.text)
    RTCAlarm_IRQHandler                      0x0800011f   Thumb Code     0  startup_stm32f10x_md.o(.text)
    RTC_IRQHandler                           0x0800011f   Thumb Code     0  startup_stm32f10x_md.o(.text)
    SPI1_IRQHandler                          0x0800011f   Thumb Code     0  startup_stm32f10x_md.o(.text)
    SPI2_IRQHandler                          0x0800011f   Thumb Code     0  startup_stm32f10x_md.o(.text)
    TAMPER_IRQHandler                        0x0800011f   Thumb Code     0  startup_stm32f10x_md.o(.text)
    TIM1_BRK_IRQHandler                      0x0800011f   Thumb Code     0  startup_stm32f10x_md.o(.text)
    TIM1_CC_IRQHandler                       0x0800011f   Thumb Code     0  startup_stm32f10x_md.o(.text)
    TIM1_TRG_COM_IRQHandler                  0x0800011f   Thumb Code     0  startup_stm32f10x_md.o(.text)
    TIM1_UP_IRQHandler                       0x0800011f   Thumb Code     0  startup_stm32f10x_md.o(.text)
    TIM2_IRQHandler                          0x0800011f   Thumb Code     0  startup_stm32f10x_md.o(.text)
    TIM3_IRQHandler                          0x0800011f   Thumb Code     0  startup_stm32f10x_md.o(.text)
    TIM4_IRQHandler                          0x0800011f   Thumb Code     0  startup_stm32f10x_md.o(.text)
    USART1_IRQHandler                        0x0800011f   Thumb Code     0  startup_stm32f10x_md.o(.text)
    USART2_IRQHandler                        0x0800011f   Thumb Code     0  startup_stm32f10x_md.o(.text)
    USART3_IRQHandler                        0x0800011f   Thumb Code     0  startup_stm32f10x_md.o(.text)
    USBWakeUp_IRQHandler                     0x0800011f   Thumb Code     0  startup_stm32f10x_md.o(.text)
    USB_HP_CAN1_TX_IRQHandler                0x0800011f   Thumb Code     0  startup_stm32f10x_md.o(.text)
    USB_LP_CAN1_RX0_IRQHandler               0x0800011f   Thumb Code     0  startup_stm32f10x_md.o(.text)
    WWDG_IRQHandler                          0x0800011f   Thumb Code     0  startup_stm32f10x_md.o(.text)
    mktime                                   0x08000129   Thumb Code   150  mktime.o(.text)
    ___aeabi_memcpy8$move                    0x080001d1   Thumb Code     0  memmovea.o(.text)
    __aeabi_memcpy                           0x080001d1   Thumb Code    64  memmovea.o(.text)
    __aeabi_memcpy4                          0x080001d1   Thumb Code     0  memmovea.o(.text)
    __aeabi_memmove                          0x080001d1   Thumb Code     0  memmovea.o(.text)
    __aeabi_memmove4                         0x080001d1   Thumb Code     0  memmovea.o(.text)
    __aeabi_memmove8                         0x080001d1   Thumb Code     0  memmovea.o(.text)
    __aeabi_memset                           0x08000211   Thumb Code    14  memseta.o(.text)
    __aeabi_memset4                          0x08000211   Thumb Code     0  memseta.o(.text)
    __aeabi_memset8                          0x08000211   Thumb Code     0  memseta.o(.text)
    __aeabi_memclr                           0x0800021f   Thumb Code     4  memseta.o(.text)
    __aeabi_memclr4                          0x0800021f   Thumb Code     0  memseta.o(.text)
    __aeabi_memclr8                          0x0800021f   Thumb Code     0  memseta.o(.text)
    _memset$wrapper                          0x08000223   Thumb Code    18  memseta.o(.text)
    strcmp                                   0x08000235   Thumb Code    28  strcmp.o(.text)
    memcmp                                   0x08000251   Thumb Code    26  memcmp.o(.text)
    __aeabi_fadd                             0x0800026b   Thumb Code   164  fadd.o(.text)
    __aeabi_fsub                             0x0800030f   Thumb Code     6  fadd.o(.text)
    __aeabi_frsub                            0x08000315   Thumb Code     6  fadd.o(.text)
    __aeabi_fmul                             0x0800031b   Thumb Code   100  fmul.o(.text)
    __aeabi_fdiv                             0x0800037f   Thumb Code   124  fdiv.o(.text)
    __aeabi_dadd                             0x080003fb   Thumb Code   322  dadd.o(.text)
    __aeabi_dsub                             0x0800053d   Thumb Code     6  dadd.o(.text)
    __aeabi_drsub                            0x08000543   Thumb Code     6  dadd.o(.text)
    __aeabi_dmul                             0x08000549   Thumb Code   228  dmul.o(.text)
    __aeabi_ddiv                             0x0800062d   Thumb Code   222  ddiv.o(.text)
    __aeabi_ui2f                             0x0800070b   Thumb Code    10  ffltui.o(.text)
    __aeabi_i2d                              0x08000715   Thumb Code    34  dflti.o(.text)
    __aeabi_d2uiz                            0x08000737   Thumb Code    50  dfixui.o(.text)
    __aeabi_f2d                              0x08000769   Thumb Code    38  f2d.o(.text)
    __aeabi_cdrcmple                         0x08000791   Thumb Code    48  cdrcmple.o(.text)
    __aeabi_uidiv                            0x080007c1   Thumb Code     0  uidiv.o(.text)
    __aeabi_uidivmod                         0x080007c1   Thumb Code    44  uidiv.o(.text)
    __aeabi_uldivmod                         0x080007ed   Thumb Code    98  uldiv.o(.text)
    __aeabi_llsl                             0x0800084f   Thumb Code    30  llshl.o(.text)
    _ll_shift_l                              0x0800084f   Thumb Code     0  llshl.o(.text)
    __aeabi_llsr                             0x0800086d   Thumb Code    32  llushr.o(.text)
    _ll_ushift_r                             0x0800086d   Thumb Code     0  llushr.o(.text)
    __aeabi_lasr                             0x0800088d   Thumb Code    36  llsshr.o(.text)
    _ll_sshift_r                             0x0800088d   Thumb Code     0  llsshr.o(.text)
    localtime                                0x080008b1   Thumb Code     6  localtime_w.o(.text)
    _localtime                               0x080008bd   Thumb Code   134  localtime_i.o(.text)
    __I$use$fp                               0x08000949   Thumb Code     0  iusefp.o(.text)
    _float_round                             0x08000949   Thumb Code    18  fepilogue.o(.text)
    _float_epilogue                          0x0800095b   Thumb Code    92  fepilogue.o(.text)
    _double_round                            0x080009b7   Thumb Code    30  depilogue.o(.text)
    _double_epilogue                         0x080009d5   Thumb Code   156  depilogue.o(.text)
    __ARM_scalbn                             0x08000a71   Thumb Code    46  dscalb.o(.text)
    scalbn                                   0x08000a71   Thumb Code     0  dscalb.o(.text)
    _dsqrt                                   0x08000a9f   Thumb Code   162  dsqrt.o(.text)
    __aeabi_d2ulz                            0x08000b41   Thumb Code    48  dfixul.o(.text)
    __scatterload                            0x08000b71   Thumb Code    28  init.o(.text)
    __scatterload_rt2                        0x08000b71   Thumb Code     0  init.o(.text)
    ADC_Cmd                                  0x08000b95   Thumb Code    22  stm32f10x_adc.o(i.ADC_Cmd)
    ADC_DMACmd                               0x08000bab   Thumb Code    22  stm32f10x_adc.o(i.ADC_DMACmd)
    ADC_DMA_Init                             0x08000bc1   Thumb Code   122  adcx.o(i.ADC_DMA_Init)
    ADC_GetCalibrationStatus                 0x08000c49   Thumb Code    20  stm32f10x_adc.o(i.ADC_GetCalibrationStatus)
    ADC_GetResetCalibrationStatus            0x08000c5d   Thumb Code    20  stm32f10x_adc.o(i.ADC_GetResetCalibrationStatus)
    ADC_Init                                 0x08000c71   Thumb Code    70  stm32f10x_adc.o(i.ADC_Init)
    ADC_RegularChannelConfig                 0x08000cc1   Thumb Code   184  stm32f10x_adc.o(i.ADC_RegularChannelConfig)
    ADC_ResetCalibration                     0x08000d79   Thumb Code    10  stm32f10x_adc.o(i.ADC_ResetCalibration)
    ADC_SoftwareStartConvCmd                 0x08000d83   Thumb Code    22  stm32f10x_adc.o(i.ADC_SoftwareStartConvCmd)
    ADC_StartAutoConvert                     0x08000d99   Thumb Code    88  adcx.o(i.ADC_StartAutoConvert)
    ADC_StartCalibration                     0x08000df5   Thumb Code    10  stm32f10x_adc.o(i.ADC_StartCalibration)
    ADCx_AdvancedInit                        0x08000dff   Thumb Code    16  adcx.o(i.ADCx_AdvancedInit)
    ADCx_Init                                0x08000e11   Thumb Code   106  adcx.o(i.ADCx_Init)
    Action_Data_Press                        0x08000e81   Thumb Code     2  action_task.o(i.Action_Data_Press)
    Action_Execute                           0x08000e85   Thumb Code    54  action_task.o(i.Action_Execute)
    Action_Key_Process                       0x08000ec1   Thumb Code   122  action_task.o(i.Action_Key_Process)
    Action_Limit_Press                       0x08000f45   Thumb Code     2  action_task.o(i.Action_Limit_Press)
    Action_OLED_Update                       0x08000f49   Thumb Code   226  action_task.o(i.Action_OLED_Update)
    Actuator_Execute                         0x0800109d   Thumb Code    90  actuator_task.o(i.Actuator_Execute)
    Actuator_Init                            0x08001109   Thumb Code    50  actuator_task.o(i.Actuator_Init)
    BKP_ReadBackupRegister                   0x08001141   Thumb Code    24  stm32f10x_bkp.o(i.BKP_ReadBackupRegister)
    BKP_WriteBackupRegister                  0x0800115d   Thumb Code    22  stm32f10x_bkp.o(i.BKP_WriteBackupRegister)
    BusFault_Handler                         0x08001179   Thumb Code     4  stm32f10x_it.o(i.BusFault_Handler)
    ClearBitMask                             0x0800117d   Thumb Code    28  mfrc522.o(i.ClearBitMask)
    Comm_Execute                             0x08001199   Thumb Code    12  comm_task.o(i.Comm_Execute)
    Comm_Init                                0x080011a9   Thumb Code     2  comm_task.o(i.Comm_Init)
    DMA1_Channel1_IRQHandler                 0x080011ad   Thumb Code    24  adcx.o(i.DMA1_Channel1_IRQHandler)
    DMA_ClearITPendingBit                    0x080011c9   Thumb Code    18  stm32f10x_dma.o(i.DMA_ClearITPendingBit)
    DMA_Cmd                                  0x080011e5   Thumb Code    24  stm32f10x_dma.o(i.DMA_Cmd)
    DMA_DeInit                               0x080011fd   Thumb Code   324  stm32f10x_dma.o(i.DMA_DeInit)
    DMA_GetITStatus                          0x08001349   Thumb Code    36  stm32f10x_dma.o(i.DMA_GetITStatus)
    DMA_ITConfig                             0x08001375   Thumb Code    18  stm32f10x_dma.o(i.DMA_ITConfig)
    DMA_Init                                 0x08001387   Thumb Code    60  stm32f10x_dma.o(i.DMA_Init)
    DebugMon_Handler                         0x080013c3   Thumb Code     2  stm32f10x_it.o(i.DebugMon_Handler)
    EXTI1_IRQHandler                         0x080013c5   Thumb Code    40  countsensor.o(i.EXTI1_IRQHandler)
    EXTI_ClearITPendingBit                   0x080013f5   Thumb Code     6  stm32f10x_exti.o(i.EXTI_ClearITPendingBit)
    EXTI_GetITStatus                         0x08001401   Thumb Code    34  stm32f10x_exti.o(i.EXTI_GetITStatus)
    Extern_Execute                           0x08001429   Thumb Code    12  extern_task.o(i.Extern_Execute)
    Extern_Init                              0x08001439   Thumb Code     2  extern_task.o(i.Extern_Init)
    GPIO_Init                                0x0800143b   Thumb Code   278  stm32f10x_gpio.o(i.GPIO_Init)
    GPIO_PinRemapConfig                      0x08001551   Thumb Code   138  stm32f10x_gpio.o(i.GPIO_PinRemapConfig)
    GPIO_ReadInputDataBit                    0x080015e1   Thumb Code    18  stm32f10x_gpio.o(i.GPIO_ReadInputDataBit)
    GPIO_ResetBits                           0x080015f3   Thumb Code     4  stm32f10x_gpio.o(i.GPIO_ResetBits)
    GPIO_SetBits                             0x080015f7   Thumb Code     4  stm32f10x_gpio.o(i.GPIO_SetBits)
    GPIO_WriteBit                            0x080015fb   Thumb Code    10  stm32f10x_gpio.o(i.GPIO_WriteBit)
    HardFault_Handler                        0x08001605   Thumb Code     4  stm32f10x_it.o(i.HardFault_Handler)
    Key_Init                                 0x08001609   Thumb Code    86  key.o(i.Key_Init)
    Key_Scan                                 0x08001669   Thumb Code    76  key.o(i.Key_Scan)
    Key_Tick                                 0x080016b9   Thumb Code   212  key.o(i.Key_Tick)
    LDR_GetValue                             0x080017ad   Thumb Code   166  ldr.o(i.LDR_GetValue)
    LDR_Init                                 0x0800186d   Thumb Code    38  ldr.o(i.LDR_Init)
    MFRC522_AddCard                          0x08001899   Thumb Code   106  mfrc522.o(i.MFRC522_AddCard)
    MFRC522_AntennaOff                       0x08001909   Thumb Code    12  mfrc522.o(i.MFRC522_AntennaOff)
    MFRC522_AntennaOn                        0x08001915   Thumb Code    26  mfrc522.o(i.MFRC522_AntennaOn)
    MFRC522_Anticoll                         0x0800192f   Thumb Code   114  mfrc522.o(i.MFRC522_Anticoll)
    MFRC522_DeleteAllCard                    0x080019a1   Thumb Code    20  mfrc522.o(i.MFRC522_DeleteAllCard)
    MFRC522_DeleteCard                       0x080019b9   Thumb Code   136  mfrc522.o(i.MFRC522_DeleteCard)
    MFRC522_Init                             0x08001a59   Thumb Code   142  mfrc522.o(i.MFRC522_Init)
    MFRC522_ReadCard                         0x08001aed   Thumb Code   176  mfrc522.o(i.MFRC522_ReadCard)
    MFRC522_Request                          0x08001ba5   Thumb Code    86  mfrc522.o(i.MFRC522_Request)
    MFRC522_Reset                            0x08001bfd   Thumb Code   136  mfrc522.o(i.MFRC522_Reset)
    MFRC522_ToCard                           0x08001c89   Thumb Code   314  mfrc522.o(i.MFRC522_ToCard)
    MemManage_Handler                        0x08001dc3   Thumb Code     4  stm32f10x_it.o(i.MemManage_Handler)
    MyRTC_Init                               0x08001dc7   Thumb Code   144  myrtc.o(i.MyRTC_Init)
    MyRTC_ReadTime                           0x08001e59   Thumb Code    68  myrtc.o(i.MyRTC_ReadTime)
    MyRTC_SetTime                            0x08001ea1   Thumb Code    70  myrtc.o(i.MyRTC_SetTime)
    NMI_Handler                              0x08001eed   Thumb Code     2  stm32f10x_it.o(i.NMI_Handler)
    NVICConfig_Init                          0x08001eef   Thumb Code    22  sys.o(i.NVICConfig_Init)
    NVIC_PriorityGroupConfig                 0x08001f05   Thumb Code    10  misc.o(i.NVIC_PriorityGroupConfig)
    NVIC_SetVectorTable                      0x08001f19   Thumb Code    12  misc.o(i.NVIC_SetVectorTable)
    OLED_Clear                               0x08001f2d   Thumb Code    36  oled.o(i.OLED_Clear)
    OLED_ClearArea                           0x08001f55   Thumb Code   140  oled.o(i.OLED_ClearArea)
    OLED_GPIO_Init                           0x08001fe5   Thumb Code   100  oled.o(i.OLED_GPIO_Init)
    OLED_I2C_SendByte                        0x0800204d   Thumb Code    62  oled.o(i.OLED_I2C_SendByte)
    OLED_I2C_Start                           0x0800208b   Thumb Code    28  oled.o(i.OLED_I2C_Start)
    OLED_I2C_Stop                            0x080020a7   Thumb Code    22  oled.o(i.OLED_I2C_Stop)
    OLED_Init                                0x080020bd   Thumb Code   154  oled.o(i.OLED_Init)
    OLED_Printf                              0x08002157   Thumb Code    50  oled.o(i.OLED_Printf)
    OLED_SetCursor                           0x08002189   Thumb Code    34  oled.o(i.OLED_SetCursor)
    OLED_ShowChar                            0x080021ad   Thumb Code    74  oled.o(i.OLED_ShowChar)
    OLED_ShowImage                           0x08002201   Thumb Code   248  oled.o(i.OLED_ShowImage)
    OLED_ShowString                          0x080022fd   Thumb Code   262  oled.o(i.OLED_ShowString)
    OLED_Update                              0x0800240d   Thumb Code    36  oled.o(i.OLED_Update)
    OLED_W_SCL                               0x08002435   Thumb Code    18  oled.o(i.OLED_W_SCL)
    OLED_W_SDA                               0x0800244d   Thumb Code    18  oled.o(i.OLED_W_SDA)
    OLED_WriteCommand                        0x08002465   Thumb Code    32  oled.o(i.OLED_WriteCommand)
    OLED_WriteData                           0x08002485   Thumb Code    46  oled.o(i.OLED_WriteData)
    PWR_BackupAccessCmd                      0x080024b5   Thumb Code     6  stm32f10x_pwr.o(i.PWR_BackupAccessCmd)
    PendSV_Handler                           0x080024c1   Thumb Code     2  stm32f10x_it.o(i.PendSV_Handler)
    Peripheral_Init                          0x080024c5   Thumb Code    28  sys.o(i.Peripheral_Init)
    RCC_ADCCLKConfig                         0x080024e5   Thumb Code    18  stm32f10x_rcc.o(i.RCC_ADCCLKConfig)
    RCC_AHBPeriphClockCmd                    0x080024fd   Thumb Code    26  stm32f10x_rcc.o(i.RCC_AHBPeriphClockCmd)
    RCC_APB1PeriphClockCmd                   0x0800251d   Thumb Code    26  stm32f10x_rcc.o(i.RCC_APB1PeriphClockCmd)
    RCC_APB2PeriphClockCmd                   0x0800253d   Thumb Code    26  stm32f10x_rcc.o(i.RCC_APB2PeriphClockCmd)
    RCC_GetFlagStatus                        0x0800255d   Thumb Code    56  stm32f10x_rcc.o(i.RCC_GetFlagStatus)
    RCC_LSICmd                               0x08002599   Thumb Code     6  stm32f10x_rcc.o(i.RCC_LSICmd)
    RCC_RTCCLKCmd                            0x080025a5   Thumb Code     6  stm32f10x_rcc.o(i.RCC_RTCCLKCmd)
    RCC_RTCCLKConfig                         0x080025b1   Thumb Code    12  stm32f10x_rcc.o(i.RCC_RTCCLKConfig)
    RTC_EnterConfigMode                      0x080025c1   Thumb Code    14  stm32f10x_rtc.o(i.RTC_EnterConfigMode)
    RTC_ExitConfigMode                       0x080025d5   Thumb Code    16  stm32f10x_rtc.o(i.RTC_ExitConfigMode)
    RTC_GetCounter                           0x080025e9   Thumb Code    16  stm32f10x_rtc.o(i.RTC_GetCounter)
    RTC_SetCounter                           0x080025fd   Thumb Code    24  stm32f10x_rtc.o(i.RTC_SetCounter)
    RTC_SetPrescaler                         0x08002619   Thumb Code    26  stm32f10x_rtc.o(i.RTC_SetPrescaler)
    RTC_WaitForLastTask                      0x08002639   Thumb Code    16  stm32f10x_rtc.o(i.RTC_WaitForLastTask)
    RTC_WaitForSynchro                       0x0800264d   Thumb Code    30  stm32f10x_rtc.o(i.RTC_WaitForSynchro)
    Read_MFRC522                             0x08002671   Thumb Code   208  mfrc522.o(i.Read_MFRC522)
    RealTime_Task                            0x08002745   Thumb Code     8  task.o(i.RealTime_Task)
    SVC_Handler                              0x0800274d   Thumb Code     2  stm32f10x_it.o(i.SVC_Handler)
    Sensor_Execute                           0x08002751   Thumb Code    60  sensor_task.o(i.Sensor_Execute)
    Sensor_Init                              0x08002791   Thumb Code    12  sensor_task.o(i.Sensor_Init)
    SetBitMask                               0x0800279d   Thumb Code    28  mfrc522.o(i.SetBitMask)
    SysTick_CLKSourceConfig                  0x080028a1   Thumb Code    40  misc.o(i.SysTick_CLKSourceConfig)
    SysTick_Handler                          0x080028c9   Thumb Code   180  sys.o(i.SysTick_Handler)
    SysTick_Init                             0x08002985   Thumb Code   110  sys.o(i.SysTick_Init)
    SystemInit                               0x08002a09   Thumb Code    78  system_stm32f10x.o(i.SystemInit)
    Task_HardwareInit                        0x08002a69   Thumb Code    24  task.o(i.Task_HardwareInit)
    Task_Init                                0x08002a81   Thumb Code    76  task.o(i.Task_Init)
    Task_Scheduler                           0x08002ad1   Thumb Code   102  task.o(i.Task_Scheduler)
    UsageFault_Handler                       0x08002b3d   Thumb Code     4  stm32f10x_it.o(i.UsageFault_Handler)
    Write_MFRC522                            0x08002b41   Thumb Code   210  mfrc522.o(i.Write_MFRC522)
    __0vsprintf                              0x08002c19   Thumb Code    30  printfa.o(i.__0vsprintf)
    __1vsprintf                              0x08002c19   Thumb Code     0  printfa.o(i.__0vsprintf)
    __2vsprintf                              0x08002c19   Thumb Code     0  printfa.o(i.__0vsprintf)
    __c89vsprintf                            0x08002c19   Thumb Code     0  printfa.o(i.__0vsprintf)
    vsprintf                                 0x08002c19   Thumb Code     0  printfa.o(i.__0vsprintf)
    __ARM_fpclassify                         0x08002c3d   Thumb Code    40  fpclassify.o(i.__ARM_fpclassify)
    __kernel_poly                            0x08002c65   Thumb Code   170  poly.o(i.__kernel_poly)
    __mathlib_dbl_divzero                    0x08002d11   Thumb Code    12  dunder.o(i.__mathlib_dbl_divzero)
    __mathlib_dbl_infnan2                    0x08002d21   Thumb Code     4  dunder.o(i.__mathlib_dbl_infnan2)
    __mathlib_dbl_invalid                    0x08002d25   Thumb Code    12  dunder.o(i.__mathlib_dbl_invalid)
    __mathlib_dbl_overflow                   0x08002d31   Thumb Code    14  dunder.o(i.__mathlib_dbl_overflow)
    __mathlib_dbl_underflow                  0x08002d41   Thumb Code    10  dunder.o(i.__mathlib_dbl_underflow)
    __scatterload_copy                       0x08002d51   Thumb Code    14  handlers.o(i.__scatterload_copy)
    __scatterload_null                       0x08002d5f   Thumb Code     2  handlers.o(i.__scatterload_null)
    __scatterload_zeroinit                   0x08002d61   Thumb Code    14  handlers.o(i.__scatterload_zeroinit)
    __set_errno                              0x08002d71   Thumb Code     6  errno.o(i.__set_errno)
    delay_ms                                 0x08003611   Thumb Code    24  sys.o(i.delay_ms)
    delay_us                                 0x08003629   Thumb Code    66  sys.o(i.delay_us)
    main                                     0x08003671   Thumb Code    40  main.o(i.main)
    pow                                      0x08003699   Thumb Code  2512  pow.o(i.pow)
    sqrt                                     0x08004071   Thumb Code    76  sqrt.o(i.sqrt)
    OLED_F8x16                               0x080040bc   Data        1520  oled_data.o(.constdata)
    OLED_F6x8                                0x080046ac   Data         570  oled_data.o(.constdata)
    OLED_CF16x16                             0x080048e6   Data         105  oled_data.o(.constdata)
    Diode                                    0x0800494f   Data          32  oled_data.o(.constdata)
    __mathlib_zero                           0x08004a08   Data           8  qnan.o(.constdata)
    Region$$Table$$Base                      0x08004a1c   Number         0  anon$$obj.o(Region$$Table)
    Region$$Table$$Limit                     0x08004a3c   Number         0  anon$$obj.o(Region$$Table)
    SystemCoreClock                          0x20000000   Data           4  system_stm32f10x.o(.data)
    AHBPrescTable                            0x20000004   Data          16  system_stm32f10x.o(.data)
    SysTimeStamp                             0x20000018   Data           4  sys.o(.data)
    Count_Base                               0x2000001c   Data           1  sys.o(.data)
    adc_data_ready                           0x2000001d   Data           1  adcx.o(.data)
    MyRTC_Time                               0x2000001e   Data          12  myrtc.o(.data)
    Sensor_TimeCnt                           0x2000002c   Data           4  sensor_task.o(.data)
    LDR_Lux                                  0x20000030   Data           2  sensor_task.o(.data)
    MFRC522_Value                            0x20000034   Data          60  sensor_task.o(.data)
    Actuator_TimeCnt                         0x20000070   Data           4  actuator_task.o(.data)
    Comm_TimeCnt                             0x20000078   Data           4  comm_task.o(.data)
    Extern_TimeCnt                           0x2000007c   Data           4  extern_task.o(.data)
    Action_Ctrl                              0x20000080   Data           8  action_task.o(.data)
    CountSensor_Count                        0x2000008e   Data           2  countsensor.o(.data)
    key                                      0x20000094   Data          16  key.o(.bss)
    OLED_DisplayBuf                          0x200000a4   Data        1024  oled.o(.bss)
    taskScheduler                            0x200004a4   Data          44  task.o(.bss)
    ADC_ConvertedValue                       0x200004d0   Data         200  adcx.o(.bss)
    __initial_sp                             0x200011c8   Data           0  startup_stm32f10x_md.o(STACK)



==============================================================================

Memory Map of the image

  Image Entry point : 0x080000ed

  Load Region LR_IROM1 (Base: 0x08000000, Size: 0x00004ad0, Max: 0x00010000, ABSOLUTE)

    Execution Region ER_IROM1 (Exec base: 0x08000000, Load base: 0x08000000, Size: 0x00004a3c, Max: 0x00010000, ABSOLUTE)

    Exec Addr    Load Addr    Size         Type   Attr      Idx    E Section Name        Object

    0x08000000   0x08000000   0x000000ec   Data   RO            3    RESET               startup_stm32f10x_md.o
    0x080000ec   0x080000ec   0x00000000   Code   RO         7431  * .ARM.Collect$$$$00000000  mc_w.l(entry.o)
    0x080000ec   0x080000ec   0x00000004   Code   RO         7819    .ARM.Collect$$$$00000001  mc_w.l(entry2.o)
    0x080000f0   0x080000f0   0x00000004   Code   RO         7822    .ARM.Collect$$$$00000004  mc_w.l(entry5.o)
    0x080000f4   0x080000f4   0x00000000   Code   RO         7824    .ARM.Collect$$$$00000008  mc_w.l(entry7b.o)
    0x080000f4   0x080000f4   0x00000000   Code   RO         7826    .ARM.Collect$$$$0000000A  mc_w.l(entry8b.o)
    0x080000f4   0x080000f4   0x00000008   Code   RO         7827    .ARM.Collect$$$$0000000B  mc_w.l(entry9a.o)
    0x080000fc   0x080000fc   0x00000004   Code   RO         7834    .ARM.Collect$$$$0000000E  mc_w.l(entry12b.o)
    0x08000100   0x08000100   0x00000000   Code   RO         7829    .ARM.Collect$$$$0000000F  mc_w.l(entry10a.o)
    0x08000100   0x08000100   0x00000000   Code   RO         7831    .ARM.Collect$$$$00000011  mc_w.l(entry11a.o)
    0x08000100   0x08000100   0x00000004   Code   RO         7820    .ARM.Collect$$$$00002712  mc_w.l(entry2.o)
    0x08000104   0x08000104   0x00000024   Code   RO            4    .text               startup_stm32f10x_md.o
    0x08000128   0x08000128   0x000000a8   Code   RO         7442    .text               mc_w.l(mktime.o)
    0x080001d0   0x080001d0   0x00000040   Code   RO         7447    .text               mc_w.l(memmovea.o)
    0x08000210   0x08000210   0x00000024   Code   RO         7449    .text               mc_w.l(memseta.o)
    0x08000234   0x08000234   0x0000001c   Code   RO         7453    .text               mc_w.l(strcmp.o)
    0x08000250   0x08000250   0x0000001a   Code   RO         7455    .text               mc_w.l(memcmp.o)
    0x0800026a   0x0800026a   0x000000b0   Code   RO         7760    .text               mf_w.l(fadd.o)
    0x0800031a   0x0800031a   0x00000064   Code   RO         7762    .text               mf_w.l(fmul.o)
    0x0800037e   0x0800037e   0x0000007c   Code   RO         7764    .text               mf_w.l(fdiv.o)
    0x080003fa   0x080003fa   0x0000014e   Code   RO         7766    .text               mf_w.l(dadd.o)
    0x08000548   0x08000548   0x000000e4   Code   RO         7768    .text               mf_w.l(dmul.o)
    0x0800062c   0x0800062c   0x000000de   Code   RO         7770    .text               mf_w.l(ddiv.o)
    0x0800070a   0x0800070a   0x0000000a   Code   RO         7774    .text               mf_w.l(ffltui.o)
    0x08000714   0x08000714   0x00000022   Code   RO         7776    .text               mf_w.l(dflti.o)
    0x08000736   0x08000736   0x00000032   Code   RO         7786    .text               mf_w.l(dfixui.o)
    0x08000768   0x08000768   0x00000026   Code   RO         7788    .text               mf_w.l(f2d.o)
    0x0800078e   0x0800078e   0x00000002   PAD
    0x08000790   0x08000790   0x00000030   Code   RO         7792    .text               mf_w.l(cdrcmple.o)
    0x080007c0   0x080007c0   0x0000002c   Code   RO         7838    .text               mc_w.l(uidiv.o)
    0x080007ec   0x080007ec   0x00000062   Code   RO         7840    .text               mc_w.l(uldiv.o)
    0x0800084e   0x0800084e   0x0000001e   Code   RO         7842    .text               mc_w.l(llshl.o)
    0x0800086c   0x0800086c   0x00000020   Code   RO         7844    .text               mc_w.l(llushr.o)
    0x0800088c   0x0800088c   0x00000024   Code   RO         7846    .text               mc_w.l(llsshr.o)
    0x080008b0   0x080008b0   0x0000000c   Code   RO         7848    .text               mc_w.l(localtime_w.o)
    0x080008bc   0x080008bc   0x0000008c   Code   RO         7851    .text               mc_w.l(localtime_i.o)
    0x08000948   0x08000948   0x00000000   Code   RO         7869    .text               mc_w.l(iusefp.o)
    0x08000948   0x08000948   0x0000006e   Code   RO         7870    .text               mf_w.l(fepilogue.o)
    0x080009b6   0x080009b6   0x000000ba   Code   RO         7872    .text               mf_w.l(depilogue.o)
    0x08000a70   0x08000a70   0x0000002e   Code   RO         7874    .text               mf_w.l(dscalb.o)
    0x08000a9e   0x08000a9e   0x000000a2   Code   RO         7876    .text               mf_w.l(dsqrt.o)
    0x08000b40   0x08000b40   0x00000030   Code   RO         7882    .text               mf_w.l(dfixul.o)
    0x08000b70   0x08000b70   0x00000024   Code   RO         7884    .text               mc_w.l(init.o)
    0x08000b94   0x08000b94   0x00000016   Code   RO          202    i.ADC_Cmd           stm32f10x_adc.o
    0x08000baa   0x08000baa   0x00000016   Code   RO          203    i.ADC_DMACmd        stm32f10x_adc.o
    0x08000bc0   0x08000bc0   0x00000088   Code   RO         3767    i.ADC_DMA_Init      adcx.o
    0x08000c48   0x08000c48   0x00000014   Code   RO          210    i.ADC_GetCalibrationStatus  stm32f10x_adc.o
    0x08000c5c   0x08000c5c   0x00000014   Code   RO          216    i.ADC_GetResetCalibrationStatus  stm32f10x_adc.o
    0x08000c70   0x08000c70   0x00000050   Code   RO          220    i.ADC_Init          stm32f10x_adc.o
    0x08000cc0   0x08000cc0   0x000000b8   Code   RO          224    i.ADC_RegularChannelConfig  stm32f10x_adc.o
    0x08000d78   0x08000d78   0x0000000a   Code   RO          225    i.ADC_ResetCalibration  stm32f10x_adc.o
    0x08000d82   0x08000d82   0x00000016   Code   RO          227    i.ADC_SoftwareStartConvCmd  stm32f10x_adc.o
    0x08000d98   0x08000d98   0x0000005c   Code   RO         3772    i.ADC_StartAutoConvert  adcx.o
    0x08000df4   0x08000df4   0x0000000a   Code   RO          229    i.ADC_StartCalibration  stm32f10x_adc.o
    0x08000dfe   0x08000dfe   0x00000010   Code   RO         3773    i.ADCx_AdvancedInit  adcx.o
    0x08000e0e   0x08000e0e   0x00000002   PAD
    0x08000e10   0x08000e10   0x00000070   Code   RO         3774    i.ADCx_Init         adcx.o
    0x08000e80   0x08000e80   0x00000002   Code   RO         3978    i.Action_Data_Press  action_task.o
    0x08000e82   0x08000e82   0x00000002   PAD
    0x08000e84   0x08000e84   0x0000003c   Code   RO         3979    i.Action_Execute    action_task.o
    0x08000ec0   0x08000ec0   0x00000084   Code   RO         3980    i.Action_Key_Process  action_task.o
    0x08000f44   0x08000f44   0x00000002   Code   RO         3981    i.Action_Limit_Press  action_task.o
    0x08000f46   0x08000f46   0x00000002   PAD
    0x08000f48   0x08000f48   0x00000154   Code   RO         3982    i.Action_OLED_Update  action_task.o
    0x0800109c   0x0800109c   0x0000006c   Code   RO         3902    i.Actuator_Execute  actuator_task.o
    0x08001108   0x08001108   0x00000038   Code   RO         3903    i.Actuator_Init     actuator_task.o
    0x08001140   0x08001140   0x0000001c   Code   RO          431    i.BKP_ReadBackupRegister  stm32f10x_bkp.o
    0x0800115c   0x0800115c   0x0000001c   Code   RO          435    i.BKP_WriteBackupRegister  stm32f10x_bkp.o
    0x08001178   0x08001178   0x00000004   Code   RO         3269    i.BusFault_Handler  stm32f10x_it.o
    0x0800117c   0x0800117c   0x0000001c   Code   RO         4785    i.ClearBitMask      mfrc522.o
    0x08001198   0x08001198   0x00000010   Code   RO         3930    i.Comm_Execute      comm_task.o
    0x080011a8   0x080011a8   0x00000002   Code   RO         3931    i.Comm_Init         comm_task.o
    0x080011aa   0x080011aa   0x00000002   PAD
    0x080011ac   0x080011ac   0x0000001c   Code   RO         3775    i.DMA1_Channel1_IRQHandler  adcx.o
    0x080011c8   0x080011c8   0x0000001c   Code   RO          910    i.DMA_ClearITPendingBit  stm32f10x_dma.o
    0x080011e4   0x080011e4   0x00000018   Code   RO          911    i.DMA_Cmd           stm32f10x_dma.o
    0x080011fc   0x080011fc   0x0000014c   Code   RO          912    i.DMA_DeInit        stm32f10x_dma.o
    0x08001348   0x08001348   0x0000002c   Code   RO          915    i.DMA_GetITStatus   stm32f10x_dma.o
    0x08001374   0x08001374   0x00000012   Code   RO          916    i.DMA_ITConfig      stm32f10x_dma.o
    0x08001386   0x08001386   0x0000003c   Code   RO          917    i.DMA_Init          stm32f10x_dma.o
    0x080013c2   0x080013c2   0x00000002   Code   RO         3270    i.DebugMon_Handler  stm32f10x_it.o
    0x080013c4   0x080013c4   0x00000030   Code   RO         5772    i.EXTI1_IRQHandler  countsensor.o
    0x080013f4   0x080013f4   0x0000000c   Code   RO          985    i.EXTI_ClearITPendingBit  stm32f10x_exti.o
    0x08001400   0x08001400   0x00000028   Code   RO          989    i.EXTI_GetITStatus  stm32f10x_exti.o
    0x08001428   0x08001428   0x00000010   Code   RO         3954    i.Extern_Execute    extern_task.o
    0x08001438   0x08001438   0x00000002   Code   RO         3955    i.Extern_Init       extern_task.o
    0x0800143a   0x0800143a   0x00000116   Code   RO         1347    i.GPIO_Init         stm32f10x_gpio.o
    0x08001550   0x08001550   0x00000090   Code   RO         1349    i.GPIO_PinRemapConfig  stm32f10x_gpio.o
    0x080015e0   0x080015e0   0x00000012   Code   RO         1351    i.GPIO_ReadInputDataBit  stm32f10x_gpio.o
    0x080015f2   0x080015f2   0x00000004   Code   RO         1354    i.GPIO_ResetBits    stm32f10x_gpio.o
    0x080015f6   0x080015f6   0x00000004   Code   RO         1355    i.GPIO_SetBits      stm32f10x_gpio.o
    0x080015fa   0x080015fa   0x0000000a   Code   RO         1358    i.GPIO_WriteBit     stm32f10x_gpio.o
    0x08001604   0x08001604   0x00000004   Code   RO         3271    i.HardFault_Handler  stm32f10x_it.o
    0x08001608   0x08001608   0x00000060   Code   RO         3362    i.Key_Init          key.o
    0x08001668   0x08001668   0x00000050   Code   RO         3363    i.Key_Scan          key.o
    0x080016b8   0x080016b8   0x000000e4   Code   RO         3364    i.Key_Tick          key.o
    0x0800179c   0x0800179c   0x00000010   Code   RO         3868    i.LDR_GetData       sensor_task.o
    0x080017ac   0x080017ac   0x000000c0   Code   RO         4148    i.LDR_GetValue      ldr.o
    0x0800186c   0x0800186c   0x0000002c   Code   RO         4149    i.LDR_Init          ldr.o
    0x08001898   0x08001898   0x00000070   Code   RO         4786    i.MFRC522_AddCard   mfrc522.o
    0x08001908   0x08001908   0x0000000c   Code   RO         4787    i.MFRC522_AntennaOff  mfrc522.o
    0x08001914   0x08001914   0x0000001a   Code   RO         4788    i.MFRC522_AntennaOn  mfrc522.o
    0x0800192e   0x0800192e   0x00000072   Code   RO         4789    i.MFRC522_Anticoll  mfrc522.o
    0x080019a0   0x080019a0   0x00000018   Code   RO         4791    i.MFRC522_DeleteAllCard  mfrc522.o
    0x080019b8   0x080019b8   0x0000008c   Code   RO         4792    i.MFRC522_DeleteCard  mfrc522.o
    0x08001a44   0x08001a44   0x00000014   Code   RO         3869    i.MFRC522_GetData   sensor_task.o
    0x08001a58   0x08001a58   0x00000094   Code   RO         4794    i.MFRC522_Init      mfrc522.o
    0x08001aec   0x08001aec   0x000000b8   Code   RO         4796    i.MFRC522_ReadCard  mfrc522.o
    0x08001ba4   0x08001ba4   0x00000056   Code   RO         4797    i.MFRC522_Request   mfrc522.o
    0x08001bfa   0x08001bfa   0x00000002   PAD
    0x08001bfc   0x08001bfc   0x0000008c   Code   RO         4798    i.MFRC522_Reset     mfrc522.o
    0x08001c88   0x08001c88   0x0000013a   Code   RO         4800    i.MFRC522_ToCard    mfrc522.o
    0x08001dc2   0x08001dc2   0x00000004   Code   RO         3272    i.MemManage_Handler  stm32f10x_it.o
    0x08001dc6   0x08001dc6   0x00000090   Code   RO         3838    i.MyRTC_Init        myrtc.o
    0x08001e56   0x08001e56   0x00000002   PAD
    0x08001e58   0x08001e58   0x00000048   Code   RO         3839    i.MyRTC_ReadTime    myrtc.o
    0x08001ea0   0x08001ea0   0x0000004c   Code   RO         3840    i.MyRTC_SetTime     myrtc.o
    0x08001eec   0x08001eec   0x00000002   Code   RO         3273    i.NMI_Handler       stm32f10x_it.o
    0x08001eee   0x08001eee   0x00000016   Code   RO         3650    i.NVICConfig_Init   sys.o
    0x08001f04   0x08001f04   0x00000014   Code   RO          138    i.NVIC_PriorityGroupConfig  misc.o
    0x08001f18   0x08001f18   0x00000014   Code   RO          139    i.NVIC_SetVectorTable  misc.o
    0x08001f2c   0x08001f2c   0x00000028   Code   RO         3393    i.OLED_Clear        oled.o
    0x08001f54   0x08001f54   0x00000090   Code   RO         3394    i.OLED_ClearArea    oled.o
    0x08001fe4   0x08001fe4   0x00000068   Code   RO         3402    i.OLED_GPIO_Init    oled.o
    0x0800204c   0x0800204c   0x0000003e   Code   RO         3404    i.OLED_I2C_SendByte  oled.o
    0x0800208a   0x0800208a   0x0000001c   Code   RO         3405    i.OLED_I2C_Start    oled.o
    0x080020a6   0x080020a6   0x00000016   Code   RO         3406    i.OLED_I2C_Stop     oled.o
    0x080020bc   0x080020bc   0x0000009a   Code   RO         3407    i.OLED_Init         oled.o
    0x08002156   0x08002156   0x00000032   Code   RO         3410    i.OLED_Printf       oled.o
    0x08002188   0x08002188   0x00000022   Code   RO         3413    i.OLED_SetCursor    oled.o
    0x080021aa   0x080021aa   0x00000002   PAD
    0x080021ac   0x080021ac   0x00000054   Code   RO         3415    i.OLED_ShowChar     oled.o
    0x08002200   0x08002200   0x000000fc   Code   RO         3418    i.OLED_ShowImage    oled.o
    0x080022fc   0x080022fc   0x00000110   Code   RO         3421    i.OLED_ShowString   oled.o
    0x0800240c   0x0800240c   0x00000028   Code   RO         3422    i.OLED_Update       oled.o
    0x08002434   0x08002434   0x00000018   Code   RO         3424    i.OLED_W_SCL        oled.o
    0x0800244c   0x0800244c   0x00000018   Code   RO         3425    i.OLED_W_SDA        oled.o
    0x08002464   0x08002464   0x00000020   Code   RO         3426    i.OLED_WriteCommand  oled.o
    0x08002484   0x08002484   0x0000002e   Code   RO         3427    i.OLED_WriteData    oled.o
    0x080024b2   0x080024b2   0x00000002   PAD
    0x080024b4   0x080024b4   0x0000000c   Code   RO         1710    i.PWR_BackupAccessCmd  stm32f10x_pwr.o
    0x080024c0   0x080024c0   0x00000002   Code   RO         3274    i.PendSV_Handler    stm32f10x_it.o
    0x080024c2   0x080024c2   0x00000002   PAD
    0x080024c4   0x080024c4   0x00000020   Code   RO         3651    i.Peripheral_Init   sys.o
    0x080024e4   0x080024e4   0x00000018   Code   RO         1773    i.RCC_ADCCLKConfig  stm32f10x_rcc.o
    0x080024fc   0x080024fc   0x00000020   Code   RO         1774    i.RCC_AHBPeriphClockCmd  stm32f10x_rcc.o
    0x0800251c   0x0800251c   0x00000020   Code   RO         1775    i.RCC_APB1PeriphClockCmd  stm32f10x_rcc.o
    0x0800253c   0x0800253c   0x00000020   Code   RO         1777    i.RCC_APB2PeriphClockCmd  stm32f10x_rcc.o
    0x0800255c   0x0800255c   0x0000003c   Code   RO         1786    i.RCC_GetFlagStatus  stm32f10x_rcc.o
    0x08002598   0x08002598   0x0000000c   Code   RO         1794    i.RCC_LSICmd        stm32f10x_rcc.o
    0x080025a4   0x080025a4   0x0000000c   Code   RO         1800    i.RCC_RTCCLKCmd     stm32f10x_rcc.o
    0x080025b0   0x080025b0   0x00000010   Code   RO         1801    i.RCC_RTCCLKConfig  stm32f10x_rcc.o
    0x080025c0   0x080025c0   0x00000014   Code   RO         1978    i.RTC_EnterConfigMode  stm32f10x_rtc.o
    0x080025d4   0x080025d4   0x00000014   Code   RO         1979    i.RTC_ExitConfigMode  stm32f10x_rtc.o
    0x080025e8   0x080025e8   0x00000014   Code   RO         1980    i.RTC_GetCounter    stm32f10x_rtc.o
    0x080025fc   0x080025fc   0x0000001c   Code   RO         1986    i.RTC_SetCounter    stm32f10x_rtc.o
    0x08002618   0x08002618   0x00000020   Code   RO         1987    i.RTC_SetPrescaler  stm32f10x_rtc.o
    0x08002638   0x08002638   0x00000014   Code   RO         1988    i.RTC_WaitForLastTask  stm32f10x_rtc.o
    0x0800264c   0x0800264c   0x00000024   Code   RO         1989    i.RTC_WaitForSynchro  stm32f10x_rtc.o
    0x08002670   0x08002670   0x000000d4   Code   RO         4802    i.Read_MFRC522      mfrc522.o
    0x08002744   0x08002744   0x00000008   Code   RO         3727    i.RealTime_Task     task.o
    0x0800274c   0x0800274c   0x00000002   Code   RO         3275    i.SVC_Handler       stm32f10x_it.o
    0x0800274e   0x0800274e   0x00000002   PAD
    0x08002750   0x08002750   0x00000040   Code   RO         3870    i.Sensor_Execute    sensor_task.o
    0x08002790   0x08002790   0x0000000c   Code   RO         3871    i.Sensor_Init       sensor_task.o
    0x0800279c   0x0800279c   0x0000001c   Code   RO         4803    i.SetBitMask        mfrc522.o
    0x080027b8   0x080027b8   0x00000008   Code   RO           24    i.SetSysClock       system_stm32f10x.o
    0x080027c0   0x080027c0   0x000000e0   Code   RO           25    i.SetSysClockTo72   system_stm32f10x.o
    0x080028a0   0x080028a0   0x00000028   Code   RO          141    i.SysTick_CLKSourceConfig  misc.o
    0x080028c8   0x080028c8   0x000000bc   Code   RO         3652    i.SysTick_Handler   sys.o
    0x08002984   0x08002984   0x00000084   Code   RO         3653    i.SysTick_Init      sys.o
    0x08002a08   0x08002a08   0x00000060   Code   RO           27    i.SystemInit        system_stm32f10x.o
    0x08002a68   0x08002a68   0x00000018   Code   RO         3728    i.Task_HardwareInit  task.o
    0x08002a80   0x08002a80   0x00000050   Code   RO         3729    i.Task_Init         task.o
    0x08002ad0   0x08002ad0   0x0000006c   Code   RO         3730    i.Task_Scheduler    task.o
    0x08002b3c   0x08002b3c   0x00000004   Code   RO         3276    i.UsageFault_Handler  stm32f10x_it.o
    0x08002b40   0x08002b40   0x000000d8   Code   RO         4804    i.Write_MFRC522     mfrc522.o
    0x08002c18   0x08002c18   0x00000024   Code   RO         7704    i.__0vsprintf       mc_w.l(printfa.o)
    0x08002c3c   0x08002c3c   0x00000028   Code   RO         7814    i.__ARM_fpclassify  m_ws.l(fpclassify.o)
    0x08002c64   0x08002c64   0x000000aa   Code   RO         7816    i.__kernel_poly     m_ws.l(poly.o)
    0x08002d0e   0x08002d0e   0x00000002   PAD
    0x08002d10   0x08002d10   0x00000010   Code   RO         7800    i.__mathlib_dbl_divzero  m_ws.l(dunder.o)
    0x08002d20   0x08002d20   0x00000004   Code   RO         7802    i.__mathlib_dbl_infnan2  m_ws.l(dunder.o)
    0x08002d24   0x08002d24   0x0000000c   Code   RO         7803    i.__mathlib_dbl_invalid  m_ws.l(dunder.o)
    0x08002d30   0x08002d30   0x0000000e   Code   RO         7804    i.__mathlib_dbl_overflow  m_ws.l(dunder.o)
    0x08002d3e   0x08002d3e   0x00000002   PAD
    0x08002d40   0x08002d40   0x00000010   Code   RO         7806    i.__mathlib_dbl_underflow  m_ws.l(dunder.o)
    0x08002d50   0x08002d50   0x0000000e   Code   RO         7897    i.__scatterload_copy  mc_w.l(handlers.o)
    0x08002d5e   0x08002d5e   0x00000002   Code   RO         7898    i.__scatterload_null  mc_w.l(handlers.o)
    0x08002d60   0x08002d60   0x0000000e   Code   RO         7899    i.__scatterload_zeroinit  mc_w.l(handlers.o)
    0x08002d6e   0x08002d6e   0x00000002   PAD
    0x08002d70   0x08002d70   0x0000000c   Code   RO         7858    i.__set_errno       mc_w.l(errno.o)
    0x08002d7c   0x08002d7c   0x00000184   Code   RO         7705    i._fp_digits        mc_w.l(printfa.o)
    0x08002f00   0x08002f00   0x000006b4   Code   RO         7706    i._printf_core      mc_w.l(printfa.o)
    0x080035b4   0x080035b4   0x00000024   Code   RO         7707    i._printf_post_padding  mc_w.l(printfa.o)
    0x080035d8   0x080035d8   0x0000002e   Code   RO         7708    i._printf_pre_padding  mc_w.l(printfa.o)
    0x08003606   0x08003606   0x0000000a   Code   RO         7710    i._sputc            mc_w.l(printfa.o)
    0x08003610   0x08003610   0x00000018   Code   RO         3655    i.delay_ms          sys.o
    0x08003628   0x08003628   0x00000048   Code   RO         3656    i.delay_us          sys.o
    0x08003670   0x08003670   0x00000028   Code   RO         3196    i.main              main.o
    0x08003698   0x08003698   0x000009d8   Code   RO         7408    i.pow               m_ws.l(pow.o)
    0x08004070   0x08004070   0x0000004c   Code   RO         7420    i.sqrt              m_ws.l(sqrt.o)
    0x080040bc   0x080040bc   0x000008b3   Data   RO         3635    .constdata          oled_data.o
    0x0800496f   0x0800496f   0x00000001   PAD
    0x08004970   0x08004970   0x00000088   Data   RO         7409    .constdata          m_ws.l(pow.o)
    0x080049f8   0x080049f8   0x0000000c   Data   RO         7443    .constdata          mc_w.l(mktime.o)
    0x08004a04   0x08004a04   0x00000004   PAD
    0x08004a08   0x08004a08   0x00000008   Data   RO         7818    .constdata          m_ws.l(qnan.o)
    0x08004a10   0x08004a10   0x0000000c   Data   RO         7852    .constdata          mc_w.l(localtime_i.o)
    0x08004a1c   0x08004a1c   0x00000020   Data   RO         7895    Region$$Table       anon$$obj.o


    Execution Region RW_IRAM1 (Exec base: 0x20000000, Load base: 0x08004a3c, Size: 0x000011c8, Max: 0x00005000, ABSOLUTE)

    Exec Addr    Load Addr    Size         Type   Attr      Idx    E Section Name        Object

    0x20000000   0x08004a3c   0x00000014   Data   RW           28    .data               system_stm32f10x.o
    0x20000014   0x08004a50   0x00000001   Data   RW         3366    .data               key.o
    0x20000015   0x08004a51   0x00000003   PAD
    0x20000018   0x08004a54   0x00000005   Data   RW         3657    .data               sys.o
    0x2000001d   0x08004a59   0x00000001   Data   RW         3777    .data               adcx.o
    0x2000001e   0x08004a5a   0x0000000c   Data   RW         3841    .data               myrtc.o
    0x2000002a   0x08004a66   0x00000002   PAD
    0x2000002c   0x08004a68   0x00000044   Data   RW         3872    .data               sensor_task.o
    0x20000070   0x08004aac   0x00000005   Data   RW         3904    .data               actuator_task.o
    0x20000075   0x08004ab1   0x00000003   PAD
    0x20000078   0x08004ab4   0x00000004   Data   RW         3932    .data               comm_task.o
    0x2000007c   0x08004ab8   0x00000004   Data   RW         3956    .data               extern_task.o
    0x20000080   0x08004abc   0x00000008   Data   RW         3983    .data               action_task.o
    0x20000088   0x08004ac4   0x00000005   Data   RW         4805    .data               mfrc522.o
    0x2000008d   0x08004ac9   0x00000001   PAD
    0x2000008e   0x08004aca   0x00000002   Data   RW         5773    .data               countsensor.o
    0x20000090   0x08004acc   0x00000004   Data   RW         7859    .data               mc_w.l(errno.o)
    0x20000094        -       0x00000010   Zero   RW         3365    .bss                key.o
    0x200000a4        -       0x00000400   Zero   RW         3429    .bss                oled.o
    0x200004a4        -       0x0000002c   Zero   RW         3731    .bss                task.o
    0x200004d0        -       0x000000c8   Zero   RW         3776    .bss                adcx.o
    0x20000598        -       0x0000002c   Zero   RW         7849    .bss                mc_w.l(localtime_w.o)
    0x200005c4   0x08004ad0   0x00000004   PAD
    0x200005c8        -       0x00000c00   Zero   RW            1    STACK               startup_stm32f10x_md.o


==============================================================================

Image component sizes


      Code (inc. data)   RO Data    RW Data    ZI Data      Debug   Object Name

       536        130          0          8          0       3054   action_task.o
       164         24          0          5          0       1434   actuator_task.o
       384         28          0          1        200      18160   adcx.o
        18          4          0          4          0       1194   comm_task.o
         0          0          0          0          0       4500   core_cm3.o
        48          8          0          2          0        667   countsensor.o
        18          4          0          4          0       1220   extern_task.o
       404         30          0          1         16       2007   key.o
       236         32          0          0          0       1062   ldr.o
        40          0          0          0          0        427   main.o
      1784         42          0          5          0      10267   mfrc522.o
        80         18          0          0          0     212047   misc.o
       292         10          0         12          0       2903   myrtc.o
      1412         52          0          0       1024      10629   oled.o
         0          0       2227          0          0       1014   oled_data.o
       112         12          0         68          0       3822   sensor_task.o
        36          8        236          0       3072        792   startup_stm32f10x_md.o
       390         10          0          0          0      15781   stm32f10x_adc.o
        56         10          0          0          0       2007   stm32f10x_bkp.o
       506         26          0          0          0      14483   stm32f10x_dma.o
        52         12          0          0          0       1012   stm32f10x_exti.o
       458          6          0          0          0      12938   stm32f10x_gpio.o
        24          0          0          0          0       3132   stm32f10x_it.o
        12          6          0          0          0        454   stm32f10x_pwr.o
       220         44          0          0          0       3965   stm32f10x_rcc.o
       176         34          0          0          0       3115   stm32f10x_rtc.o
       470         40          0          5          0      18480   sys.o
       328         28          0         20          0      20077   system_stm32f10x.o
       220         10          0          0         44       2545   task.o

    ----------------------------------------------------------------------
      8496        628       2496        144       4356     373188   Object Totals
         0          0         32          0          0          0   (incl. Generated)
        20          0          1          9          0          0   (incl. Padding)

    ----------------------------------------------------------------------

      Code (inc. data)   RO Data    RW Data    ZI Data      Debug   Library Member Name

        62         10          0          0          0        340   dunder.o
        40          0          0          0          0         68   fpclassify.o
       170          0          0          0          0         96   poly.o
      2520        190        136          0          0        324   pow.o
         0          0          8          0          0          0   qnan.o
        76          0          0          0          0         84   sqrt.o
         0          0          0          0          0          0   entry.o
         0          0          0          0          0          0   entry10a.o
         0          0          0          0          0          0   entry11a.o
         4          0          0          0          0          0   entry12b.o
         8          4          0          0          0          0   entry2.o
         4          0          0          0          0          0   entry5.o
         0          0          0          0          0          0   entry7b.o
         0          0          0          0          0          0   entry8b.o
         8          4          0          0          0          0   entry9a.o
        12          6          0          4          0         68   errno.o
        30          0          0          0          0          0   handlers.o
        36          8          0          0          0         68   init.o
         0          0          0          0          0          0   iusefp.o
        30          0          0          0          0         68   llshl.o
        36          0          0          0          0         68   llsshr.o
        32          0          0          0          0         68   llushr.o
       140          6         12          0          0         76   localtime_i.o
        12          6          0          0         44         68   localtime_w.o
        26          0          0          0          0         80   memcmp.o
        64          0          0          0          0         76   memmovea.o
        36          0          0          0          0        108   memseta.o
       168         18         12          0          0         80   mktime.o
      2232         86          0          0          0        528   printfa.o
        28          0          0          0          0         76   strcmp.o
        44          0          0          0          0         80   uidiv.o
        98          0          0          0          0         92   uldiv.o
        48          0          0          0          0         68   cdrcmple.o
       334          0          0          0          0        148   dadd.o
       222          0          0          0          0        100   ddiv.o
       186          0          0          0          0        176   depilogue.o
        50          0          0          0          0         76   dfixui.o
        48          0          0          0          0         68   dfixul.o
        34          0          0          0          0         76   dflti.o
       228          0          0          0          0         96   dmul.o
        46          0          0          0          0         80   dscalb.o
       162          0          0          0          0        100   dsqrt.o
        38          0          0          0          0         68   f2d.o
       176          0          0          0          0        140   fadd.o
       124          0          0          0          0         88   fdiv.o
       110          0          0          0          0        168   fepilogue.o
        10          0          0          0          0         68   ffltui.o
       100          0          0          0          0         76   fmul.o

    ----------------------------------------------------------------------
      7840        338        172          4         48       4112   Library Totals
         8          0          4          0          4          0   (incl. Padding)

    ----------------------------------------------------------------------

      Code (inc. data)   RO Data    RW Data    ZI Data      Debug   Library Name

      2868        200        144          0          0        912   m_ws.l
      3048        138         24          4         44       1604   mc_w.l
      1916          0          0          0          0       1596   mf_w.l

    ----------------------------------------------------------------------
      7840        338        172          4         48       4112   Library Totals

    ----------------------------------------------------------------------

==============================================================================


      Code (inc. data)   RO Data    RW Data    ZI Data      Debug   

     16336        966       2668        148       4404     368924   Grand Totals
     16336        966       2668        148       4404     368924   ELF Image Totals
     16336        966       2668        148          0          0   ROM Totals

==============================================================================

    Total RO  Size (Code + RO Data)                19004 (  18.56kB)
    Total RW  Size (RW Data + ZI Data)              4552 (   4.45kB)
    Total ROM Size (Code + RO Data + RW Data)      19152 (  18.70kB)

==============================================================================

